{"level":"debug","message":"Marketplace service started","module":"marketplace","timestamp":"2026-09-08T16:53:21.106Z"}
{"level":"debug","message":"Call service started","module":"calls","timestamp":"2026-09-08T16:53:21.108Z"}
{"level":"debug","message":"Player Service started","module":"player","timestamp":"2026-09-08T16:53:21.108Z"}
{"level":"info","message":"Loading QBX bridge....","timestamp":"2026-09-08T16:53:21.108Z"}
{"level":"info","message":"QBX bridge initialized","timestamp":"2026-09-08T16:53:21.108Z"}
{"level":"debug","message":"Boot service started","module":"boot","timestamp":"2026-09-08T16:53:21.108Z"}
{"level":"debug","message":"Messages service started","module":"messages","timestamp":"2026-09-08T16:53:21.109Z"}
{"level":"debug","message":"Notes service started","module":"notes","timestamp":"2026-09-08T16:53:21.109Z"}
{"level":"debug","message":"Contacts service started","module":"contact","timestamp":"2026-09-08T16:53:21.109Z"}
{"level":"debug","message":"Photo service started","module":"photo","timestamp":"2026-09-08T16:53:21.119Z"}
{"level":"debug","message":"Twitter service started","module":"twitter","timestamp":"2026-09-08T16:53:21.119Z"}
{"level":"debug","message":"Match service started","module":"match","timestamp":"2026-09-08T16:53:21.120Z"}
{"level":"debug","message":"Beginning database schema validation","module":"boot","timestamp":"2026-09-08T16:53:22.070Z"}
{"level":"info","message":"Successfully started","timestamp":"2026-09-08T16:53:22.082Z"}
{"level":"info","message":"Executed query (SELECT COUNT(*) as count\n                       FROM information_schema.tables\n                       WHERE table_schema = ?\n                         AND table_name = ? [\"Qbox_A03CB0\",\"players\"]) in 43.8621ms'","module":"DBInterface","timestamp":"2026-09-08T16:53:22.115Z"}
{"level":"info","message":"Executed query (SHOW COLUMNS IN players []) in 122.9607ms'","module":"DBInterface","timestamp":"2026-09-08T16:53:22.238Z"}
{"level":"debug","message":"Database schema successfully validated","module":"boot","timestamp":"2026-09-08T16:53:22.239Z"}
{"level":"info","message":"New NPWD Player added through event (1) (N68429HO)","module":"player","timestamp":"2026-09-08T16:55:31.350Z"}
{"level":"debug","message":{"_firstname":"Ben","_identifier":"N68429HO","_lastname":"Dover","_phoneNumber":"8946606402","source":1,"username":"NotAGirl"},"module":"player","timestamp":"2026-09-08T16:55:31.350Z"}
{"level":"info","message":"New NPWD Player added through event (1) (N68429HO)","module":"player","timestamp":"2026-09-08T16:55:31.367Z"}
{"level":"debug","message":{"_firstname":"Ben","_identifier":"N68429HO","_lastname":"Dover","_phoneNumber":"8946606402","source":1,"username":"NotAGirl"},"module":"player","timestamp":"2026-09-08T16:55:31.367Z"}
{"level":"silly","message":"netPromise > npwd:fetchTweets > RequestObj","module":"events","timestamp":"2026-09-08T16:55:31.458Z"}
{"level":"silly","message":{"data":{"pageId":0},"source":1},"module":"events","timestamp":"2026-09-08T16:55:31.458Z"}
{"level":"info","message":"Executed query (\n        SELECT *\n        FROM npwd_twitter_profiles\n        WHERE identifier = ?\n        LIMIT 1\n\t\t [\"N68429HO\"]) in 15.7674ms'","module":"DBInterface","timestamp":"2026-09-08T16:55:31.474Z"}
{"level":"warn","message":"Aborted fetching tweets for user N68429HO because they do not have a profile.","module":"twitter","timestamp":"2026-09-08T16:55:31.474Z"}
{"level":"silly","message":"Response Promise Event npwd:fetchTweets:78cd9eef-708e-46e7-8aa0-5ad79d814c12 (16.6637ms), Data >>","module":"events","timestamp":"2026-09-08T16:55:31.474Z"}
{"level":"silly","message":{"data":[],"status":"ok"},"module":"events","timestamp":"2026-09-08T16:55:31.474Z"}
{"level":"silly","message":"netPromise > npwd:getOrCreateTwitterProfile > RequestObj","module":"events","timestamp":"2026-09-08T16:55:31.552Z"}
{"level":"silly","message":{"data":null,"source":1},"module":"events","timestamp":"2026-09-08T16:55:31.552Z"}
{"level":"silly","message":"netPromise > phone:getMyProfile > RequestObj","module":"events","timestamp":"2026-09-08T16:55:31.553Z"}
{"level":"silly","message":{"data":null,"source":1},"module":"events","timestamp":"2026-09-08T16:55:31.553Z"}
{"level":"info","message":"Executed query (\n        SELECT *\n        FROM npwd_twitter_profiles\n        WHERE identifier = ?\n        LIMIT 1\n\t\t [\"N68429HO\"]) in 4.6006ms'","module":"DBInterface","timestamp":"2026-09-08T16:55:31.557Z"}
{"level":"info","message":"Creating default Twitter profile Ben_Dover for N68429HO","module":"twitter","timestamp":"2026-09-08T16:55:31.558Z"}
{"level":"silly","message":"netPromise > npwd:fetchMessageGroups > RequestObj","module":"events","timestamp":"2026-09-08T16:55:31.568Z"}
{"level":"silly","message":{"data":null,"source":1},"module":"events","timestamp":"2026-09-08T16:55:31.568Z"}
{"level":"silly","message":"netPromise > npwd-contact-getAll > RequestObj","module":"events","timestamp":"2026-09-08T16:55:31.570Z"}
{"level":"silly","message":{"data":null,"source":1},"module":"events","timestamp":"2026-09-08T16:55:31.570Z"}
{"level":"info","message":"Executed query (\n        SELECT *\n        FROM npwd_twitter_profiles\n        WHERE identifier = ?\n        LIMIT 1\n\t\t [\"N68429HO\"]) in 2.7141ms'","module":"DBInterface","timestamp":"2026-09-08T16:55:31.586Z"}
{"level":"silly","message":"Response Promise Event npwd:getOrCreateTwitterProfile:30f664a1-7147-41d0-b6ba-c7f82014354b (34.1939ms), Data >>","module":"events","timestamp":"2026-09-08T16:55:31.586Z"}
{"level":"info","message":"Executed query (\n        SELECT *,\n               UNIX_TIMESTAMP(updatedAt) AS lastActive\n        FROM npwd_match_profiles\n        WHERE identifier = ?\n        LIMIT 1\n\t\t [\"N68429HO\"]) in 36.4897ms'","module":"DBInterface","timestamp":"2026-09-08T16:55:31.590Z"}
{"level":"silly","message":{"data":{"avatar_url":"https://i.fivemanage.com/images/3ClWwmpwkFhL.png","createdAt":"2026-09-08T16:55:31.000Z","id":1,"identifier":"N68429HO","profile_name":"Ben_Dover","updatedAt":"2026-09-08T16:55:31.000Z"},"status":"ok"},"module":"events","timestamp":"2026-09-08T16:55:31.586Z"}
{"level":"info","message":"Creating default match profile Ben Dover for N68429HO","module":"match","timestamp":"2026-09-08T16:55:31.590Z"}
{"level":"info","message":"Executed query (SELECT * FROM npwd_phone_contacts WHERE identifier = ? ORDER BY display ASC [\"N68429HO\"]) in 43.189ms'","module":"DBInterface","timestamp":"2026-09-08T16:55:31.613Z"}
{"level":"silly","message":"Response Promise Event npwd-contact-getAll:b683bf99-4d1d-445f-ad73-0bd8c511120e (43.8108ms), Data >>","module":"events","timestamp":"2026-09-08T16:55:31.614Z"}
{"level":"info","message":"Executed query (SELECT npwd_messages_conversations.id,\n                          npwd_messages_conversations.conversation_list         as conversationList,\n                          npwd_messages_participants.unread_count               as unreadCount,\n                          npwd_messages_conversations.is_group_chat             as isGroupChat,\n                          npwd_messages_conversations.label,\n                          UNIX_TIMESTAMP(npwd_messages_conversations.updatedAt) as updatedAt,\n                          npwd_messages_participants.participant\n                   FROM npwd_messages_conversations\n                            INNER JOIN npwd_messages_participants\n                                       on npwd_messages_conversations.id = npwd_messages_participants.conversation_id\n                   WHERE npwd_messages_participants.participant = ? [\"8946606402\"]) in 45.4399ms'","module":"DBInterface","timestamp":"2026-09-08T16:55:31.614Z"}
{"level":"silly","message":{"data":[],"status":"ok"},"module":"events","timestamp":"2026-09-08T16:55:31.614Z"}
{"level":"silly","message":"Response Promise Event npwd:fetchMessageGroups:0d024f21-ef4f-4efd-afb1-278f51fdc7e6 (46.1761ms), Data >>","module":"events","timestamp":"2026-09-08T16:55:31.614Z"}
{"level":"silly","message":{"data":[],"status":"ok"},"module":"events","timestamp":"2026-09-08T16:55:31.614Z"}
{"level":"info","message":"Executed query (\n        SELECT *,\n               UNIX_TIMESTAMP(updatedAt) AS lastActive\n        FROM npwd_match_profiles\n        WHERE identifier = ?\n        LIMIT 1\n\t\t [\"N68429HO\"]) in 1.0978ms'","module":"DBInterface","timestamp":"2026-09-08T16:55:31.616Z"}
{"level":"silly","message":"Response Promise Event phone:getMyProfile:f41e7518-45e0-4e09-b32a-ab72c1e1d006 (63.7519ms), Data >>","module":"events","timestamp":"2026-09-08T16:55:31.617Z"}
{"level":"silly","message":{"data":{"bio":"","createdAt":"2026-09-08T16:55:31.000Z","id":1,"identifier":"N68429HO","image":"https://upload.wikimedia.org/wikipedia/commons/a/ac/No_image_available.svg","job":"","lastActive":1788886531,"lastActiveFormatted":"Tue, 08 Sep 2026 16:55:31 GMT","location":"","name":"Ben Dover","tagList":[],"tags":"","updatedAt":"2026-09-08T16:55:31.000Z","viewed":false,"voiceMessage":null},"status":"ok"},"module":"events","timestamp":"2026-09-08T16:55:31.617Z"}
{"level":"info","message":"Executed query (SELECT id FROM npwd_marketplace_listings WHERE identifier = ? [\"N68429HO\"]) in 9.5959ms'","module":"DBInterface","timestamp":"2026-09-08T17:03:40.499Z"}
{"level":"info","message":"Executed query (DELETE FROM npwd_marketplace_listings WHERE identifier = ? AND reported = 0 [\"N68429HO\"]) in 15.8906ms'","module":"DBInterface","timestamp":"2026-09-08T17:03:40.516Z"}
{"level":"info","message":"Unloaded NPWD Player, source: (1)","module":"player","timestamp":"2026-09-08T17:03:40.516Z"}
{"level":"debug","message":"Marketplace service started","module":"marketplace","timestamp":"2026-09-08T17:12:20.776Z"}
{"level":"debug","message":"Call service started","module":"calls","timestamp":"2026-09-08T17:12:20.779Z"}
{"level":"debug","message":"Player Service started","module":"player","timestamp":"2026-09-08T17:12:20.779Z"}
{"level":"info","message":"Loading QBX bridge....","timestamp":"2026-09-08T17:12:20.779Z"}
{"level":"info","message":"QBX bridge initialized","timestamp":"2026-09-08T17:12:20.779Z"}
{"level":"debug","message":"Boot service started","module":"boot","timestamp":"2026-09-08T17:12:20.780Z"}
{"level":"debug","message":"Messages service started","module":"messages","timestamp":"2026-09-08T17:12:20.780Z"}
{"level":"debug","message":"Notes service started","module":"notes","timestamp":"2026-09-08T17:12:20.780Z"}
{"level":"debug","message":"Contacts service started","module":"contact","timestamp":"2026-09-08T17:12:20.780Z"}
{"level":"debug","message":"Photo service started","module":"photo","timestamp":"2026-09-08T17:12:20.789Z"}
{"level":"debug","message":"Twitter service started","module":"twitter","timestamp":"2026-09-08T17:12:20.790Z"}
{"level":"debug","message":"Match service started","module":"match","timestamp":"2026-09-08T17:12:20.790Z"}
{"level":"debug","message":"Beginning database schema validation","module":"boot","timestamp":"2026-09-08T17:12:22.060Z"}
{"level":"info","message":"Successfully started","timestamp":"2026-09-08T17:12:22.072Z"}
{"level":"info","message":"Executed query (SELECT COUNT(*) as count\n                       FROM information_schema.tables\n                       WHERE table_schema = ?\n                         AND table_name = ? [\"Qbox_A03CB0\",\"players\"]) in 62.6616ms'","module":"DBInterface","timestamp":"2026-09-08T17:12:22.123Z"}
{"level":"info","message":"Executed query (SHOW COLUMNS IN players []) in 27.8288ms'","module":"DBInterface","timestamp":"2026-09-08T17:12:22.151Z"}
{"level":"debug","message":"Database schema successfully validated","module":"boot","timestamp":"2026-09-08T17:12:22.152Z"}
{"level":"info","message":"New NPWD Player added through event (1) (N68429HO)","module":"player","timestamp":"2026-09-08T17:14:15.235Z"}
{"level":"debug","message":{"_firstname":"Ben","_identifier":"N68429HO","_lastname":"Dover","_phoneNumber":"8946606402","source":1,"username":"NotAGirl"},"module":"player","timestamp":"2026-09-08T17:14:15.235Z"}
{"level":"info","message":"New NPWD Player added through event (1) (N68429HO)","module":"player","timestamp":"2026-09-08T17:14:15.255Z"}
{"level":"debug","message":{"_firstname":"Ben","_identifier":"N68429HO","_lastname":"Dover","_phoneNumber":"8946606402","source":1,"username":"NotAGirl"},"module":"player","timestamp":"2026-09-08T17:14:15.255Z"}
{"level":"silly","message":"netPromise > npwd:fetchTweets > RequestObj","module":"events","timestamp":"2026-09-08T17:14:15.297Z"}
{"level":"silly","message":{"data":{"pageId":0},"source":1},"module":"events","timestamp":"2026-09-08T17:14:15.297Z"}
{"level":"info","message":"Executed query (\n        SELECT *\n        FROM npwd_twitter_profiles\n        WHERE identifier = ?\n        LIMIT 1\n\t\t [\"N68429HO\"]) in 16.4397ms'","module":"DBInterface","timestamp":"2026-09-08T17:14:15.314Z"}
{"level":"info","message":"Executed query (\n        SELECT \n  npwd_twitter_tweets.id,\n  npwd_twitter_tweets.identifier,\n  npwd_twitter_profiles.id AS profile_id,\n  npwd_twitter_profiles.profile_name,\n  npwd_twitter_profiles.avatar_url,\n  npwd_twitter_tweets.likes,\n  npwd_twitter_tweets.visible,\n  IFNULL(COALESCE(retweets.message, npwd_twitter_tweets.message), '') AS message,\n  IFNULL(COALESCE(retweets.images, npwd_twitter_tweets.images), '') AS images,\n  npwd_twitter_tweets.retweet IS NOT NULL AS isRetweet,\n  retweets.id AS retweetId,\n  retweets_profiles.profile_name AS retweetProfileName,\n  retweets_profiles.avatar_url AS retweetAvatarUrl,\n  npwd_twitter_likes.id IS NOT NULL AS isLiked,\n  npwd_twitter_reports.id IS NOT NULL AS isReported,\n  npwd_twitter_tweets.createdAt,\n  npwd_twitter_tweets.updatedAt,\n  TIME_TO_SEC(TIMEDIFF( NOW(), npwd_twitter_tweets.createdAt)) AS seconds_since_tweet\n\n        FROM npwd_twitter_tweets\n                 LEFT OUTER JOIN npwd_twitter_profiles\n                                 ON npwd_twitter_tweets.identifier = npwd_twitter_profiles.identifier\n                 LEFT OUTER JOIN npwd_twitter_likes ON npwd_twitter_tweets.id = npwd_twitter_likes.tweet_id AND\n                                                       npwd_twitter_likes.profile_id = ?\n                 LEFT OUTER JOIN npwd_twitter_reports ON npwd_twitter_tweets.id = npwd_twitter_reports.tweet_id AND\n                                                         npwd_twitter_reports.profile_id = ?\n                 LEFT OUTER JOIN npwd_twitter_tweets AS retweets ON retweets.id = npwd_twitter_tweets.retweet\n                 LEFT OUTER JOIN npwd_twitter_profiles AS retweets_profiles\n                                 ON retweets.identifier = retweets_profiles.identifier\n        WHERE npwd_twitter_tweets.visible = 1\n        ORDER BY id DESC\n        LIMIT ? OFFSET ?\n\t\t [1,1,\"25\",\"0\"]) in 28.7942ms'","module":"DBInterface","timestamp":"2026-09-08T17:14:15.343Z"}
{"level":"silly","message":"Response Promise Event npwd:fetchTweets:18c5491a-8de4-4fa9-8dae-206f70fc9196 (46.548ms), Data >>","module":"events","timestamp":"2026-09-08T17:14:15.344Z"}
{"level":"silly","message":{"data":[],"status":"ok"},"module":"events","timestamp":"2026-09-08T17:14:15.344Z"}
{"level":"silly","message":"netPromise > npwd:getOrCreateTwitterProfile > RequestObj","module":"events","timestamp":"2026-09-08T17:14:15.405Z"}
{"level":"silly","message":{"data":null,"source":1},"module":"events","timestamp":"2026-09-08T17:14:15.405Z"}
{"level":"silly","message":"netPromise > phone:getMyProfile > RequestObj","module":"events","timestamp":"2026-09-08T17:14:15.405Z"}
{"level":"silly","message":{"data":null,"source":1},"module":"events","timestamp":"2026-09-08T17:14:15.405Z"}
{"level":"silly","message":"netPromise > npwd:fetchMessageGroups > RequestObj","module":"events","timestamp":"2026-09-08T17:14:15.406Z"}
{"level":"silly","message":{"data":null,"source":1},"module":"events","timestamp":"2026-09-08T17:14:15.406Z"}
{"level":"silly","message":"netPromise > npwd-contact-getAll > RequestObj","module":"events","timestamp":"2026-09-08T17:14:15.409Z"}
{"level":"silly","message":{"data":null,"source":1},"module":"events","timestamp":"2026-09-08T17:14:15.409Z"}
{"level":"info","message":"Executed query (\n        SELECT *\n        FROM npwd_twitter_profiles\n        WHERE identifier = ?\n        LIMIT 1\n\t\t [\"N68429HO\"]) in 30.9684ms'","module":"DBInterface","timestamp":"2026-09-08T17:14:15.436Z"}
{"level":"silly","message":"Response Promise Event npwd:getOrCreateTwitterProfile:b469e232-14ed-4eb9-8b90-dafd33a1ded6 (32.0036ms), Data >>","module":"events","timestamp":"2026-09-08T17:14:15.437Z"}
{"level":"silly","message":{"data":{"avatar_url":"https://i.fivemanage.com/images/3ClWwmpwkFhL.png","createdAt":"2026-09-08T16:55:31.000Z","id":1,"identifier":"N68429HO","profile_name":"Ben_Dover","updatedAt":"2026-09-08T16:55:31.000Z"},"status":"ok"},"module":"events","timestamp":"2026-09-08T17:14:15.437Z"}
{"level":"info","message":"Executed query (\n        SELECT *,\n               UNIX_TIMESTAMP(updatedAt) AS lastActive\n        FROM npwd_match_profiles\n        WHERE identifier = ?\n        LIMIT 1\n\t\t [\"N68429HO\"]) in 46.9941ms'","module":"DBInterface","timestamp":"2026-09-08T17:14:15.453Z"}
{"level":"silly","message":"Response Promise Event phone:getMyProfile:b267bf5c-e3dd-4643-8f53-afd6e620e916 (48.5186ms), Data >>","module":"events","timestamp":"2026-09-08T17:14:15.454Z"}
{"level":"info","message":"Executed query (SELECT npwd_messages_conversations.id,\n                          npwd_messages_conversations.conversation_list         as conversationList,\n                          npwd_messages_participants.unread_count               as unreadCount,\n                          npwd_messages_conversations.is_group_chat             as isGroupChat,\n                          npwd_messages_conversations.label,\n                          UNIX_TIMESTAMP(npwd_messages_conversations.updatedAt) as updatedAt,\n                          npwd_messages_participants.participant\n                   FROM npwd_messages_conversations\n                            INNER JOIN npwd_messages_participants\n                                       on npwd_messages_conversations.id = npwd_messages_participants.conversation_id\n                   WHERE npwd_messages_participants.participant = ? [\"8946606402\"]) in 48.3318ms'","module":"DBInterface","timestamp":"2026-09-08T17:14:15.455Z"}
{"level":"info","message":"Executed query (SELECT * FROM npwd_phone_contacts WHERE identifier = ? ORDER BY display ASC [\"N68429HO\"]) in 57.9167ms'","module":"DBInterface","timestamp":"2026-09-08T17:14:15.467Z"}
{"level":"silly","message":{"data":{"bio":"","createdAt":"2026-09-08T16:55:31.000Z","id":1,"identifier":"N68429HO","image":"https://upload.wikimedia.org/wikipedia/commons/a/ac/No_image_available.svg","job":"","lastActive":1788886531,"lastActiveFormatted":"Tue, 08 Sep 2026 16:55:31 GMT","location":"","name":"Ben Dover","tagList":[],"tags":"","updatedAt":"2026-09-08T16:55:31.000Z","viewed":false,"voiceMessage":null},"status":"ok"},"module":"events","timestamp":"2026-09-08T17:14:15.454Z"}
{"level":"silly","message":"Response Promise Event npwd:fetchMessageGroups:283cf464-d025-4519-9a91-a7c32824c783 (48.7133ms), Data >>","module":"events","timestamp":"2026-09-08T17:14:15.455Z"}
{"level":"silly","message":{"data":[],"status":"ok"},"module":"events","timestamp":"2026-09-08T17:14:15.455Z"}
{"level":"silly","message":"Response Promise Event npwd-contact-getAll:5af1bb15-839c-4eff-a41b-40c39e37ce22 (58.5858ms), Data >>","module":"events","timestamp":"2026-09-08T17:14:15.467Z"}
{"level":"silly","message":{"data":[],"status":"ok"},"module":"events","timestamp":"2026-09-08T17:14:15.467Z"}
{"level":"info","message":"Executed query (SELECT id FROM npwd_marketplace_listings WHERE identifier = ? [\"N68429HO\"]) in 10.8727ms'","module":"DBInterface","timestamp":"2026-09-08T17:18:26.052Z"}
{"level":"info","message":"Executed query (DELETE FROM npwd_marketplace_listings WHERE identifier = ? AND reported = 0 [\"N68429HO\"]) in 15.6282ms'","module":"DBInterface","timestamp":"2026-09-08T17:18:26.068Z"}
{"level":"info","message":"Unloaded NPWD Player, source: (1)","module":"player","timestamp":"2026-09-08T17:18:26.068Z"}
{"level":"debug","message":"Marketplace service started","module":"marketplace","timestamp":"2026-09-08T17:18:36.023Z"}
{"level":"debug","message":"Call service started","module":"calls","timestamp":"2026-09-08T17:18:36.025Z"}
{"level":"debug","message":"Player Service started","module":"player","timestamp":"2026-09-08T17:18:36.025Z"}
{"level":"info","message":"Loading QBX bridge....","timestamp":"2026-09-08T17:18:36.025Z"}
{"level":"info","message":"QBX bridge initialized","timestamp":"2026-09-08T17:18:36.025Z"}
{"level":"debug","message":"Boot service started","module":"boot","timestamp":"2026-09-08T17:18:36.026Z"}
{"level":"debug","message":"Messages service started","module":"messages","timestamp":"2026-09-08T17:18:36.026Z"}
{"level":"debug","message":"Notes service started","module":"notes","timestamp":"2026-09-08T17:18:36.026Z"}
{"level":"debug","message":"Contacts service started","module":"contact","timestamp":"2026-09-08T17:18:36.026Z"}
{"level":"debug","message":"Photo service started","module":"photo","timestamp":"2026-09-08T17:18:36.034Z"}
{"level":"debug","message":"Twitter service started","module":"twitter","timestamp":"2026-09-08T17:18:36.035Z"}
{"level":"debug","message":"Match service started","module":"match","timestamp":"2026-09-08T17:18:36.035Z"}
{"level":"debug","message":"Beginning database schema validation","module":"boot","timestamp":"2026-09-08T17:18:37.268Z"}
{"level":"info","message":"Successfully started","timestamp":"2026-09-08T17:18:37.279Z"}
{"level":"info","message":"Executed query (SELECT COUNT(*) as count\n                       FROM information_schema.tables\n                       WHERE table_schema = ?\n                         AND table_name = ? [\"Qbox_A03CB0\",\"players\"]) in 59.643ms'","module":"DBInterface","timestamp":"2026-09-08T17:18:37.328Z"}
{"level":"info","message":"Executed query (SHOW COLUMNS IN players []) in 32.0673ms'","module":"DBInterface","timestamp":"2026-09-08T17:18:37.360Z"}
{"level":"debug","message":"Database schema successfully validated","module":"boot","timestamp":"2026-09-08T17:18:37.360Z"}
{"level":"info","message":"New NPWD Player added through event (1) (N68429HO)","module":"player","timestamp":"2026-09-08T17:20:39.972Z"}
{"level":"debug","message":{"_firstname":"Ben","_identifier":"N68429HO","_lastname":"Dover","_phoneNumber":"8946606402","source":1,"username":"NotAGirl"},"module":"player","timestamp":"2026-09-08T17:20:39.973Z"}
{"level":"info","message":"New NPWD Player added through event (1) (N68429HO)","module":"player","timestamp":"2026-09-08T17:20:39.976Z"}
{"level":"debug","message":{"_firstname":"Ben","_identifier":"N68429HO","_lastname":"Dover","_phoneNumber":"8946606402","source":1,"username":"NotAGirl"},"module":"player","timestamp":"2026-09-08T17:20:39.976Z"}
{"level":"silly","message":"netPromise > npwd:fetchTweets > RequestObj","module":"events","timestamp":"2026-09-08T17:20:40.047Z"}
{"level":"silly","message":{"data":{"pageId":0},"source":1},"module":"events","timestamp":"2026-09-08T17:20:40.047Z"}
{"level":"info","message":"Executed query (\n        SELECT *\n        FROM npwd_twitter_profiles\n        WHERE identifier = ?\n        LIMIT 1\n\t\t [\"N68429HO\"]) in 18.5373ms'","module":"DBInterface","timestamp":"2026-09-08T17:20:40.066Z"}
{"level":"info","message":"Executed query (\n        SELECT \n  npwd_twitter_tweets.id,\n  npwd_twitter_tweets.identifier,\n  npwd_twitter_profiles.id AS profile_id,\n  npwd_twitter_profiles.profile_name,\n  npwd_twitter_profiles.avatar_url,\n  npwd_twitter_tweets.likes,\n  npwd_twitter_tweets.visible,\n  IFNULL(COALESCE(retweets.message, npwd_twitter_tweets.message), '') AS message,\n  IFNULL(COALESCE(retweets.images, npwd_twitter_tweets.images), '') AS images,\n  npwd_twitter_tweets.retweet IS NOT NULL AS isRetweet,\n  retweets.id AS retweetId,\n  retweets_profiles.profile_name AS retweetProfileName,\n  retweets_profiles.avatar_url AS retweetAvatarUrl,\n  npwd_twitter_likes.id IS NOT NULL AS isLiked,\n  npwd_twitter_reports.id IS NOT NULL AS isReported,\n  npwd_twitter_tweets.createdAt,\n  npwd_twitter_tweets.updatedAt,\n  TIME_TO_SEC(TIMEDIFF( NOW(), npwd_twitter_tweets.createdAt)) AS seconds_since_tweet\n\n        FROM npwd_twitter_tweets\n                 LEFT OUTER JOIN npwd_twitter_profiles\n                                 ON npwd_twitter_tweets.identifier = npwd_twitter_profiles.identifier\n                 LEFT OUTER JOIN npwd_twitter_likes ON npwd_twitter_tweets.id = npwd_twitter_likes.tweet_id AND\n                                                       npwd_twitter_likes.profile_id = ?\n                 LEFT OUTER JOIN npwd_twitter_reports ON npwd_twitter_tweets.id = npwd_twitter_reports.tweet_id AND\n                                                         npwd_twitter_reports.profile_id = ?\n                 LEFT OUTER JOIN npwd_twitter_tweets AS retweets ON retweets.id = npwd_twitter_tweets.retweet\n                 LEFT OUTER JOIN npwd_twitter_profiles AS retweets_profiles\n                                 ON retweets.identifier = retweets_profiles.identifier\n        WHERE npwd_twitter_tweets.visible = 1\n        ORDER BY id DESC\n        LIMIT ? OFFSET ?\n\t\t [1,1,\"25\",\"0\"]) in 26.3011ms'","module":"DBInterface","timestamp":"2026-09-08T17:20:40.093Z"}
{"level":"silly","message":"Response Promise Event npwd:fetchTweets:b4ad660b-3fe2-4f68-8d3f-2214b8963dc0 (46.452ms), Data >>","module":"events","timestamp":"2026-09-08T17:20:40.093Z"}
{"level":"silly","message":{"data":[],"status":"ok"},"module":"events","timestamp":"2026-09-08T17:20:40.093Z"}
{"level":"silly","message":"netPromise > npwd:getOrCreateTwitterProfile > RequestObj","module":"events","timestamp":"2026-09-08T17:20:40.143Z"}
{"level":"silly","message":{"data":null,"source":1},"module":"events","timestamp":"2026-09-08T17:20:40.143Z"}
{"level":"silly","message":"netPromise > phone:getMyProfile > RequestObj","module":"events","timestamp":"2026-09-08T17:20:40.144Z"}
{"level":"silly","message":{"data":null,"source":1},"module":"events","timestamp":"2026-09-08T17:20:40.144Z"}
{"level":"info","message":"Executed query (\n        SELECT *\n        FROM npwd_twitter_profiles\n        WHERE identifier = ?\n        LIMIT 1\n\t\t [\"N68429HO\"]) in 7.2229ms'","module":"DBInterface","timestamp":"2026-09-08T17:20:40.151Z"}
{"level":"silly","message":"Response Promise Event npwd:getOrCreateTwitterProfile:67952c22-ddb7-428a-91ed-4dbe264ae99b (8.4747ms), Data >>","module":"events","timestamp":"2026-09-08T17:20:40.152Z"}
{"level":"silly","message":{"data":{"avatar_url":"https://i.fivemanage.com/images/3ClWwmpwkFhL.png","createdAt":"2026-09-08T16:55:31.000Z","id":1,"identifier":"N68429HO","profile_name":"Ben_Dover","updatedAt":"2026-09-08T16:55:31.000Z"},"status":"ok"},"module":"events","timestamp":"2026-09-08T17:20:40.152Z"}
{"level":"silly","message":"netPromise > npwd:fetchMessageGroups > RequestObj","module":"events","timestamp":"2026-09-08T17:20:40.155Z"}
{"level":"silly","message":{"data":null,"source":1},"module":"events","timestamp":"2026-09-08T17:20:40.156Z"}
{"level":"silly","message":"netPromise > npwd-contact-getAll > RequestObj","module":"events","timestamp":"2026-09-08T17:20:40.156Z"}
{"level":"silly","message":{"data":null,"source":1},"module":"events","timestamp":"2026-09-08T17:20:40.156Z"}
{"level":"info","message":"Executed query (SELECT npwd_messages_conversations.id,\n                          npwd_messages_conversations.conversation_list         as conversationList,\n                          npwd_messages_participants.unread_count               as unreadCount,\n                          npwd_messages_conversations.is_group_chat             as isGroupChat,\n                          npwd_messages_conversations.label,\n                          UNIX_TIMESTAMP(npwd_messages_conversations.updatedAt) as updatedAt,\n                          npwd_messages_participants.participant\n                   FROM npwd_messages_conversations\n                            INNER JOIN npwd_messages_participants\n                                       on npwd_messages_conversations.id = npwd_messages_participants.conversation_id\n                   WHERE npwd_messages_participants.participant = ? [\"8946606402\"]) in 22.4924ms'","module":"DBInterface","timestamp":"2026-09-08T17:20:40.179Z"}
{"level":"silly","message":"Response Promise Event npwd:fetchMessageGroups:2b8e5778-80c2-4314-a619-083f1a020d99 (23.4109ms), Data >>","module":"events","timestamp":"2026-09-08T17:20:40.179Z"}
{"level":"silly","message":{"data":[],"status":"ok"},"module":"events","timestamp":"2026-09-08T17:20:40.179Z"}
{"level":"info","message":"Executed query (\n        SELECT *,\n               UNIX_TIMESTAMP(updatedAt) AS lastActive\n        FROM npwd_match_profiles\n        WHERE identifier = ?\n        LIMIT 1\n\t\t [\"N68429HO\"]) in 42.7406ms'","module":"DBInterface","timestamp":"2026-09-08T17:20:40.187Z"}
{"level":"silly","message":"Response Promise Event phone:getMyProfile:5edf8b72-2dd0-4143-bd8d-736f34563bf4 (44.7372ms), Data >>","module":"events","timestamp":"2026-09-08T17:20:40.188Z"}
{"level":"silly","message":{"data":{"bio":"","createdAt":"2026-09-08T16:55:31.000Z","id":1,"identifier":"N68429HO","image":"https://upload.wikimedia.org/wikipedia/commons/a/ac/No_image_available.svg","job":"","lastActive":1788886531,"lastActiveFormatted":"Tue, 08 Sep 2026 16:55:31 GMT","location":"","name":"Ben Dover","tagList":[],"tags":"","updatedAt":"2026-09-08T16:55:31.000Z","viewed":false,"voiceMessage":null},"status":"ok"},"module":"events","timestamp":"2026-09-08T17:20:40.189Z"}
{"level":"info","message":"Executed query (SELECT * FROM npwd_phone_contacts WHERE identifier = ? ORDER BY display ASC [\"N68429HO\"]) in 45.7694ms'","module":"DBInterface","timestamp":"2026-09-08T17:20:40.202Z"}
{"level":"silly","message":"Response Promise Event npwd-contact-getAll:f4a32352-ebfd-4c6e-bf51-dc8a9d49f57f (46.5978ms), Data >>","module":"events","timestamp":"2026-09-08T17:20:40.203Z"}
{"level":"silly","message":{"data":[],"status":"ok"},"module":"events","timestamp":"2026-09-08T17:20:40.203Z"}
{"level":"info","message":"Executed query (SELECT id FROM npwd_marketplace_listings WHERE identifier = ? [\"N68429HO\"]) in 14.9253ms'","module":"DBInterface","timestamp":"2026-09-08T17:23:40.659Z"}
{"level":"info","message":"Executed query (DELETE FROM npwd_marketplace_listings WHERE identifier = ? AND reported = 0 [\"N68429HO\"]) in 15.678ms'","module":"DBInterface","timestamp":"2026-09-08T17:23:40.675Z"}
{"level":"info","message":"Unloaded NPWD Player, source: (1)","module":"player","timestamp":"2026-09-08T17:23:40.675Z"}
{"level":"debug","message":"Marketplace service started","module":"marketplace","timestamp":"2026-09-08T17:41:25.917Z"}
{"level":"debug","message":"Call service started","module":"calls","timestamp":"2026-09-08T17:41:25.919Z"}
{"level":"debug","message":"Player Service started","module":"player","timestamp":"2026-09-08T17:41:25.919Z"}
{"level":"info","message":"Loading QBX bridge....","timestamp":"2026-09-08T17:41:25.919Z"}
{"level":"info","message":"QBX bridge initialized","timestamp":"2026-09-08T17:41:25.919Z"}
{"level":"debug","message":"Boot service started","module":"boot","timestamp":"2026-09-08T17:41:25.920Z"}
{"level":"debug","message":"Messages service started","module":"messages","timestamp":"2026-09-08T17:41:25.920Z"}
{"level":"debug","message":"Notes service started","module":"notes","timestamp":"2026-09-08T17:41:25.920Z"}
{"level":"debug","message":"Contacts service started","module":"contact","timestamp":"2026-09-08T17:41:25.920Z"}
{"level":"debug","message":"Photo service started","module":"photo","timestamp":"2026-09-08T17:41:25.929Z"}
{"level":"debug","message":"Twitter service started","module":"twitter","timestamp":"2026-09-08T17:41:25.930Z"}
{"level":"debug","message":"Match service started","module":"match","timestamp":"2026-09-08T17:41:25.930Z"}
{"level":"debug","message":"Beginning database schema validation","module":"boot","timestamp":"2026-09-08T17:41:27.193Z"}
{"level":"info","message":"Successfully started","timestamp":"2026-09-08T17:41:27.203Z"}
{"level":"info","message":"Executed query (SELECT COUNT(*) as count\n                       FROM information_schema.tables\n                       WHERE table_schema = ?\n                         AND table_name = ? [\"Qbox_A03CB0\",\"players\"]) in 38.8851ms'","module":"DBInterface","timestamp":"2026-09-08T17:41:27.233Z"}
{"level":"info","message":"Executed query (SHOW COLUMNS IN players []) in 24.3446ms'","module":"DBInterface","timestamp":"2026-09-08T17:41:27.257Z"}
{"level":"debug","message":"Database schema successfully validated","module":"boot","timestamp":"2026-09-08T17:41:27.257Z"}
{"level":"debug","message":"Marketplace service started","module":"marketplace","timestamp":"2026-09-08T17:44:09.098Z"}
{"level":"debug","message":"Call service started","module":"calls","timestamp":"2026-09-08T17:44:09.100Z"}
{"level":"debug","message":"Player Service started","module":"player","timestamp":"2026-09-08T17:44:09.100Z"}
{"level":"info","message":"Loading QBX bridge....","timestamp":"2026-09-08T17:44:09.100Z"}
{"level":"info","message":"QBX bridge initialized","timestamp":"2026-09-08T17:44:09.100Z"}
{"level":"debug","message":"Boot service started","module":"boot","timestamp":"2026-09-08T17:44:09.101Z"}
{"level":"debug","message":"Messages service started","module":"messages","timestamp":"2026-09-08T17:44:09.101Z"}
{"level":"debug","message":"Notes service started","module":"notes","timestamp":"2026-09-08T17:44:09.101Z"}
{"level":"debug","message":"Contacts service started","module":"contact","timestamp":"2026-09-08T17:44:09.101Z"}
{"level":"debug","message":"Photo service started","module":"photo","timestamp":"2026-09-08T17:44:09.109Z"}
{"level":"debug","message":"Twitter service started","module":"twitter","timestamp":"2026-09-08T17:44:09.109Z"}
{"level":"debug","message":"Match service started","module":"match","timestamp":"2026-09-08T17:44:09.110Z"}
{"level":"debug","message":"Beginning database schema validation","module":"boot","timestamp":"2026-09-08T17:44:10.537Z"}
{"level":"info","message":"Successfully started","timestamp":"2026-09-08T17:44:10.548Z"}
{"level":"info","message":"Executed query (SELECT COUNT(*) as count\n                       FROM information_schema.tables\n                       WHERE table_schema = ?\n                         AND table_name = ? [\"Qbox_A03CB0\",\"players\"]) in 57.645ms'","module":"DBInterface","timestamp":"2026-09-08T17:44:10.595Z"}
{"level":"info","message":"Executed query (SHOW COLUMNS IN players []) in 29.9521ms'","module":"DBInterface","timestamp":"2026-09-08T17:44:10.625Z"}
{"level":"debug","message":"Database schema successfully validated","module":"boot","timestamp":"2026-09-08T17:44:10.625Z"}
{"level":"info","message":"New NPWD Player added through event (1) (N68429HO)","module":"player","timestamp":"2026-09-08T17:46:56.864Z"}
{"level":"debug","message":{"_firstname":"Ben","_identifier":"N68429HO","_lastname":"Dover","_phoneNumber":"8946606402","source":1,"username":"NotAGirl"},"module":"player","timestamp":"2026-09-08T17:46:56.864Z"}
{"level":"info","message":"New NPWD Player added through event (1) (N68429HO)","module":"player","timestamp":"2026-09-08T17:46:56.876Z"}
{"level":"debug","message":{"_firstname":"Ben","_identifier":"N68429HO","_lastname":"Dover","_phoneNumber":"8946606402","source":1,"username":"NotAGirl"},"module":"player","timestamp":"2026-09-08T17:46:56.876Z"}
{"level":"silly","message":"netPromise > npwd:fetchTweets > RequestObj","module":"events","timestamp":"2026-09-08T17:46:56.954Z"}
{"level":"silly","message":{"data":{"pageId":0},"source":1},"module":"events","timestamp":"2026-09-08T17:46:56.954Z"}
{"level":"info","message":"Executed query (\n        SELECT *\n        FROM npwd_twitter_profiles\n        WHERE identifier = ?\n        LIMIT 1\n\t\t [\"N68429HO\"]) in 32.0925ms'","module":"DBInterface","timestamp":"2026-09-08T17:46:56.986Z"}
{"level":"info","message":"Executed query (\n        SELECT \n  npwd_twitter_tweets.id,\n  npwd_twitter_tweets.identifier,\n  npwd_twitter_profiles.id AS profile_id,\n  npwd_twitter_profiles.profile_name,\n  npwd_twitter_profiles.avatar_url,\n  npwd_twitter_tweets.likes,\n  npwd_twitter_tweets.visible,\n  IFNULL(COALESCE(retweets.message, npwd_twitter_tweets.message), '') AS message,\n  IFNULL(COALESCE(retweets.images, npwd_twitter_tweets.images), '') AS images,\n  npwd_twitter_tweets.retweet IS NOT NULL AS isRetweet,\n  retweets.id AS retweetId,\n  retweets_profiles.profile_name AS retweetProfileName,\n  retweets_profiles.avatar_url AS retweetAvatarUrl,\n  npwd_twitter_likes.id IS NOT NULL AS isLiked,\n  npwd_twitter_reports.id IS NOT NULL AS isReported,\n  npwd_twitter_tweets.createdAt,\n  npwd_twitter_tweets.updatedAt,\n  TIME_TO_SEC(TIMEDIFF( NOW(), npwd_twitter_tweets.createdAt)) AS seconds_since_tweet\n\n        FROM npwd_twitter_tweets\n                 LEFT OUTER JOIN npwd_twitter_profiles\n                                 ON npwd_twitter_tweets.identifier = npwd_twitter_profiles.identifier\n                 LEFT OUTER JOIN npwd_twitter_likes ON npwd_twitter_tweets.id = npwd_twitter_likes.tweet_id AND\n                                                       npwd_twitter_likes.profile_id = ?\n                 LEFT OUTER JOIN npwd_twitter_reports ON npwd_twitter_tweets.id = npwd_twitter_reports.tweet_id AND\n                                                         npwd_twitter_reports.profile_id = ?\n                 LEFT OUTER JOIN npwd_twitter_tweets AS retweets ON retweets.id = npwd_twitter_tweets.retweet\n                 LEFT OUTER JOIN npwd_twitter_profiles AS retweets_profiles\n                                 ON retweets.identifier = retweets_profiles.identifier\n        WHERE npwd_twitter_tweets.visible = 1\n        ORDER BY id DESC\n        LIMIT ? OFFSET ?\n\t\t [1,1,\"25\",\"0\"]) in 30.2595ms'","module":"DBInterface","timestamp":"2026-09-08T17:46:57.017Z"}
{"level":"silly","message":"Response Promise Event npwd:fetchTweets:0715d431-676b-4a64-9864-a3a308ccd23c (63.7112ms), Data >>","module":"events","timestamp":"2026-09-08T17:46:57.017Z"}
{"level":"silly","message":{"data":[],"status":"ok"},"module":"events","timestamp":"2026-09-08T17:46:57.018Z"}
{"level":"silly","message":"netPromise > npwd:getOrCreateTwitterProfile > RequestObj","module":"events","timestamp":"2026-09-08T17:46:57.078Z"}
{"level":"silly","message":{"data":null,"source":1},"module":"events","timestamp":"2026-09-08T17:46:57.078Z"}
{"level":"silly","message":"netPromise > phone:getMyProfile > RequestObj","module":"events","timestamp":"2026-09-08T17:46:57.079Z"}
{"level":"silly","message":{"data":null,"source":1},"module":"events","timestamp":"2026-09-08T17:46:57.079Z"}
{"level":"silly","message":"netPromise > npwd:fetchMessageGroups > RequestObj","module":"events","timestamp":"2026-09-08T17:46:57.081Z"}
{"level":"silly","message":{"data":null,"source":1},"module":"events","timestamp":"2026-09-08T17:46:57.081Z"}
{"level":"silly","message":"netPromise > npwd-contact-getAll > RequestObj","module":"events","timestamp":"2026-09-08T17:46:57.082Z"}
{"level":"silly","message":{"data":null,"source":1},"module":"events","timestamp":"2026-09-08T17:46:57.082Z"}
{"level":"info","message":"Executed query (\n        SELECT *\n        FROM npwd_twitter_profiles\n        WHERE identifier = ?\n        LIMIT 1\n\t\t [\"N68429HO\"]) in 8.8526ms'","module":"DBInterface","timestamp":"2026-09-08T17:46:57.088Z"}
{"level":"silly","message":"Response Promise Event npwd:getOrCreateTwitterProfile:f42fbb86-66b4-4db5-b2ee-982dedd75462 (9.803ms), Data >>","module":"events","timestamp":"2026-09-08T17:46:57.088Z"}
{"level":"silly","message":{"data":{"avatar_url":"https://i.fivemanage.com/images/3ClWwmpwkFhL.png","createdAt":"2026-09-08T16:55:31.000Z","id":1,"identifier":"N68429HO","profile_name":"Ben_Dover","updatedAt":"2026-09-08T16:55:31.000Z"},"status":"ok"},"module":"events","timestamp":"2026-09-08T17:46:57.089Z"}
{"level":"info","message":"Executed query (\n        SELECT *,\n               UNIX_TIMESTAMP(updatedAt) AS lastActive\n        FROM npwd_match_profiles\n        WHERE identifier = ?\n        LIMIT 1\n\t\t [\"N68429HO\"]) in 32.4272ms'","module":"DBInterface","timestamp":"2026-09-08T17:46:57.112Z"}
{"level":"silly","message":"Response Promise Event phone:getMyProfile:9ad32ad6-2dbe-411c-8f1d-d8e769ab793e (33.5375ms), Data >>","module":"events","timestamp":"2026-09-08T17:46:57.113Z"}
{"level":"info","message":"Executed query (SELECT * FROM npwd_phone_contacts WHERE identifier = ? ORDER BY display ASC [\"N68429HO\"]) in 31.2114ms'","module":"DBInterface","timestamp":"2026-09-08T17:46:57.113Z"}
{"level":"info","message":"Executed query (SELECT npwd_messages_conversations.id,\n                          npwd_messages_conversations.conversation_list         as conversationList,\n                          npwd_messages_participants.unread_count               as unreadCount,\n                          npwd_messages_conversations.is_group_chat             as isGroupChat,\n                          npwd_messages_conversations.label,\n                          UNIX_TIMESTAMP(npwd_messages_conversations.updatedAt) as updatedAt,\n                          npwd_messages_participants.participant\n                   FROM npwd_messages_conversations\n                            INNER JOIN npwd_messages_participants\n                                       on npwd_messages_conversations.id = npwd_messages_participants.conversation_id\n                   WHERE npwd_messages_participants.participant = ? [\"8946606402\"]) in 33.2828ms'","module":"DBInterface","timestamp":"2026-09-08T17:46:57.114Z"}
{"level":"silly","message":{"data":{"bio":"","createdAt":"2026-09-08T16:55:31.000Z","id":1,"identifier":"N68429HO","image":"https://upload.wikimedia.org/wikipedia/commons/a/ac/No_image_available.svg","job":"","lastActive":1788886531,"lastActiveFormatted":"Tue, 08 Sep 2026 16:55:31 GMT","location":"","name":"Ben Dover","tagList":[],"tags":"","updatedAt":"2026-09-08T16:55:31.000Z","viewed":false,"voiceMessage":null},"status":"ok"},"module":"events","timestamp":"2026-09-08T17:46:57.113Z"}
{"level":"silly","message":"Response Promise Event npwd-contact-getAll:336c7139-2d2f-4a6e-82df-e2fdfb415215 (31.7186ms), Data >>","module":"events","timestamp":"2026-09-08T17:46:57.113Z"}
{"level":"silly","message":{"data":[],"status":"ok"},"module":"events","timestamp":"2026-09-08T17:46:57.113Z"}
{"level":"silly","message":"Response Promise Event npwd:fetchMessageGroups:b5b6e027-5b76-4894-b9fd-a3028d13bf8a (33.8024ms), Data >>","module":"events","timestamp":"2026-09-08T17:46:57.114Z"}
{"level":"silly","message":{"data":[],"status":"ok"},"module":"events","timestamp":"2026-09-08T17:46:57.114Z"}
{"level":"info","message":"Executed query (SELECT id FROM npwd_marketplace_listings WHERE identifier = ? [\"N68429HO\"]) in 14.1261ms'","module":"DBInterface","timestamp":"2026-09-08T17:48:07.585Z"}
{"level":"info","message":"Executed query (DELETE FROM npwd_marketplace_listings WHERE identifier = ? AND reported = 0 [\"N68429HO\"]) in 15.426ms'","module":"DBInterface","timestamp":"2026-09-08T17:48:07.601Z"}
{"level":"info","message":"Unloaded NPWD Player, source: (1)","module":"player","timestamp":"2026-09-08T17:48:07.601Z"}
{"level":"debug","message":"Marketplace service started","module":"marketplace","timestamp":"2026-09-08T18:06:23.021Z"}
{"level":"debug","message":"Call service started","module":"calls","timestamp":"2026-09-08T18:06:23.023Z"}
{"level":"debug","message":"Player Service started","module":"player","timestamp":"2026-09-08T18:06:23.024Z"}
{"level":"info","message":"Loading QBX bridge....","timestamp":"2026-09-08T18:06:23.024Z"}
{"level":"info","message":"QBX bridge initialized","timestamp":"2026-09-08T18:06:23.024Z"}
{"level":"debug","message":"Boot service started","module":"boot","timestamp":"2026-09-08T18:06:23.024Z"}
{"level":"debug","message":"Messages service started","module":"messages","timestamp":"2026-09-08T18:06:23.025Z"}
{"level":"debug","message":"Notes service started","module":"notes","timestamp":"2026-09-08T18:06:23.025Z"}
{"level":"debug","message":"Contacts service started","module":"contact","timestamp":"2026-09-08T18:06:23.025Z"}
{"level":"debug","message":"Photo service started","module":"photo","timestamp":"2026-09-08T18:06:23.034Z"}
{"level":"debug","message":"Twitter service started","module":"twitter","timestamp":"2026-09-08T18:06:23.034Z"}
{"level":"debug","message":"Match service started","module":"match","timestamp":"2026-09-08T18:06:23.034Z"}
{"level":"debug","message":"Beginning database schema validation","module":"boot","timestamp":"2026-09-08T18:06:23.977Z"}
{"level":"info","message":"Successfully started","timestamp":"2026-09-08T18:06:23.989Z"}
{"level":"info","message":"Executed query (SELECT COUNT(*) as count\n                       FROM information_schema.tables\n                       WHERE table_schema = ?\n                         AND table_name = ? [\"Qbox_A03CB0\",\"players\"]) in 61.5527ms'","module":"DBInterface","timestamp":"2026-09-08T18:06:24.039Z"}
{"level":"info","message":"Executed query (SHOW COLUMNS IN players []) in 34.0748ms'","module":"DBInterface","timestamp":"2026-09-08T18:06:24.074Z"}
{"level":"debug","message":"Database schema successfully validated","module":"boot","timestamp":"2026-09-08T18:06:24.074Z"}
{"level":"debug","message":"Marketplace service started","module":"marketplace","timestamp":"2026-09-08T18:06:38.443Z"}
{"level":"debug","message":"Call service started","module":"calls","timestamp":"2026-09-08T18:06:38.445Z"}
{"level":"debug","message":"Player Service started","module":"player","timestamp":"2026-09-08T18:06:38.445Z"}
{"level":"info","message":"Loading QBX bridge....","timestamp":"2026-09-08T18:06:38.445Z"}
{"level":"info","message":"QBX bridge initialized","timestamp":"2026-09-08T18:06:38.446Z"}
{"level":"debug","message":"Boot service started","module":"boot","timestamp":"2026-09-08T18:06:38.446Z"}
{"level":"debug","message":"Messages service started","module":"messages","timestamp":"2026-09-08T18:06:38.446Z"}
{"level":"debug","message":"Notes service started","module":"notes","timestamp":"2026-09-08T18:06:38.446Z"}
{"level":"debug","message":"Contacts service started","module":"contact","timestamp":"2026-09-08T18:06:38.446Z"}
{"level":"debug","message":"Photo service started","module":"photo","timestamp":"2026-09-08T18:06:38.455Z"}
{"level":"debug","message":"Twitter service started","module":"twitter","timestamp":"2026-09-08T18:06:38.455Z"}
{"level":"debug","message":"Match service started","module":"match","timestamp":"2026-09-08T18:06:38.455Z"}
{"level":"debug","message":"Beginning database schema validation","module":"boot","timestamp":"2026-09-08T18:06:39.192Z"}
{"level":"info","message":"Successfully started","timestamp":"2026-09-08T18:06:39.204Z"}
{"level":"info","message":"Executed query (SELECT COUNT(*) as count\n                       FROM information_schema.tables\n                       WHERE table_schema = ?\n                         AND table_name = ? [\"Qbox_A03CB0\",\"players\"]) in 54.3561ms'","module":"DBInterface","timestamp":"2026-09-08T18:06:39.247Z"}
{"level":"info","message":"Executed query (SHOW COLUMNS IN players []) in 34.005ms'","module":"DBInterface","timestamp":"2026-09-08T18:06:39.282Z"}
{"level":"debug","message":"Database schema successfully validated","module":"boot","timestamp":"2026-09-08T18:06:39.282Z"}
{"level":"info","message":"New NPWD Player added through event (1) (N68429HO)","module":"player","timestamp":"2026-09-08T18:09:32.927Z"}
{"level":"debug","message":{"_firstname":"Ben","_identifier":"N68429HO","_lastname":"Dover","_phoneNumber":"8946606402","source":1,"username":"NotAGirl"},"module":"player","timestamp":"2026-09-08T18:09:32.927Z"}
{"level":"info","message":"New NPWD Player added through event (1) (N68429HO)","module":"player","timestamp":"2026-09-08T18:09:32.930Z"}
{"level":"debug","message":{"_firstname":"Ben","_identifier":"N68429HO","_lastname":"Dover","_phoneNumber":"8946606402","source":1,"username":"NotAGirl"},"module":"player","timestamp":"2026-09-08T18:09:32.930Z"}
{"level":"silly","message":"netPromise > npwd:fetchTweets > RequestObj","module":"events","timestamp":"2026-09-08T18:09:32.984Z"}
{"level":"silly","message":{"data":{"pageId":0},"source":1},"module":"events","timestamp":"2026-09-08T18:09:32.984Z"}
{"level":"info","message":"Executed query (\n        SELECT *\n        FROM npwd_twitter_profiles\n        WHERE identifier = ?\n        LIMIT 1\n\t\t [\"N68429HO\"]) in 14.7311ms'","module":"DBInterface","timestamp":"2026-09-08T18:09:33.000Z"}
{"level":"info","message":"Executed query (\n        SELECT \n  npwd_twitter_tweets.id,\n  npwd_twitter_tweets.identifier,\n  npwd_twitter_profiles.id AS profile_id,\n  npwd_twitter_profiles.profile_name,\n  npwd_twitter_profiles.avatar_url,\n  npwd_twitter_tweets.likes,\n  npwd_twitter_tweets.visible,\n  IFNULL(COALESCE(retweets.message, npwd_twitter_tweets.message), '') AS message,\n  IFNULL(COALESCE(retweets.images, npwd_twitter_tweets.images), '') AS images,\n  npwd_twitter_tweets.retweet IS NOT NULL AS isRetweet,\n  retweets.id AS retweetId,\n  retweets_profiles.profile_name AS retweetProfileName,\n  retweets_profiles.avatar_url AS retweetAvatarUrl,\n  npwd_twitter_likes.id IS NOT NULL AS isLiked,\n  npwd_twitter_reports.id IS NOT NULL AS isReported,\n  npwd_twitter_tweets.createdAt,\n  npwd_twitter_tweets.updatedAt,\n  TIME_TO_SEC(TIMEDIFF( NOW(), npwd_twitter_tweets.createdAt)) AS seconds_since_tweet\n\n        FROM npwd_twitter_tweets\n                 LEFT OUTER JOIN npwd_twitter_profiles\n                                 ON npwd_twitter_tweets.identifier = npwd_twitter_profiles.identifier\n                 LEFT OUTER JOIN npwd_twitter_likes ON npwd_twitter_tweets.id = npwd_twitter_likes.tweet_id AND\n                                                       npwd_twitter_likes.profile_id = ?\n                 LEFT OUTER JOIN npwd_twitter_reports ON npwd_twitter_tweets.id = npwd_twitter_reports.tweet_id AND\n                                                         npwd_twitter_reports.profile_id = ?\n                 LEFT OUTER JOIN npwd_twitter_tweets AS retweets ON retweets.id = npwd_twitter_tweets.retweet\n                 LEFT OUTER JOIN npwd_twitter_profiles AS retweets_profiles\n                                 ON retweets.identifier = retweets_profiles.identifier\n        WHERE npwd_twitter_tweets.visible = 1\n        ORDER BY id DESC\n        LIMIT ? OFFSET ?\n\t\t [1,1,\"25\",\"0\"]) in 17.0199ms'","module":"DBInterface","timestamp":"2026-09-08T18:09:33.017Z"}
{"level":"silly","message":"Response Promise Event npwd:fetchTweets:6ab37cf1-2d25-4184-93b5-99f4a6867a63 (33.5713ms), Data >>","module":"events","timestamp":"2026-09-08T18:09:33.018Z"}
{"level":"silly","message":{"data":[],"status":"ok"},"module":"events","timestamp":"2026-09-08T18:09:33.018Z"}
{"level":"silly","message":"netPromise > npwd:getOrCreateTwitterProfile > RequestObj","module":"events","timestamp":"2026-09-08T18:09:33.076Z"}
{"level":"silly","message":{"data":null,"source":1},"module":"events","timestamp":"2026-09-08T18:09:33.076Z"}
{"level":"silly","message":"netPromise > phone:getMyProfile > RequestObj","module":"events","timestamp":"2026-09-08T18:09:33.077Z"}
{"level":"silly","message":{"data":null,"source":1},"module":"events","timestamp":"2026-09-08T18:09:33.077Z"}
{"level":"silly","message":"netPromise > npwd:fetchMessageGroups > RequestObj","module":"events","timestamp":"2026-09-08T18:09:33.080Z"}
{"level":"silly","message":{"data":null,"source":1},"module":"events","timestamp":"2026-09-08T18:09:33.080Z"}
{"level":"info","message":"Executed query (\n        SELECT *\n        FROM npwd_twitter_profiles\n        WHERE identifier = ?\n        LIMIT 1\n\t\t [\"N68429HO\"]) in 9.0656ms'","module":"DBInterface","timestamp":"2026-09-08T18:09:33.086Z"}
{"level":"silly","message":"Response Promise Event npwd:getOrCreateTwitterProfile:17fd2cc0-700e-4994-b87f-9244e6b053c1 (10.3358ms), Data >>","module":"events","timestamp":"2026-09-08T18:09:33.087Z"}
{"level":"silly","message":{"data":{"avatar_url":"https://i.fivemanage.com/images/3ClWwmpwkFhL.png","createdAt":"2026-09-08T16:55:31.000Z","id":1,"identifier":"N68429HO","profile_name":"Ben_Dover","updatedAt":"2026-09-08T16:55:31.000Z"},"status":"ok"},"module":"events","timestamp":"2026-09-08T18:09:33.087Z"}
{"level":"silly","message":"netPromise > npwd-contact-getAll > RequestObj","module":"events","timestamp":"2026-09-08T18:09:33.093Z"}
{"level":"silly","message":{"data":null,"source":1},"module":"events","timestamp":"2026-09-08T18:09:33.093Z"}
{"level":"info","message":"Executed query (\n        SELECT *,\n               UNIX_TIMESTAMP(updatedAt) AS lastActive\n        FROM npwd_match_profiles\n        WHERE identifier = ?\n        LIMIT 1\n\t\t [\"N68429HO\"]) in 34.7167ms'","module":"DBInterface","timestamp":"2026-09-08T18:09:33.112Z"}
{"level":"silly","message":"Response Promise Event phone:getMyProfile:3f36277a-df1b-4f01-b6f3-35b5ca6eedd6 (35.659ms), Data >>","module":"events","timestamp":"2026-09-08T18:09:33.113Z"}
{"level":"info","message":"Executed query (SELECT npwd_messages_conversations.id,\n                          npwd_messages_conversations.conversation_list         as conversationList,\n                          npwd_messages_participants.unread_count               as unreadCount,\n                          npwd_messages_conversations.is_group_chat             as isGroupChat,\n                          npwd_messages_conversations.label,\n                          UNIX_TIMESTAMP(npwd_messages_conversations.updatedAt) as updatedAt,\n                          npwd_messages_participants.participant\n                   FROM npwd_messages_conversations\n                            INNER JOIN npwd_messages_participants\n                                       on npwd_messages_conversations.id = npwd_messages_participants.conversation_id\n                   WHERE npwd_messages_participants.participant = ? [\"8946606402\"]) in 33.0172ms'","module":"DBInterface","timestamp":"2026-09-08T18:09:33.113Z"}
{"level":"silly","message":{"data":{"bio":"","createdAt":"2026-09-08T16:55:31.000Z","id":1,"identifier":"N68429HO","image":"https://upload.wikimedia.org/wikipedia/commons/a/ac/No_image_available.svg","job":"","lastActive":1788886531,"lastActiveFormatted":"Tue, 08 Sep 2026 16:55:31 GMT","location":"","name":"Ben Dover","tagList":[],"tags":"","updatedAt":"2026-09-08T16:55:31.000Z","viewed":false,"voiceMessage":null},"status":"ok"},"module":"events","timestamp":"2026-09-08T18:09:33.113Z"}
{"level":"silly","message":"Response Promise Event npwd:fetchMessageGroups:ec65023c-2f39-45e8-b95b-22458e6af97f (34.5575ms), Data >>","module":"events","timestamp":"2026-09-08T18:09:33.114Z"}
{"level":"info","message":"Executed query (SELECT * FROM npwd_phone_contacts WHERE identifier = ? ORDER BY display ASC [\"N68429HO\"]) in 21.172ms'","module":"DBInterface","timestamp":"2026-09-08T18:09:33.115Z"}
{"level":"silly","message":{"data":[],"status":"ok"},"module":"events","timestamp":"2026-09-08T18:09:33.114Z"}
{"level":"silly","message":"Response Promise Event npwd-contact-getAll:500e7b47-e27d-456d-8c5b-ef3b68c25d85 (21.7816ms), Data >>","module":"events","timestamp":"2026-09-08T18:09:33.115Z"}
{"level":"silly","message":{"data":[],"status":"ok"},"module":"events","timestamp":"2026-09-08T18:09:33.115Z"}
{"level":"info","message":"Executed query (SELECT id FROM npwd_marketplace_listings WHERE identifier = ? [\"N68429HO\"]) in 13.1438ms'","module":"DBInterface","timestamp":"2026-09-08T18:19:01.728Z"}
{"level":"info","message":"Executed query (DELETE FROM npwd_marketplace_listings WHERE identifier = ? AND reported = 0 [\"N68429HO\"]) in 15.8736ms'","module":"DBInterface","timestamp":"2026-09-08T18:19:01.744Z"}
{"level":"info","message":"Unloaded NPWD Player, source: (1)","module":"player","timestamp":"2026-09-08T18:19:01.744Z"}
{"level":"debug","message":"Marketplace service started","module":"marketplace","timestamp":"2026-09-08T18:19:12.105Z"}
{"level":"debug","message":"Call service started","module":"calls","timestamp":"2026-09-08T18:19:12.107Z"}
{"level":"debug","message":"Player Service started","module":"player","timestamp":"2026-09-08T18:19:12.107Z"}
{"level":"info","message":"Loading QBX bridge....","timestamp":"2026-09-08T18:19:12.107Z"}
{"level":"info","message":"QBX bridge initialized","timestamp":"2026-09-08T18:19:12.107Z"}
{"level":"debug","message":"Boot service started","module":"boot","timestamp":"2026-09-08T18:19:12.107Z"}
{"level":"debug","message":"Messages service started","module":"messages","timestamp":"2026-09-08T18:19:12.108Z"}
{"level":"debug","message":"Notes service started","module":"notes","timestamp":"2026-09-08T18:19:12.108Z"}
{"level":"debug","message":"Contacts service started","module":"contact","timestamp":"2026-09-08T18:19:12.108Z"}
{"level":"debug","message":"Photo service started","module":"photo","timestamp":"2026-09-08T18:19:12.117Z"}
{"level":"debug","message":"Twitter service started","module":"twitter","timestamp":"2026-09-08T18:19:12.117Z"}
{"level":"debug","message":"Match service started","module":"match","timestamp":"2026-09-08T18:19:12.117Z"}
{"level":"debug","message":"Beginning database schema validation","module":"boot","timestamp":"2026-09-08T18:19:13.340Z"}
{"level":"info","message":"Successfully started","timestamp":"2026-09-08T18:19:13.350Z"}
{"level":"info","message":"Executed query (SELECT COUNT(*) as count\n                       FROM information_schema.tables\n                       WHERE table_schema = ?\n                         AND table_name = ? [\"Qbox_A03CB0\",\"players\"]) in 59.3605ms'","module":"DBInterface","timestamp":"2026-09-08T18:19:13.400Z"}
{"level":"info","message":"Executed query (SHOW COLUMNS IN players []) in 33.6852ms'","module":"DBInterface","timestamp":"2026-09-08T18:19:13.434Z"}
{"level":"debug","message":"Database schema successfully validated","module":"boot","timestamp":"2026-09-08T18:19:13.434Z"}
{"level":"info","message":"New NPWD Player added through event (1) (N68429HO)","module":"player","timestamp":"2026-09-08T18:29:05.341Z"}
{"level":"debug","message":{"_firstname":"Ben","_identifier":"N68429HO","_lastname":"Dover","_phoneNumber":"8946606402","source":1,"username":"NotAGirl"},"module":"player","timestamp":"2026-09-08T18:29:05.341Z"}
{"level":"info","message":"New NPWD Player added through event (1) (N68429HO)","module":"player","timestamp":"2026-09-08T18:29:05.344Z"}
{"level":"debug","message":{"_firstname":"Ben","_identifier":"N68429HO","_lastname":"Dover","_phoneNumber":"8946606402","source":1,"username":"NotAGirl"},"module":"player","timestamp":"2026-09-08T18:29:05.344Z"}
{"level":"silly","message":"netPromise > npwd:fetchTweets > RequestObj","module":"events","timestamp":"2026-09-08T18:29:05.401Z"}
{"level":"silly","message":{"data":{"pageId":0},"source":1},"module":"events","timestamp":"2026-09-08T18:29:05.401Z"}
{"level":"info","message":"Executed query (\n        SELECT *\n        FROM npwd_twitter_profiles\n        WHERE identifier = ?\n        LIMIT 1\n\t\t [\"N68429HO\"]) in 29.7853ms'","module":"DBInterface","timestamp":"2026-09-08T18:29:05.431Z"}
{"level":"info","message":"Executed query (\n        SELECT \n  npwd_twitter_tweets.id,\n  npwd_twitter_tweets.identifier,\n  npwd_twitter_profiles.id AS profile_id,\n  npwd_twitter_profiles.profile_name,\n  npwd_twitter_profiles.avatar_url,\n  npwd_twitter_tweets.likes,\n  npwd_twitter_tweets.visible,\n  IFNULL(COALESCE(retweets.message, npwd_twitter_tweets.message), '') AS message,\n  IFNULL(COALESCE(retweets.images, npwd_twitter_tweets.images), '') AS images,\n  npwd_twitter_tweets.retweet IS NOT NULL AS isRetweet,\n  retweets.id AS retweetId,\n  retweets_profiles.profile_name AS retweetProfileName,\n  retweets_profiles.avatar_url AS retweetAvatarUrl,\n  npwd_twitter_likes.id IS NOT NULL AS isLiked,\n  npwd_twitter_reports.id IS NOT NULL AS isReported,\n  npwd_twitter_tweets.createdAt,\n  npwd_twitter_tweets.updatedAt,\n  TIME_TO_SEC(TIMEDIFF( NOW(), npwd_twitter_tweets.createdAt)) AS seconds_since_tweet\n\n        FROM npwd_twitter_tweets\n                 LEFT OUTER JOIN npwd_twitter_profiles\n                                 ON npwd_twitter_tweets.identifier = npwd_twitter_profiles.identifier\n                 LEFT OUTER JOIN npwd_twitter_likes ON npwd_twitter_tweets.id = npwd_twitter_likes.tweet_id AND\n                                                       npwd_twitter_likes.profile_id = ?\n                 LEFT OUTER JOIN npwd_twitter_reports ON npwd_twitter_tweets.id = npwd_twitter_reports.tweet_id AND\n                                                         npwd_twitter_reports.profile_id = ?\n                 LEFT OUTER JOIN npwd_twitter_tweets AS retweets ON retweets.id = npwd_twitter_tweets.retweet\n                 LEFT OUTER JOIN npwd_twitter_profiles AS retweets_profiles\n                                 ON retweets.identifier = retweets_profiles.identifier\n        WHERE npwd_twitter_tweets.visible = 1\n        ORDER BY id DESC\n        LIMIT ? OFFSET ?\n\t\t [1,1,\"25\",\"0\"]) in 6.1396ms'","module":"DBInterface","timestamp":"2026-09-08T18:29:05.437Z"}
{"level":"silly","message":"Response Promise Event npwd:fetchTweets:5bdf0059-26de-49af-9107-5e40180ab1f0 (36.9655ms), Data >>","module":"events","timestamp":"2026-09-08T18:29:05.438Z"}
{"level":"silly","message":{"data":[],"status":"ok"},"module":"events","timestamp":"2026-09-08T18:29:05.438Z"}
{"level":"silly","message":"netPromise > npwd:getOrCreateTwitterProfile > RequestObj","module":"events","timestamp":"2026-09-08T18:29:05.525Z"}
{"level":"silly","message":{"data":null,"source":1},"module":"events","timestamp":"2026-09-08T18:29:05.525Z"}
{"level":"silly","message":"netPromise > phone:getMyProfile > RequestObj","module":"events","timestamp":"2026-09-08T18:29:05.526Z"}
{"level":"silly","message":{"data":null,"source":1},"module":"events","timestamp":"2026-09-08T18:29:05.526Z"}
{"level":"silly","message":"netPromise > npwd:fetchMessageGroups > RequestObj","module":"events","timestamp":"2026-09-08T18:29:05.528Z"}
{"level":"silly","message":{"data":null,"source":1},"module":"events","timestamp":"2026-09-08T18:29:05.528Z"}
{"level":"silly","message":"netPromise > npwd-contact-getAll > RequestObj","module":"events","timestamp":"2026-09-08T18:29:05.529Z"}
{"level":"silly","message":{"data":null,"source":1},"module":"events","timestamp":"2026-09-08T18:29:05.529Z"}
{"level":"info","message":"Executed query (\n        SELECT *\n        FROM npwd_twitter_profiles\n        WHERE identifier = ?\n        LIMIT 1\n\t\t [\"N68429HO\"]) in 8.9874ms'","module":"DBInterface","timestamp":"2026-09-08T18:29:05.535Z"}
{"level":"silly","message":"Response Promise Event npwd:getOrCreateTwitterProfile:01512ae7-cd9a-4f34-bf42-9f37f88fa189 (10.1791ms), Data >>","module":"events","timestamp":"2026-09-08T18:29:05.535Z"}
{"level":"silly","message":{"data":{"avatar_url":"https://i.fivemanage.com/images/3ClWwmpwkFhL.png","createdAt":"2026-09-08T16:55:31.000Z","id":1,"identifier":"N68429HO","profile_name":"Ben_Dover","updatedAt":"2026-09-08T16:55:31.000Z"},"status":"ok"},"module":"events","timestamp":"2026-09-08T18:29:05.535Z"}
{"level":"info","message":"Executed query (\n        SELECT *,\n               UNIX_TIMESTAMP(updatedAt) AS lastActive\n        FROM npwd_match_profiles\n        WHERE identifier = ?\n        LIMIT 1\n\t\t [\"N68429HO\"]) in 31.514ms'","module":"DBInterface","timestamp":"2026-09-08T18:29:05.558Z"}
{"level":"silly","message":"Response Promise Event phone:getMyProfile:7d9066a1-37a3-44f3-8cea-9cd20a8792f2 (33.1384ms), Data >>","module":"events","timestamp":"2026-09-08T18:29:05.559Z"}
{"level":"info","message":"Executed query (SELECT npwd_messages_conversations.id,\n                          npwd_messages_conversations.conversation_list         as conversationList,\n                          npwd_messages_participants.unread_count               as unreadCount,\n                          npwd_messages_conversations.is_group_chat             as isGroupChat,\n                          npwd_messages_conversations.label,\n                          UNIX_TIMESTAMP(npwd_messages_conversations.updatedAt) as updatedAt,\n                          npwd_messages_participants.participant\n                   FROM npwd_messages_conversations\n                            INNER JOIN npwd_messages_participants\n                                       on npwd_messages_conversations.id = npwd_messages_participants.conversation_id\n                   WHERE npwd_messages_participants.participant = ? [\"8946606402\"]) in 32.2674ms'","module":"DBInterface","timestamp":"2026-09-08T18:29:05.560Z"}
{"level":"info","message":"Executed query (SELECT * FROM npwd_phone_contacts WHERE identifier = ? ORDER BY display ASC [\"N68429HO\"]) in 31.3914ms'","module":"DBInterface","timestamp":"2026-09-08T18:29:05.561Z"}
{"level":"silly","message":{"data":{"bio":"","createdAt":"2026-09-08T16:55:31.000Z","id":1,"identifier":"N68429HO","image":"https://upload.wikimedia.org/wikipedia/commons/a/ac/No_image_available.svg","job":"","lastActive":1788886531,"lastActiveFormatted":"Tue, 08 Sep 2026 16:55:31 GMT","location":"","name":"Ben Dover","tagList":[],"tags":"","updatedAt":"2026-09-08T16:55:31.000Z","viewed":false,"voiceMessage":null},"status":"ok"},"module":"events","timestamp":"2026-09-08T18:29:05.559Z"}
{"level":"silly","message":"Response Promise Event npwd:fetchMessageGroups:2f854b16-60bd-4e8f-88d9-57f9094b8af8 (32.7544ms), Data >>","module":"events","timestamp":"2026-09-08T18:29:05.560Z"}
{"level":"silly","message":{"data":[],"status":"ok"},"module":"events","timestamp":"2026-09-08T18:29:05.560Z"}
{"level":"silly","message":"Response Promise Event npwd-contact-getAll:003943e8-b8d4-41d6-80ee-267a5e386e1e (32.1987ms), Data >>","module":"events","timestamp":"2026-09-08T18:29:05.562Z"}
{"level":"silly","message":{"data":[],"status":"ok"},"module":"events","timestamp":"2026-09-08T18:29:05.562Z"}
{"level":"info","message":"Executed query (SELECT id FROM npwd_marketplace_listings WHERE identifier = ? [\"N68429HO\"]) in 8.1297ms'","module":"DBInterface","timestamp":"2026-09-08T18:34:59.814Z"}
{"level":"info","message":"Executed query (DELETE FROM npwd_marketplace_listings WHERE identifier = ? AND reported = 0 [\"N68429HO\"]) in 3.8074ms'","module":"DBInterface","timestamp":"2026-09-08T18:34:59.818Z"}
{"level":"info","message":"Unloaded NPWD Player, source: (1)","module":"player","timestamp":"2026-09-08T18:34:59.818Z"}
{"level":"debug","message":"Marketplace service started","module":"marketplace","timestamp":"2026-09-08T18:49:46.603Z"}
{"level":"debug","message":"Call service started","module":"calls","timestamp":"2026-09-08T18:49:46.605Z"}
{"level":"debug","message":"Player Service started","module":"player","timestamp":"2026-09-08T18:49:46.605Z"}
{"level":"info","message":"Loading QBX bridge....","timestamp":"2026-09-08T18:49:46.606Z"}
{"level":"info","message":"QBX bridge initialized","timestamp":"2026-09-08T18:49:46.606Z"}
{"level":"debug","message":"Boot service started","module":"boot","timestamp":"2026-09-08T18:49:46.606Z"}
{"level":"debug","message":"Messages service started","module":"messages","timestamp":"2026-09-08T18:49:46.606Z"}
{"level":"debug","message":"Notes service started","module":"notes","timestamp":"2026-09-08T18:49:46.607Z"}
{"level":"debug","message":"Contacts service started","module":"contact","timestamp":"2026-09-08T18:49:46.607Z"}
{"level":"debug","message":"Photo service started","module":"photo","timestamp":"2026-09-08T18:49:46.615Z"}
{"level":"debug","message":"Twitter service started","module":"twitter","timestamp":"2026-09-08T18:49:46.615Z"}
{"level":"debug","message":"Match service started","module":"match","timestamp":"2026-09-08T18:49:46.615Z"}
{"level":"debug","message":"Beginning database schema validation","module":"boot","timestamp":"2026-09-08T18:49:48.847Z"}
{"level":"info","message":"Successfully started","timestamp":"2026-09-08T18:49:48.858Z"}
{"level":"info","message":"Executed query (SELECT COUNT(*) as count\n                       FROM information_schema.tables\n                       WHERE table_schema = ?\n                         AND table_name = ? [\"Qbox_A03CB0\",\"players\"]) in 50.9618ms'","module":"DBInterface","timestamp":"2026-09-08T18:49:48.898Z"}
{"level":"info","message":"Executed query (SHOW COLUMNS IN players []) in 14.0307ms'","module":"DBInterface","timestamp":"2026-09-08T18:49:48.912Z"}
{"level":"debug","message":"Database schema successfully validated","module":"boot","timestamp":"2026-09-08T18:49:48.913Z"}
{"level":"info","message":"New NPWD Player added through event (1) (N68429HO)","module":"player","timestamp":"2026-09-08T18:51:37.704Z"}
{"level":"debug","message":{"_firstname":"Ben","_identifier":"N68429HO","_lastname":"Dover","_phoneNumber":"8946606402","source":1,"username":"NotAGirl"},"module":"player","timestamp":"2026-09-08T18:51:37.704Z"}
{"level":"info","message":"New NPWD Player added through event (1) (N68429HO)","module":"player","timestamp":"2026-09-08T18:51:37.731Z"}
{"level":"debug","message":{"_firstname":"Ben","_identifier":"N68429HO","_lastname":"Dover","_phoneNumber":"8946606402","source":1,"username":"NotAGirl"},"module":"player","timestamp":"2026-09-08T18:51:37.732Z"}
{"level":"silly","message":"netPromise > npwd:fetchTweets > RequestObj","module":"events","timestamp":"2026-09-08T18:51:37.736Z"}
{"level":"silly","message":{"data":{"pageId":0},"source":1},"module":"events","timestamp":"2026-09-08T18:51:37.736Z"}
{"level":"info","message":"Executed query (\n        SELECT *\n        FROM npwd_twitter_profiles\n        WHERE identifier = ?\n        LIMIT 1\n\t\t [\"N68429HO\"]) in 11.4236ms'","module":"DBInterface","timestamp":"2026-09-08T18:51:37.748Z"}
{"level":"info","message":"Executed query (\n        SELECT \n  npwd_twitter_tweets.id,\n  npwd_twitter_tweets.identifier,\n  npwd_twitter_profiles.id AS profile_id,\n  npwd_twitter_profiles.profile_name,\n  npwd_twitter_profiles.avatar_url,\n  npwd_twitter_tweets.likes,\n  npwd_twitter_tweets.visible,\n  IFNULL(COALESCE(retweets.message, npwd_twitter_tweets.message), '') AS message,\n  IFNULL(COALESCE(retweets.images, npwd_twitter_tweets.images), '') AS images,\n  npwd_twitter_tweets.retweet IS NOT NULL AS isRetweet,\n  retweets.id AS retweetId,\n  retweets_profiles.profile_name AS retweetProfileName,\n  retweets_profiles.avatar_url AS retweetAvatarUrl,\n  npwd_twitter_likes.id IS NOT NULL AS isLiked,\n  npwd_twitter_reports.id IS NOT NULL AS isReported,\n  npwd_twitter_tweets.createdAt,\n  npwd_twitter_tweets.updatedAt,\n  TIME_TO_SEC(TIMEDIFF( NOW(), npwd_twitter_tweets.createdAt)) AS seconds_since_tweet\n\n        FROM npwd_twitter_tweets\n                 LEFT OUTER JOIN npwd_twitter_profiles\n                                 ON npwd_twitter_tweets.identifier = npwd_twitter_profiles.identifier\n                 LEFT OUTER JOIN npwd_twitter_likes ON npwd_twitter_tweets.id = npwd_twitter_likes.tweet_id AND\n                                                       npwd_twitter_likes.profile_id = ?\n                 LEFT OUTER JOIN npwd_twitter_reports ON npwd_twitter_tweets.id = npwd_twitter_reports.tweet_id AND\n                                                         npwd_twitter_reports.profile_id = ?\n                 LEFT OUTER JOIN npwd_twitter_tweets AS retweets ON retweets.id = npwd_twitter_tweets.retweet\n                 LEFT OUTER JOIN npwd_twitter_profiles AS retweets_profiles\n                                 ON retweets.identifier = retweets_profiles.identifier\n        WHERE npwd_twitter_tweets.visible = 1\n        ORDER BY id DESC\n        LIMIT ? OFFSET ?\n\t\t [1,1,\"25\",\"0\"]) in 15.5992ms'","module":"DBInterface","timestamp":"2026-09-08T18:51:37.764Z"}
{"level":"silly","message":"Response Promise Event npwd:fetchTweets:0ed9fbf6-a02d-4703-8dca-11a90f787af4 (28.6386ms), Data >>","module":"events","timestamp":"2026-09-08T18:51:37.765Z"}
{"level":"silly","message":{"data":[],"status":"ok"},"module":"events","timestamp":"2026-09-08T18:51:37.765Z"}
{"level":"silly","message":"netPromise > npwd:getOrCreateTwitterProfile > RequestObj","module":"events","timestamp":"2026-09-08T18:51:37.856Z"}
{"level":"silly","message":{"data":null,"source":1},"module":"events","timestamp":"2026-09-08T18:51:37.856Z"}
{"level":"silly","message":"netPromise > phone:getMyProfile > RequestObj","module":"events","timestamp":"2026-09-08T18:51:37.856Z"}
{"level":"silly","message":{"data":null,"source":1},"module":"events","timestamp":"2026-09-08T18:51:37.857Z"}
{"level":"silly","message":"netPromise > npwd:fetchMessageGroups > RequestObj","module":"events","timestamp":"2026-09-08T18:51:37.858Z"}
{"level":"silly","message":{"data":null,"source":1},"module":"events","timestamp":"2026-09-08T18:51:37.858Z"}
{"level":"silly","message":"netPromise > npwd-contact-getAll > RequestObj","module":"events","timestamp":"2026-09-08T18:51:37.860Z"}
{"level":"silly","message":{"data":null,"source":1},"module":"events","timestamp":"2026-09-08T18:51:37.860Z"}
{"level":"info","message":"Executed query (\n        SELECT *\n        FROM npwd_twitter_profiles\n        WHERE identifier = ?\n        LIMIT 1\n\t\t [\"N68429HO\"]) in 8.4989ms'","module":"DBInterface","timestamp":"2026-09-08T18:51:37.865Z"}
{"level":"silly","message":"Response Promise Event npwd:getOrCreateTwitterProfile:3f6da621-8578-4f34-81c9-e83cadec172b (9.3324ms), Data >>","module":"events","timestamp":"2026-09-08T18:51:37.865Z"}
{"level":"silly","message":{"data":{"avatar_url":"https://i.fivemanage.com/images/3ClWwmpwkFhL.png","createdAt":"2026-09-08T16:55:31.000Z","id":1,"identifier":"N68429HO","profile_name":"Ben_Dover","updatedAt":"2026-09-08T16:55:31.000Z"},"status":"ok"},"module":"events","timestamp":"2026-09-08T18:51:37.865Z"}
{"level":"info","message":"Executed query (SELECT npwd_messages_conversations.id,\n                          npwd_messages_conversations.conversation_list         as conversationList,\n                          npwd_messages_participants.unread_count               as unreadCount,\n                          npwd_messages_conversations.is_group_chat             as isGroupChat,\n                          npwd_messages_conversations.label,\n                          UNIX_TIMESTAMP(npwd_messages_conversations.updatedAt) as updatedAt,\n                          npwd_messages_participants.participant\n                   FROM npwd_messages_conversations\n                            INNER JOIN npwd_messages_participants\n                                       on npwd_messages_conversations.id = npwd_messages_participants.conversation_id\n                   WHERE npwd_messages_participants.participant = ? [\"8946606402\"]) in 28.7228ms'","module":"DBInterface","timestamp":"2026-09-08T18:51:37.887Z"}
{"level":"silly","message":"Response Promise Event npwd:fetchMessageGroups:e0eb9be8-2d40-4ab4-bb86-d85dae2f91e6 (29.2642ms), Data >>","module":"events","timestamp":"2026-09-08T18:51:37.888Z"}
{"level":"info","message":"Executed query (\n        SELECT *,\n               UNIX_TIMESTAMP(updatedAt) AS lastActive\n        FROM npwd_match_profiles\n        WHERE identifier = ?\n        LIMIT 1\n\t\t [\"N68429HO\"]) in 31.3665ms'","module":"DBInterface","timestamp":"2026-09-08T18:51:37.888Z"}
{"level":"info","message":"Executed query (SELECT * FROM npwd_phone_contacts WHERE identifier = ? ORDER BY display ASC [\"N68429HO\"]) in 29.1776ms'","module":"DBInterface","timestamp":"2026-09-08T18:51:37.890Z"}
{"level":"silly","message":{"data":[],"status":"ok"},"module":"events","timestamp":"2026-09-08T18:51:37.888Z"}
{"level":"silly","message":"Response Promise Event phone:getMyProfile:03e3cb68-ad12-446b-808b-18b7b134e0fc (32.4097ms), Data >>","module":"events","timestamp":"2026-09-08T18:51:37.889Z"}
{"level":"silly","message":{"data":{"bio":"","createdAt":"2026-09-08T16:55:31.000Z","id":1,"identifier":"N68429HO","image":"https://upload.wikimedia.org/wikipedia/commons/a/ac/No_image_available.svg","job":"","lastActive":1788886531,"lastActiveFormatted":"Tue, 08 Sep 2026 16:55:31 GMT","location":"","name":"Ben Dover","tagList":[],"tags":"","updatedAt":"2026-09-08T16:55:31.000Z","viewed":false,"voiceMessage":null},"status":"ok"},"module":"events","timestamp":"2026-09-08T18:51:37.889Z"}
{"level":"silly","message":"Response Promise Event npwd-contact-getAll:43278f8c-8cef-466b-bbee-ee2bad7ca8d1 (29.8406ms), Data >>","module":"events","timestamp":"2026-09-08T18:51:37.890Z"}
{"level":"silly","message":{"data":[],"status":"ok"},"module":"events","timestamp":"2026-09-08T18:51:37.890Z"}
{"level":"info","message":"Executed query (SELECT id FROM npwd_marketplace_listings WHERE identifier = ? [\"N68429HO\"]) in 14.4905ms'","module":"DBInterface","timestamp":"2026-09-08T18:55:44.898Z"}
{"level":"info","message":"Executed query (DELETE FROM npwd_marketplace_listings WHERE identifier = ? AND reported = 0 [\"N68429HO\"]) in 14.8017ms'","module":"DBInterface","timestamp":"2026-09-08T18:55:44.913Z"}
{"level":"info","message":"Unloaded NPWD Player, source: (1)","module":"player","timestamp":"2026-09-08T18:55:44.913Z"}
{"level":"debug","message":"Marketplace service started","module":"marketplace","timestamp":"2026-09-08T18:55:54.732Z"}
{"level":"debug","message":"Call service started","module":"calls","timestamp":"2026-09-08T18:55:54.734Z"}
{"level":"debug","message":"Player Service started","module":"player","timestamp":"2026-09-08T18:55:54.734Z"}
{"level":"info","message":"Loading QBX bridge....","timestamp":"2026-09-08T18:55:54.734Z"}
{"level":"info","message":"QBX bridge initialized","timestamp":"2026-09-08T18:55:54.735Z"}
{"level":"debug","message":"Boot service started","module":"boot","timestamp":"2026-09-08T18:55:54.735Z"}
{"level":"debug","message":"Messages service started","module":"messages","timestamp":"2026-09-08T18:55:54.735Z"}
{"level":"debug","message":"Notes service started","module":"notes","timestamp":"2026-09-08T18:55:54.735Z"}
{"level":"debug","message":"Contacts service started","module":"contact","timestamp":"2026-09-08T18:55:54.735Z"}
{"level":"debug","message":"Photo service started","module":"photo","timestamp":"2026-09-08T18:55:54.745Z"}
{"level":"debug","message":"Twitter service started","module":"twitter","timestamp":"2026-09-08T18:55:54.745Z"}
{"level":"debug","message":"Match service started","module":"match","timestamp":"2026-09-08T18:55:54.746Z"}
{"level":"debug","message":"Beginning database schema validation","module":"boot","timestamp":"2026-09-08T18:55:56.027Z"}
{"level":"info","message":"Successfully started","timestamp":"2026-09-08T18:55:56.038Z"}
{"level":"info","message":"Executed query (SELECT COUNT(*) as count\n                       FROM information_schema.tables\n                       WHERE table_schema = ?\n                         AND table_name = ? [\"Qbox_A03CB0\",\"players\"]) in 57.0542ms'","module":"DBInterface","timestamp":"2026-09-08T18:55:56.084Z"}
{"level":"info","message":"Executed query (SHOW COLUMNS IN players []) in 31.5203ms'","module":"DBInterface","timestamp":"2026-09-08T18:55:56.116Z"}
{"level":"debug","message":"Database schema successfully validated","module":"boot","timestamp":"2026-09-08T18:55:56.116Z"}
{"level":"info","message":"New NPWD Player added through event (1) (N68429HO)","module":"player","timestamp":"2026-09-08T18:58:50.980Z"}
{"level":"debug","message":{"_firstname":"Ben","_identifier":"N68429HO","_lastname":"Dover","_phoneNumber":"8946606402","source":1,"username":"NotAGirl"},"module":"player","timestamp":"2026-09-08T18:58:50.980Z"}
{"level":"info","message":"New NPWD Player added through event (1) (N68429HO)","module":"player","timestamp":"2026-09-08T18:58:50.986Z"}
{"level":"debug","message":{"_firstname":"Ben","_identifier":"N68429HO","_lastname":"Dover","_phoneNumber":"8946606402","source":1,"username":"NotAGirl"},"module":"player","timestamp":"2026-09-08T18:58:50.986Z"}
{"level":"silly","message":"netPromise > npwd:fetchTweets > RequestObj","module":"events","timestamp":"2026-09-08T18:58:51.022Z"}
{"level":"silly","message":{"data":{"pageId":0},"source":1},"module":"events","timestamp":"2026-09-08T18:58:51.022Z"}
{"level":"info","message":"Executed query (\n        SELECT *\n        FROM npwd_twitter_profiles\n        WHERE identifier = ?\n        LIMIT 1\n\t\t [\"N68429HO\"]) in 8.4962ms'","module":"DBInterface","timestamp":"2026-09-08T18:58:51.031Z"}
{"level":"info","message":"Executed query (\n        SELECT \n  npwd_twitter_tweets.id,\n  npwd_twitter_tweets.identifier,\n  npwd_twitter_profiles.id AS profile_id,\n  npwd_twitter_profiles.profile_name,\n  npwd_twitter_profiles.avatar_url,\n  npwd_twitter_tweets.likes,\n  npwd_twitter_tweets.visible,\n  IFNULL(COALESCE(retweets.message, npwd_twitter_tweets.message), '') AS message,\n  IFNULL(COALESCE(retweets.images, npwd_twitter_tweets.images), '') AS images,\n  npwd_twitter_tweets.retweet IS NOT NULL AS isRetweet,\n  retweets.id AS retweetId,\n  retweets_profiles.profile_name AS retweetProfileName,\n  retweets_profiles.avatar_url AS retweetAvatarUrl,\n  npwd_twitter_likes.id IS NOT NULL AS isLiked,\n  npwd_twitter_reports.id IS NOT NULL AS isReported,\n  npwd_twitter_tweets.createdAt,\n  npwd_twitter_tweets.updatedAt,\n  TIME_TO_SEC(TIMEDIFF( NOW(), npwd_twitter_tweets.createdAt)) AS seconds_since_tweet\n\n        FROM npwd_twitter_tweets\n                 LEFT OUTER JOIN npwd_twitter_profiles\n                                 ON npwd_twitter_tweets.identifier = npwd_twitter_profiles.identifier\n                 LEFT OUTER JOIN npwd_twitter_likes ON npwd_twitter_tweets.id = npwd_twitter_likes.tweet_id AND\n                                                       npwd_twitter_likes.profile_id = ?\n                 LEFT OUTER JOIN npwd_twitter_reports ON npwd_twitter_tweets.id = npwd_twitter_reports.tweet_id AND\n                                                         npwd_twitter_reports.profile_id = ?\n                 LEFT OUTER JOIN npwd_twitter_tweets AS retweets ON retweets.id = npwd_twitter_tweets.retweet\n                 LEFT OUTER JOIN npwd_twitter_profiles AS retweets_profiles\n                                 ON retweets.identifier = retweets_profiles.identifier\n        WHERE npwd_twitter_tweets.visible = 1\n        ORDER BY id DESC\n        LIMIT ? OFFSET ?\n\t\t [1,1,\"25\",\"0\"]) in 5.8696ms'","module":"DBInterface","timestamp":"2026-09-08T18:58:51.037Z"}
{"level":"silly","message":"Response Promise Event npwd:fetchTweets:d375a93e-4050-4016-8042-e4ef12e92690 (15.645ms), Data >>","module":"events","timestamp":"2026-09-08T18:58:51.038Z"}
{"level":"silly","message":{"data":[],"status":"ok"},"module":"events","timestamp":"2026-09-08T18:58:51.038Z"}
{"level":"silly","message":"netPromise > npwd:getOrCreateTwitterProfile > RequestObj","module":"events","timestamp":"2026-09-08T18:58:51.129Z"}
{"level":"silly","message":{"data":null,"source":1},"module":"events","timestamp":"2026-09-08T18:58:51.129Z"}
{"level":"silly","message":"netPromise > phone:getMyProfile > RequestObj","module":"events","timestamp":"2026-09-08T18:58:51.130Z"}
{"level":"silly","message":{"data":null,"source":1},"module":"events","timestamp":"2026-09-08T18:58:51.130Z"}
{"level":"silly","message":"netPromise > npwd:fetchMessageGroups > RequestObj","module":"events","timestamp":"2026-09-08T18:58:51.132Z"}
{"level":"silly","message":{"data":null,"source":1},"module":"events","timestamp":"2026-09-08T18:58:51.133Z"}
{"level":"silly","message":"netPromise > npwd-contact-getAll > RequestObj","module":"events","timestamp":"2026-09-08T18:58:51.135Z"}
{"level":"silly","message":{"data":null,"source":1},"module":"events","timestamp":"2026-09-08T18:58:51.135Z"}
{"level":"info","message":"Executed query (\n        SELECT *\n        FROM npwd_twitter_profiles\n        WHERE identifier = ?\n        LIMIT 1\n\t\t [\"N68429HO\"]) in 13.4731ms'","module":"DBInterface","timestamp":"2026-09-08T18:58:51.144Z"}
{"level":"silly","message":"Response Promise Event npwd:getOrCreateTwitterProfile:9c3e2e57-b40f-4d09-854b-d2081023a61c (14.9847ms), Data >>","module":"events","timestamp":"2026-09-08T18:58:51.144Z"}
{"level":"silly","message":{"data":{"avatar_url":"https://i.fivemanage.com/images/3ClWwmpwkFhL.png","createdAt":"2026-09-08T16:55:31.000Z","id":1,"identifier":"N68429HO","profile_name":"Ben_Dover","updatedAt":"2026-09-08T16:55:31.000Z"},"status":"ok"},"module":"events","timestamp":"2026-09-08T18:58:51.144Z"}
{"level":"info","message":"Executed query (\n        SELECT *,\n               UNIX_TIMESTAMP(updatedAt) AS lastActive\n        FROM npwd_match_profiles\n        WHERE identifier = ?\n        LIMIT 1\n\t\t [\"N68429HO\"]) in 21.6216ms'","module":"DBInterface","timestamp":"2026-09-08T18:58:51.153Z"}
{"level":"silly","message":"Response Promise Event phone:getMyProfile:ebe4837f-8f97-4508-bec3-151a2720226e (23.4894ms), Data >>","module":"events","timestamp":"2026-09-08T18:58:51.154Z"}
{"level":"info","message":"Executed query (SELECT npwd_messages_conversations.id,\n                          npwd_messages_conversations.conversation_list         as conversationList,\n                          npwd_messages_participants.unread_count               as unreadCount,\n                          npwd_messages_conversations.is_group_chat             as isGroupChat,\n                          npwd_messages_conversations.label,\n                          UNIX_TIMESTAMP(npwd_messages_conversations.updatedAt) as updatedAt,\n                          npwd_messages_participants.participant\n                   FROM npwd_messages_conversations\n                            INNER JOIN npwd_messages_participants\n                                       on npwd_messages_conversations.id = npwd_messages_participants.conversation_id\n                   WHERE npwd_messages_participants.participant = ? [\"8946606402\"]) in 22.1959ms'","module":"DBInterface","timestamp":"2026-09-08T18:58:51.155Z"}
{"level":"info","message":"Executed query (SELECT * FROM npwd_phone_contacts WHERE identifier = ? ORDER BY display ASC [\"N68429HO\"]) in 20.6592ms'","module":"DBInterface","timestamp":"2026-09-08T18:58:51.156Z"}
{"level":"silly","message":{"data":{"bio":"","createdAt":"2026-09-08T16:55:31.000Z","id":1,"identifier":"N68429HO","image":"https://upload.wikimedia.org/wikipedia/commons/a/ac/No_image_available.svg","job":"","lastActive":1788886531,"lastActiveFormatted":"Tue, 08 Sep 2026 16:55:31 GMT","location":"","name":"Ben Dover","tagList":[],"tags":"","updatedAt":"2026-09-08T16:55:31.000Z","viewed":false,"voiceMessage":null},"status":"ok"},"module":"events","timestamp":"2026-09-08T18:58:51.154Z"}
{"level":"silly","message":"Response Promise Event npwd:fetchMessageGroups:c2b712f4-be21-4aa4-b6d3-0cf8b935a672 (22.7923ms), Data >>","module":"events","timestamp":"2026-09-08T18:58:51.155Z"}
{"level":"silly","message":{"data":[],"status":"ok"},"module":"events","timestamp":"2026-09-08T18:58:51.155Z"}
{"level":"silly","message":"Response Promise Event npwd-contact-getAll:62432dd5-89f5-4b74-aed5-fc1df4108a7b (21.2833ms), Data >>","module":"events","timestamp":"2026-09-08T18:58:51.156Z"}
{"level":"silly","message":{"data":[],"status":"ok"},"module":"events","timestamp":"2026-09-08T18:58:51.156Z"}
{"level":"info","message":"Executed query (SELECT id FROM npwd_marketplace_listings WHERE identifier = ? [\"N68429HO\"]) in 11.5195ms'","module":"DBInterface","timestamp":"2026-09-08T19:05:00.725Z"}
{"level":"info","message":"Executed query (DELETE FROM npwd_marketplace_listings WHERE identifier = ? AND reported = 0 [\"N68429HO\"]) in 15.9156ms'","module":"DBInterface","timestamp":"2026-09-08T19:05:00.741Z"}
{"level":"info","message":"Unloaded NPWD Player, source: (1)","module":"player","timestamp":"2026-09-08T19:05:00.742Z"}
{"level":"debug","message":"Marketplace service started","module":"marketplace","timestamp":"2026-09-08T19:05:10.449Z"}
{"level":"debug","message":"Call service started","module":"calls","timestamp":"2026-09-08T19:05:10.451Z"}
{"level":"debug","message":"Player Service started","module":"player","timestamp":"2026-09-08T19:05:10.451Z"}
{"level":"info","message":"Loading QBX bridge....","timestamp":"2026-09-08T19:05:10.451Z"}
{"level":"info","message":"QBX bridge initialized","timestamp":"2026-09-08T19:05:10.452Z"}
{"level":"debug","message":"Boot service started","module":"boot","timestamp":"2026-09-08T19:05:10.452Z"}
{"level":"debug","message":"Messages service started","module":"messages","timestamp":"2026-09-08T19:05:10.452Z"}
{"level":"debug","message":"Notes service started","module":"notes","timestamp":"2026-09-08T19:05:10.452Z"}
{"level":"debug","message":"Contacts service started","module":"contact","timestamp":"2026-09-08T19:05:10.452Z"}
{"level":"debug","message":"Photo service started","module":"photo","timestamp":"2026-09-08T19:05:10.461Z"}
{"level":"debug","message":"Twitter service started","module":"twitter","timestamp":"2026-09-08T19:05:10.462Z"}
{"level":"debug","message":"Match service started","module":"match","timestamp":"2026-09-08T19:05:10.462Z"}
{"level":"debug","message":"Beginning database schema validation","module":"boot","timestamp":"2026-09-08T19:05:11.726Z"}
{"level":"info","message":"Successfully started","timestamp":"2026-09-08T19:05:11.737Z"}
{"level":"info","message":"Executed query (SELECT COUNT(*) as count\n                       FROM information_schema.tables\n                       WHERE table_schema = ?\n                         AND table_name = ? [\"Qbox_A03CB0\",\"players\"]) in 41.9895ms'","module":"DBInterface","timestamp":"2026-09-08T19:05:11.769Z"}
{"level":"info","message":"Executed query (SHOW COLUMNS IN players []) in 31.4572ms'","module":"DBInterface","timestamp":"2026-09-08T19:05:11.801Z"}
{"level":"debug","message":"Database schema successfully validated","module":"boot","timestamp":"2026-09-08T19:05:11.801Z"}
{"level":"info","message":"New NPWD Player added through event (1) (N68429HO)","module":"player","timestamp":"2026-09-08T19:08:33.002Z"}
{"level":"debug","message":{"_firstname":"Ben","_identifier":"N68429HO","_lastname":"Dover","_phoneNumber":"8946606402","source":1,"username":"NotAGirl"},"module":"player","timestamp":"2026-09-08T19:08:33.002Z"}
{"level":"info","message":"New NPWD Player added through event (1) (N68429HO)","module":"player","timestamp":"2026-09-08T19:08:33.015Z"}
{"level":"debug","message":{"_firstname":"Ben","_identifier":"N68429HO","_lastname":"Dover","_phoneNumber":"8946606402","source":1,"username":"NotAGirl"},"module":"player","timestamp":"2026-09-08T19:08:33.015Z"}
{"level":"silly","message":"netPromise > npwd:fetchTweets > RequestObj","module":"events","timestamp":"2026-09-08T19:08:33.093Z"}
{"level":"silly","message":{"data":{"pageId":0},"source":1},"module":"events","timestamp":"2026-09-08T19:08:33.093Z"}
{"level":"info","message":"Executed query (\n        SELECT *\n        FROM npwd_twitter_profiles\n        WHERE identifier = ?\n        LIMIT 1\n\t\t [\"N68429HO\"]) in 15.8912ms'","module":"DBInterface","timestamp":"2026-09-08T19:08:33.109Z"}
{"level":"info","message":"Executed query (\n        SELECT \n  npwd_twitter_tweets.id,\n  npwd_twitter_tweets.identifier,\n  npwd_twitter_profiles.id AS profile_id,\n  npwd_twitter_profiles.profile_name,\n  npwd_twitter_profiles.avatar_url,\n  npwd_twitter_tweets.likes,\n  npwd_twitter_tweets.visible,\n  IFNULL(COALESCE(retweets.message, npwd_twitter_tweets.message), '') AS message,\n  IFNULL(COALESCE(retweets.images, npwd_twitter_tweets.images), '') AS images,\n  npwd_twitter_tweets.retweet IS NOT NULL AS isRetweet,\n  retweets.id AS retweetId,\n  retweets_profiles.profile_name AS retweetProfileName,\n  retweets_profiles.avatar_url AS retweetAvatarUrl,\n  npwd_twitter_likes.id IS NOT NULL AS isLiked,\n  npwd_twitter_reports.id IS NOT NULL AS isReported,\n  npwd_twitter_tweets.createdAt,\n  npwd_twitter_tweets.updatedAt,\n  TIME_TO_SEC(TIMEDIFF( NOW(), npwd_twitter_tweets.createdAt)) AS seconds_since_tweet\n\n        FROM npwd_twitter_tweets\n                 LEFT OUTER JOIN npwd_twitter_profiles\n                                 ON npwd_twitter_tweets.identifier = npwd_twitter_profiles.identifier\n                 LEFT OUTER JOIN npwd_twitter_likes ON npwd_twitter_tweets.id = npwd_twitter_likes.tweet_id AND\n                                                       npwd_twitter_likes.profile_id = ?\n                 LEFT OUTER JOIN npwd_twitter_reports ON npwd_twitter_tweets.id = npwd_twitter_reports.tweet_id AND\n                                                         npwd_twitter_reports.profile_id = ?\n                 LEFT OUTER JOIN npwd_twitter_tweets AS retweets ON retweets.id = npwd_twitter_tweets.retweet\n                 LEFT OUTER JOIN npwd_twitter_profiles AS retweets_profiles\n                                 ON retweets.identifier = retweets_profiles.identifier\n        WHERE npwd_twitter_tweets.visible = 1\n        ORDER BY id DESC\n        LIMIT ? OFFSET ?\n\t\t [1,1,\"25\",\"0\"]) in 29.2177ms'","module":"DBInterface","timestamp":"2026-09-08T19:08:33.139Z"}
{"level":"silly","message":"Response Promise Event npwd:fetchTweets:60557d02-faf4-4c05-860a-b5d4d8e2e240 (46.2419ms), Data >>","module":"events","timestamp":"2026-09-08T19:08:33.139Z"}
{"level":"silly","message":{"data":[],"status":"ok"},"module":"events","timestamp":"2026-09-08T19:08:33.139Z"}
{"level":"silly","message":"netPromise > npwd:getOrCreateTwitterProfile > RequestObj","module":"events","timestamp":"2026-09-08T19:08:33.216Z"}
{"level":"silly","message":{"data":null,"source":1},"module":"events","timestamp":"2026-09-08T19:08:33.216Z"}
{"level":"silly","message":"netPromise > phone:getMyProfile > RequestObj","module":"events","timestamp":"2026-09-08T19:08:33.216Z"}
{"level":"silly","message":{"data":null,"source":1},"module":"events","timestamp":"2026-09-08T19:08:33.216Z"}
{"level":"silly","message":"netPromise > npwd:fetchMessageGroups > RequestObj","module":"events","timestamp":"2026-09-08T19:08:33.217Z"}
{"level":"silly","message":{"data":null,"source":1},"module":"events","timestamp":"2026-09-08T19:08:33.217Z"}
{"level":"silly","message":"netPromise > npwd-contact-getAll > RequestObj","module":"events","timestamp":"2026-09-08T19:08:33.218Z"}
{"level":"silly","message":{"data":null,"source":1},"module":"events","timestamp":"2026-09-08T19:08:33.218Z"}
{"level":"info","message":"Executed query (\n        SELECT *\n        FROM npwd_twitter_profiles\n        WHERE identifier = ?\n        LIMIT 1\n\t\t [\"N68429HO\"]) in 6.2105ms'","module":"DBInterface","timestamp":"2026-09-08T19:08:33.222Z"}
{"level":"silly","message":"Response Promise Event npwd:getOrCreateTwitterProfile:d80015e9-f62b-479c-820f-d6b5a92650ec (6.8588ms), Data >>","module":"events","timestamp":"2026-09-08T19:08:33.223Z"}
{"level":"silly","message":{"data":{"avatar_url":"https://i.fivemanage.com/images/3ClWwmpwkFhL.png","createdAt":"2026-09-08T16:55:31.000Z","id":1,"identifier":"N68429HO","profile_name":"Ben_Dover","updatedAt":"2026-09-08T16:55:31.000Z"},"status":"ok"},"module":"events","timestamp":"2026-09-08T19:08:33.223Z"}
{"level":"info","message":"Executed query (SELECT * FROM npwd_phone_contacts WHERE identifier = ? ORDER BY display ASC [\"N68429HO\"]) in 29.57ms'","module":"DBInterface","timestamp":"2026-09-08T19:08:33.248Z"}
{"level":"silly","message":"Response Promise Event npwd-contact-getAll:dade7576-80a4-41c6-98d3-c23459adcf9f (30.0528ms), Data >>","module":"events","timestamp":"2026-09-08T19:08:33.248Z"}
{"level":"info","message":"Executed query (\n        SELECT *,\n               UNIX_TIMESTAMP(updatedAt) AS lastActive\n        FROM npwd_match_profiles\n        WHERE identifier = ?\n        LIMIT 1\n\t\t [\"N68429HO\"]) in 32.4012ms'","module":"DBInterface","timestamp":"2026-09-08T19:08:33.249Z"}
{"level":"info","message":"Executed query (SELECT npwd_messages_conversations.id,\n                          npwd_messages_conversations.conversation_list         as conversationList,\n                          npwd_messages_participants.unread_count               as unreadCount,\n                          npwd_messages_conversations.is_group_chat             as isGroupChat,\n                          npwd_messages_conversations.label,\n                          UNIX_TIMESTAMP(npwd_messages_conversations.updatedAt) as updatedAt,\n                          npwd_messages_participants.participant\n                   FROM npwd_messages_conversations\n                            INNER JOIN npwd_messages_participants\n                                       on npwd_messages_conversations.id = npwd_messages_participants.conversation_id\n                   WHERE npwd_messages_participants.participant = ? [\"8946606402\"]) in 32.6862ms'","module":"DBInterface","timestamp":"2026-09-08T19:08:33.250Z"}
{"level":"silly","message":{"data":[],"status":"ok"},"module":"events","timestamp":"2026-09-08T19:08:33.248Z"}
{"level":"silly","message":"Response Promise Event phone:getMyProfile:47b11d42-80d8-4946-ab70-52a69495c3ad (33.0253ms), Data >>","module":"events","timestamp":"2026-09-08T19:08:33.249Z"}
{"level":"silly","message":{"data":{"bio":"","createdAt":"2026-09-08T16:55:31.000Z","id":1,"identifier":"N68429HO","image":"https://upload.wikimedia.org/wikipedia/commons/a/ac/No_image_available.svg","job":"","lastActive":1788886531,"lastActiveFormatted":"Tue, 08 Sep 2026 16:55:31 GMT","location":"","name":"Ben Dover","tagList":[],"tags":"","updatedAt":"2026-09-08T16:55:31.000Z","viewed":false,"voiceMessage":null},"status":"ok"},"module":"events","timestamp":"2026-09-08T19:08:33.249Z"}
{"level":"silly","message":"Response Promise Event npwd:fetchMessageGroups:b1f12767-0d65-4029-b032-e76162a0d9ae (32.9354ms), Data >>","module":"events","timestamp":"2026-09-08T19:08:33.250Z"}
{"level":"silly","message":{"data":[],"status":"ok"},"module":"events","timestamp":"2026-09-08T19:08:33.250Z"}
