[19-09-2026 12:18:27] [    info] [                ] Scanning resources
[19-09-2026 12:18:27] [    info] [                ] Found 93 resources
[19-09-2026 12:18:27] [ warning] [                ] Resource 'pillbox' uses the deprecated 'stream/' folder. Please rename it to 'stream_enhanced/' for future compatibility.
[19-09-2026 12:18:27] [ warning] [                ] Resource 'bob74_ipl' uses the deprecated 'stream/' folder. Please rename it to 'stream_enhanced/' for future compatibility.
[19-09-2026 12:18:27] [ warning] [                ] Resource 'qbx_density' uses the deprecated 'stream/' folder. Please rename it to 'stream_enhanced/' for future compatibility.
[19-09-2026 12:18:27] [ warning] [                ] Resource 'qbx_properties' uses the deprecated 'stream/' folder. Please rename it to 'stream_enhanced/' for future compatibility.
[19-09-2026 12:18:27] [ warning] [                ] Resource 'qbx_hud' uses the deprecated 'stream/' folder. Please rename it to 'stream_enhanced/' for future compatibility.
[19-09-2026 12:18:27] [ warning] [                ] Resource 'qbx_customs' uses the deprecated 'stream/' folder. Please rename it to 'stream_enhanced/' for future compatibility.
[19-09-2026 12:18:27] [ warning] [                ] Resource 'ultra-voltlab' uses the deprecated 'stream/' folder. Please rename it to 'stream_enhanced/' for future compatibility.
[19-09-2026 12:18:27] [ warning] [                ] Resource 'scully_emotemenu' uses the deprecated 'stream/' folder. Please rename it to 'stream_enhanced/' for future compatibility.
[19-09-2026 12:18:27] [   error] [                ] sv_enforceGameBuild is used with an invalid value 3258. Only 1 is supported to remove any game dlcs.
[19-09-2026 12:18:28] [    info] [         txadmin] ^5[txAdmin]^0 Resource v9.0.0-beta-646aba9a threads and commands set up. All Ready.^0
[19-09-2026 12:18:28] [    info] [                ] Starting resource mapmanager
[19-09-2026 12:18:28] [    info] [                ] Started resource mapmanager
[19-09-2026 12:18:28] [    info] [                ] Starting resource spawnmanager
[19-09-2026 12:18:28] [    info] [                ] Started resource spawnmanager
[19-09-2026 12:18:28] [    info] [                ] Starting resource baseevents
[19-09-2026 12:18:28] [    info] [                ] Started resource baseevents
[19-09-2026 12:18:28] [    info] [                ] Starting resource ox_lib
[19-09-2026 12:18:28] [    info] [                ] Started resource ox_lib
[19-09-2026 12:18:28] [    info] [                ] Starting resource qbx_core
[19-09-2026 12:18:28] [    info] [                ] Started resource qbx_core
[19-09-2026 12:18:28] [    info] [                ] Starting resource ox_target
[19-09-2026 12:18:28] [    info] [                ] Started resource ox_target
[19-09-2026 12:18:28] [    info] [                ] Starting resource ox_doorlock
[19-09-2026 12:18:28] [    info] [                ] Started resource ox_doorlock
[19-09-2026 12:18:28] [    info] [                ] Starting resource ox_fuel
[19-09-2026 12:18:28] [    info] [                ] Started resource ox_fuel
[19-09-2026 12:18:28] [    info] [                ] Starting resource qbx_adminmenu
[19-09-2026 12:18:28] [    info] [                ] Started resource qbx_adminmenu
[19-09-2026 12:18:28] [    info] [                ] Starting resource qbx_ambulancejob
[19-09-2026 12:18:28] [    info] [                ] Started resource qbx_ambulancejob
[19-09-2026 12:18:28] [    info] [                ] Starting resource qbx_bankrobbery
[19-09-2026 12:18:28] [    info] [                ] Started resource qbx_bankrobbery
[19-09-2026 12:18:28] [    info] [                ] Starting resource qbx_binoculars
[19-09-2026 12:18:28] [    info] [                ] Started resource qbx_binoculars
[19-09-2026 12:18:28] [    info] [                ] Starting resource qbx_busjob
[19-09-2026 12:18:28] [    info] [                ] Started resource qbx_busjob
[19-09-2026 12:18:28] [    info] [                ] Starting resource qbx_carwash
[19-09-2026 12:18:28] [    info] [                ] Started resource qbx_carwash
[19-09-2026 12:18:28] [    info] [                ] Starting resource qbx_chat_theme
[19-09-2026 12:18:28] [    info] [                ] Started resource qbx_chat_theme
[19-09-2026 12:18:28] [    info] [                ] Starting resource qbx_cityhall
[19-09-2026 12:18:28] [    info] [                ] Started resource qbx_cityhall
[19-09-2026 12:18:28] [    info] [                ] Starting resource qbx_customs
[19-09-2026 12:18:28] [    info] [                ] Started resource qbx_customs
[19-09-2026 12:18:28] [    info] [                ] Starting resource qbx_density
[19-09-2026 12:18:28] [    info] [                ] Started resource qbx_density
[19-09-2026 12:18:28] [    info] [                ] Starting resource qbx_divegear
[19-09-2026 12:18:28] [    info] [                ] Started resource qbx_divegear
[19-09-2026 12:18:28] [    info] [                ] Starting resource qbx_diving
[19-09-2026 12:18:28] [    info] [                ] Started resource qbx_diving
[19-09-2026 12:18:28] [    info] [                ] Starting resource qbx_drugs
[19-09-2026 12:18:29] [    info] [                ] Started resource qbx_drugs
[19-09-2026 12:18:29] [    info] [                ] Starting resource qbx_fireworks
[19-09-2026 12:18:29] [    info] [                ] Started resource qbx_fireworks
[19-09-2026 12:18:29] [    info] [                ] Starting resource qbx_garages
[19-09-2026 12:18:29] [    info] [                ] Started resource qbx_garages
[19-09-2026 12:18:29] [    info] [                ] Starting resource qbx_garbagejob
[19-09-2026 12:18:29] [    info] [                ] Started resource qbx_garbagejob
[19-09-2026 12:18:29] [    info] [                ] Starting resource qbx_houserobbery
[19-09-2026 12:18:29] [    info] [                ] Started resource qbx_houserobbery
[19-09-2026 12:18:29] [    info] [                ] Starting resource qbx_hud
[19-09-2026 12:18:29] [    info] [                ] Started resource qbx_hud
[19-09-2026 12:18:29] [    info] [                ] Starting resource qbx_idcard
[19-09-2026 12:18:29] [    info] [                ] Started resource qbx_idcard
[19-09-2026 12:18:29] [    info] [                ] Starting resource qbx_jewelery
[19-09-2026 12:18:29] [    info] [                ] Started resource qbx_jewelery
[19-09-2026 12:18:29] [    info] [                ] Starting resource qbx_lapraces
[19-09-2026 12:18:29] [    info] [                ] Started resource qbx_lapraces
[19-09-2026 12:18:29] [    info] [                ] Starting resource qbx_management
[19-09-2026 12:18:29] [    info] [                ] Started resource qbx_management
[19-09-2026 12:18:29] [    info] [                ] Starting resource qbx_mechanicjob
[19-09-2026 12:18:29] [    info] [                ] Started resource qbx_mechanicjob
[19-09-2026 12:18:29] [    info] [                ] Starting resource qbx_newsjob
[19-09-2026 12:18:29] [    info] [                ] Started resource qbx_newsjob
[19-09-2026 12:18:29] [    info] [                ] Starting resource qbx_pawnshop
[19-09-2026 12:18:29] [    info] [                ] Started resource qbx_pawnshop
[19-09-2026 12:18:29] [    info] [                ] Starting resource qbx_police
[19-09-2026 12:18:29] [    info] [                ] Started resource qbx_police
[19-09-2026 12:18:29] [    info] [                ] Starting resource qbx_properties
[19-09-2026 12:18:29] [    info] [                ] Started resource qbx_properties
[19-09-2026 12:18:29] [    info] [                ] Starting resource qbx_radialmenu
[19-09-2026 12:18:29] [    info] [                ] Started resource qbx_radialmenu
[19-09-2026 12:18:29] [    info] [                ] Starting resource qbx_recyclejob
[19-09-2026 12:18:29] [    info] [                ] Started resource qbx_recyclejob
[19-09-2026 12:18:29] [    info] [                ] Starting resource qbx_scoreboard
[19-09-2026 12:18:29] [    info] [                ] Started resource qbx_scoreboard
[19-09-2026 12:18:29] [    info] [                ] Starting resource qbx_scrapyard
[19-09-2026 12:18:29] [    info] [                ] Started resource qbx_scrapyard
[19-09-2026 12:18:29] [    info] [                ] Starting resource qbx_seatbelt
[19-09-2026 12:18:29] [    info] [                ] Started resource qbx_seatbelt
[19-09-2026 12:18:29] [    info] [                ] Starting resource qbx_smallresources
[19-09-2026 12:18:29] [    info] [qbx_smallresources] ^5[qbx_smallresources] ^3[WARN] [qbx_entitiesblacklist] You have entity blacklist enabled, this means that any entity that is blacklisted in config.lua will not be able to spawn, you can change this in qbx_smallresource/qbx_entitiesblacklist/config.lua^7
[19-09-2026 12:18:29] [    info] [                ] Started resource qbx_smallresources
[19-09-2026 12:18:29] [    info] [                ] Starting resource qbx_spawn
[19-09-2026 12:18:29] [    info] [                ] Started resource qbx_spawn
[19-09-2026 12:18:29] [    info] [                ] Starting resource qbx_storerobbery
[19-09-2026 12:18:29] [    info] [                ] Started resource qbx_storerobbery
[19-09-2026 12:18:29] [    info] [                ] Starting resource qbx_streetraces
[19-09-2026 12:18:29] [    info] [                ] Started resource qbx_streetraces
[19-09-2026 12:18:29] [    info] [                ] Starting resource qbx_taxijob
[19-09-2026 12:18:29] [    info] [                ] Started resource qbx_taxijob
[19-09-2026 12:18:29] [    info] [                ] Starting resource qbx_towjob
[19-09-2026 12:18:29] [    info] [                ] Started resource qbx_towjob
[19-09-2026 12:18:29] [    info] [                ] Starting resource qbx_truckerjob
[19-09-2026 12:18:29] [    info] [                ] Started resource qbx_truckerjob
[19-09-2026 12:18:29] [    info] [                ] Starting resource qbx_truckrobbery
[19-09-2026 12:18:29] [    info] [                ] Started resource qbx_truckrobbery
[19-09-2026 12:18:29] [    info] [                ] Starting resource qbx_vehiclekeys
[19-09-2026 12:18:29] [    info] [                ] Started resource qbx_vehiclekeys
[19-09-2026 12:18:29] [    info] [                ] Starting resource qbx_vehicles
[19-09-2026 12:18:29] [    info] [                ] Started resource qbx_vehicles
[19-09-2026 12:18:29] [    info] [                ] Starting resource qbx_vehiclesales
[19-09-2026 12:18:29] [    info] [                ] Started resource qbx_vehiclesales
[19-09-2026 12:18:29] [    info] [                ] Starting resource qbx_vehicleshop
[19-09-2026 12:18:29] [    info] [                ] Started resource qbx_vehicleshop
[19-09-2026 12:18:29] [    info] [                ] Starting resource qbx_vineyard
[19-09-2026 12:18:29] [    info] [                ] Started resource qbx_vineyard
[19-09-2026 12:18:29] [    info] [                ] Starting resource qbx_weed
[19-09-2026 12:18:29] [    info] [                ] Started resource qbx_weed
[19-09-2026 12:18:29] [    info] [                ] Starting resource bob74_ipl
[19-09-2026 12:18:29] [   error] [                ] Failed to start resource bob74_ipl. Error: Failed to generate cache for set: resource.rpf
[19-09-2026 12:18:29] [    info] [                ] Starting resource illenium-appearance
[19-09-2026 12:18:29] [    info] [                ] Started resource illenium-appearance
[19-09-2026 12:18:29] [    info] [                ] Starting resource loadscreen
[19-09-2026 12:18:29] [    info] [                ] Started resource loadscreen
[19-09-2026 12:18:29] [    info] [                ] Starting resource mana_audio
[19-09-2026 12:18:29] [    info] [                ] Started resource mana_audio
[19-09-2026 12:18:29] [    info] [                ] Starting resource mhacking
[19-09-2026 12:18:29] [    info] [                ] Started resource mhacking
[19-09-2026 12:18:29] [    info] [                ] Starting resource Renewed-Banking
[19-09-2026 12:18:29] [    info] [                ] Started resource Renewed-Banking
[19-09-2026 12:18:29] [    info] [                ] Starting resource Renewed-Weathersync
[19-09-2026 12:18:29] [    info] [                ] Started resource Renewed-Weathersync
[19-09-2026 12:18:29] [    info] [                ] Starting resource safecracker
[19-09-2026 12:18:29] [    info] [                ] Started resource safecracker
[19-09-2026 12:18:29] [    info] [                ] Starting resource screencapture
[19-09-2026 12:18:29] [    info] [                ] Started resource screencapture
[19-09-2026 12:18:29] [    info] [                ] Starting resource scully_emotemenu
[19-09-2026 12:18:29] [    info] [                ] Started resource scully_emotemenu
[19-09-2026 12:18:29] [    info] [                ] Starting resource ultra-voltlab
[19-09-2026 12:18:29] [    info] [                ] Started resource ultra-voltlab
[19-09-2026 12:18:29] [    info] [                ] Starting resource vehiclehandler
[19-09-2026 12:18:29] [    info] [                ] Started resource vehiclehandler
[19-09-2026 12:18:29] [    info] [                ] Starting resource xt-prison
[19-09-2026 12:18:29] [   error] [                ] Command jail is already registered.
[19-09-2026 12:18:29] [   error] [                ] Command unjail is already registered.
[19-09-2026 12:18:29] [    info] [                ] Started resource xt-prison
[19-09-2026 12:18:29] [    info] [                ] Starting resource mm_radio
[19-09-2026 12:18:29] [    info] [                ] Started resource mm_radio
[19-09-2026 12:18:29] [    info] [                ] Starting resource pillbox
[19-09-2026 12:18:30] [critical] [                ] The application has crashed!
