[12-09-2026 05:09:32] [    info] [                ] Scanning resources
[12-09-2026 05:09:32] [    info] [                ] Found 93 resources
[12-09-2026 05:09:32] [ warning] [                ] Resource 'bob74_ipl' uses the deprecated 'stream/' folder. Please rename it to 'stream_enhanced/' for future compatibility.
[12-09-2026 05:09:32] [   error] [                ] Unknown file in resource npwd_qbx_garages: web/dist/index.html
[12-09-2026 05:09:32] [ warning] [                ] Resource 'qbx_density' uses the deprecated 'stream/' folder. Please rename it to 'stream_enhanced/' for future compatibility.
[12-09-2026 05:09:32] [ warning] [                ] Resource 'qbx_hud' uses the deprecated 'stream/' folder. Please rename it to 'stream_enhanced/' for future compatibility.
[12-09-2026 05:09:32] [ warning] [                ] Resource 'qbx_customs' uses the deprecated 'stream/' folder. Please rename it to 'stream_enhanced/' for future compatibility.
[12-09-2026 05:09:32] [ warning] [                ] Resource 'qbx_properties' uses the deprecated 'stream/' folder. Please rename it to 'stream_enhanced/' for future compatibility.
[12-09-2026 05:09:32] [ warning] [                ] Resource 'ultra-voltlab' uses the deprecated 'stream/' folder. Please rename it to 'stream_enhanced/' for future compatibility.
[12-09-2026 05:09:32] [ warning] [                ] Resource 'scully_emotemenu' uses the deprecated 'stream/' folder. Please rename it to 'stream_enhanced/' for future compatibility.
[12-09-2026 05:09:32] [   error] [                ] sv_enforceGameBuild is used with an invalid value 3258. Only 1 is supported to remove any game dlcs.
[12-09-2026 05:09:33] [    info] [         txadmin] ^5[txAdmin]^0 Resource v9.0.0-beta-646aba9a threads and commands set up. All Ready.^0
[12-09-2026 05:09:33] [    info] [                ] Starting resource mapmanager
[12-09-2026 05:09:33] [    info] [                ] Started resource mapmanager
[12-09-2026 05:09:33] [    info] [                ] Starting resource spawnmanager
[12-09-2026 05:09:33] [    info] [                ] Started resource spawnmanager
[12-09-2026 05:09:33] [   error] [                ] Failed to ensure resource sessionmanager. Error: Resource "sessionmanager" not found
[12-09-2026 05:09:33] [    info] [                ] Stopped resource basic-gamemode
[12-09-2026 05:09:33] [   error] [                ] Failed to ensure resource hardcap. Error: Resource "hardcap" not found
[12-09-2026 05:09:33] [    info] [                ] Starting resource baseevents
[12-09-2026 05:09:33] [    info] [                ] Started resource baseevents
[12-09-2026 05:09:33] [    info] [                ] Starting resource oxmysql
[12-09-2026 05:09:33] [    info] [                ] Started resource oxmysql
[12-09-2026 05:09:33] [    info] [                ] Starting resource ox_lib
[12-09-2026 05:09:33] [    info] [                ] Started resource ox_lib
[12-09-2026 05:09:33] [    info] [                ] Starting resource qbx_core
[12-09-2026 05:09:33] [    info] [                ] Started resource qbx_core
[12-09-2026 05:09:33] [    info] [                ] Starting resource ox_target
[12-09-2026 05:09:33] [    info] [                ] Started resource ox_target
[12-09-2026 05:09:33] [    info] [                ] Starting resource ox_doorlock
[12-09-2026 05:09:33] [    info] [                ] Started resource ox_doorlock
[12-09-2026 05:09:33] [    info] [                ] Starting resource ox_fuel
[12-09-2026 05:09:33] [    info] [                ] Started resource ox_fuel
[12-09-2026 05:09:33] [    info] [                ] Starting resource qbx_adminmenu
[12-09-2026 05:09:33] [    info] [                ] Started resource qbx_adminmenu
[12-09-2026 05:09:33] [    info] [                ] Starting resource qbx_ambulancejob
[12-09-2026 05:09:33] [    info] [                ] Started resource qbx_ambulancejob
[12-09-2026 05:09:33] [    info] [                ] Starting resource qbx_bankrobbery
[12-09-2026 05:09:33] [    info] [                ] Started resource qbx_bankrobbery
[12-09-2026 05:09:33] [    info] [                ] Starting resource qbx_binoculars
[12-09-2026 05:09:33] [    info] [                ] Started resource qbx_binoculars
[12-09-2026 05:09:33] [    info] [                ] Starting resource qbx_busjob
[12-09-2026 05:09:33] [    info] [                ] Started resource qbx_busjob
[12-09-2026 05:09:33] [    info] [                ] Starting resource qbx_carwash
[12-09-2026 05:09:33] [    info] [                ] Started resource qbx_carwash
[12-09-2026 05:09:33] [    info] [                ] Starting resource qbx_chat_theme
[12-09-2026 05:09:33] [    info] [                ] Started resource qbx_chat_theme
[12-09-2026 05:09:33] [    info] [                ] Starting resource qbx_cityhall
[12-09-2026 05:09:33] [    info] [                ] Started resource qbx_cityhall
[12-09-2026 05:09:33] [    info] [                ] Starting resource qbx_customs
[12-09-2026 05:09:33] [    info] [                ] Started resource qbx_customs
[12-09-2026 05:09:33] [    info] [                ] Starting resource qbx_density
[12-09-2026 05:09:33] [    info] [                ] Started resource qbx_density
[12-09-2026 05:09:33] [    info] [                ] Starting resource qbx_divegear
[12-09-2026 05:09:33] [    info] [                ] Started resource qbx_divegear
[12-09-2026 05:09:33] [    info] [                ] Starting resource qbx_diving
[12-09-2026 05:09:33] [    info] [                ] Started resource qbx_diving
[12-09-2026 05:09:33] [    info] [                ] Starting resource qbx_drugs
[12-09-2026 05:09:33] [    info] [                ] Started resource qbx_drugs
[12-09-2026 05:09:33] [    info] [                ] Starting resource qbx_fireworks
[12-09-2026 05:09:33] [    info] [                ] Started resource qbx_fireworks
[12-09-2026 05:09:33] [    info] [                ] Starting resource qbx_garages
[12-09-2026 05:09:33] [    info] [                ] Started resource qbx_garages
[12-09-2026 05:09:33] [    info] [                ] Starting resource qbx_garbagejob
[12-09-2026 05:09:33] [    info] [                ] Started resource qbx_garbagejob
[12-09-2026 05:09:33] [    info] [                ] Starting resource qbx_houserobbery
[12-09-2026 05:09:33] [    info] [                ] Started resource qbx_houserobbery
[12-09-2026 05:09:33] [    info] [                ] Starting resource qbx_hud
[12-09-2026 05:09:33] [    info] [                ] Started resource qbx_hud
[12-09-2026 05:09:33] [    info] [                ] Starting resource qbx_idcard
[12-09-2026 05:09:33] [    info] [                ] Started resource qbx_idcard
[12-09-2026 05:09:33] [    info] [                ] Starting resource qbx_jewelery
[12-09-2026 05:09:33] [    info] [                ] Started resource qbx_jewelery
[12-09-2026 05:09:33] [    info] [                ] Starting resource qbx_lapraces
[12-09-2026 05:09:33] [    info] [                ] Started resource qbx_lapraces
[12-09-2026 05:09:33] [    info] [                ] Starting resource qbx_management
[12-09-2026 05:09:33] [    info] [                ] Started resource qbx_management
[12-09-2026 05:09:33] [    info] [                ] Starting resource qbx_mechanicjob
[12-09-2026 05:09:33] [    info] [                ] Started resource qbx_mechanicjob
[12-09-2026 05:09:33] [    info] [                ] Starting resource qbx_newsjob
[12-09-2026 05:09:33] [    info] [                ] Started resource qbx_newsjob
[12-09-2026 05:09:33] [    info] [                ] Starting resource qbx_pawnshop
[12-09-2026 05:09:33] [    info] [                ] Started resource qbx_pawnshop
[12-09-2026 05:09:33] [    info] [                ] Starting resource qbx_police
[12-09-2026 05:09:33] [    info] [                ] Started resource qbx_police
[12-09-2026 05:09:33] [    info] [                ] Starting resource qbx_properties
[12-09-2026 05:09:33] [    info] [                ] Started resource qbx_properties
[12-09-2026 05:09:33] [    info] [                ] Starting resource qbx_radialmenu
[12-09-2026 05:09:33] [    info] [                ] Started resource qbx_radialmenu
[12-09-2026 05:09:33] [    info] [                ] Starting resource qbx_recyclejob
[12-09-2026 05:09:33] [    info] [                ] Started resource qbx_recyclejob
[12-09-2026 05:09:33] [    info] [                ] Starting resource qbx_scoreboard
[12-09-2026 05:09:33] [    info] [                ] Started resource qbx_scoreboard
[12-09-2026 05:09:33] [    info] [                ] Starting resource qbx_scrapyard
[12-09-2026 05:09:33] [    info] [                ] Started resource qbx_scrapyard
[12-09-2026 05:09:33] [    info] [                ] Starting resource qbx_seatbelt
[12-09-2026 05:09:34] [    info] [                ] Started resource qbx_seatbelt
[12-09-2026 05:09:34] [    info] [                ] Starting resource qbx_smallresources
[12-09-2026 05:09:34] [    info] [qbx_smallresources] ^5[qbx_smallresources] ^3[WARN] [qbx_entitiesblacklist] You have entity blacklist enabled, this means that any entity that is blacklisted in config.lua will not be able to spawn, you can change this in qbx_smallresource/qbx_entitiesblacklist/config.lua^7
[12-09-2026 05:09:34] [    info] [                ] Started resource qbx_smallresources
[12-09-2026 05:09:34] [    info] [                ] Starting resource qbx_spawn
[12-09-2026 05:09:34] [    info] [                ] Started resource qbx_spawn
[12-09-2026 05:09:34] [    info] [                ] Starting resource qbx_storerobbery
[12-09-2026 05:09:34] [    info] [                ] Started resource qbx_storerobbery
[12-09-2026 05:09:34] [    info] [                ] Starting resource qbx_streetraces
[12-09-2026 05:09:34] [    info] [                ] Started resource qbx_streetraces
[12-09-2026 05:09:34] [    info] [                ] Starting resource qbx_taxijob
[12-09-2026 05:09:34] [    info] [                ] Started resource qbx_taxijob
[12-09-2026 05:09:34] [    info] [                ] Starting resource qbx_towjob
[12-09-2026 05:09:34] [    info] [                ] Started resource qbx_towjob
[12-09-2026 05:09:34] [    info] [                ] Starting resource qbx_truckerjob
[12-09-2026 05:09:34] [    info] [                ] Started resource qbx_truckerjob
[12-09-2026 05:09:34] [    info] [                ] Starting resource qbx_truckrobbery
[12-09-2026 05:09:34] [    info] [                ] Started resource qbx_truckrobbery
[12-09-2026 05:09:34] [    info] [                ] Starting resource qbx_vehicleadmin
[12-09-2026 05:09:34] [    info] [                ] Started resource qbx_vehicleadmin
[12-09-2026 05:09:34] [    info] [                ] Starting resource qbx_vehiclekeys
[12-09-2026 05:09:34] [    info] [                ] Started resource qbx_vehiclekeys
[12-09-2026 05:09:34] [    info] [                ] Starting resource qbx_vehicles
[12-09-2026 05:09:34] [    info] [                ] Started resource qbx_vehicles
[12-09-2026 05:09:34] [    info] [                ] Starting resource qbx_vehiclesales
[12-09-2026 05:09:34] [    info] [                ] Started resource qbx_vehiclesales
[12-09-2026 05:09:34] [    info] [                ] Starting resource qbx_vehicleshop
[12-09-2026 05:09:34] [    info] [                ] Started resource qbx_vehicleshop
[12-09-2026 05:09:34] [    info] [                ] Starting resource qbx_vineyard
[12-09-2026 05:09:34] [    info] [                ] Started resource qbx_vineyard
[12-09-2026 05:09:34] [    info] [                ] Starting resource qbx_weed
[12-09-2026 05:09:34] [    info] [                ] Started resource qbx_weed
[12-09-2026 05:09:34] [    info] [                ] Starting resource bob74_ipl
[12-09-2026 05:09:34] [    info] [                ] Started resource bob74_ipl
[12-09-2026 05:09:34] [    info] [                ] Starting resource illenium-appearance
[12-09-2026 05:09:34] [    info] [                ] Started resource illenium-appearance
[12-09-2026 05:09:34] [    info] [                ] Starting resource loadscreen
[12-09-2026 05:09:34] [    info] [                ] Started resource loadscreen
[12-09-2026 05:09:34] [    info] [                ] Starting resource mana_audio
[12-09-2026 05:09:34] [    info] [                ] Started resource mana_audio
[12-09-2026 05:09:34] [    info] [                ] Starting resource mhacking
[12-09-2026 05:09:34] [    info] [                ] Started resource mhacking
[12-09-2026 05:09:34] [    info] [                ] Starting resource Renewed-Banking
[12-09-2026 05:09:34] [    info] [                ] Started resource Renewed-Banking
[12-09-2026 05:09:34] [    info] [                ] Starting resource Renewed-Weathersync
[12-09-2026 05:09:34] [    info] [                ] Started resource Renewed-Weathersync
[12-09-2026 05:09:34] [    info] [                ] Starting resource safecracker
[12-09-2026 05:09:34] [    info] [                ] Started resource safecracker
[12-09-2026 05:09:34] [    info] [                ] Starting resource screencapture
[12-09-2026 05:09:34] [    info] [                ] Started resource screencapture
[12-09-2026 05:09:34] [    info] [                ] Starting resource scully_emotemenu
[12-09-2026 05:09:34] [    info] [                ] Started resource scully_emotemenu
[12-09-2026 05:09:34] [    info] [                ] Starting resource ultra-voltlab
[12-09-2026 05:09:34] [    info] [                ] Started resource ultra-voltlab
[12-09-2026 05:09:34] [    info] [                ] Starting resource vehiclehandler
[12-09-2026 05:09:34] [    info] [                ] Started resource vehiclehandler
[12-09-2026 05:09:34] [    info] [                ] Starting resource xt-prison
[12-09-2026 05:09:34] [   error] [                ] Command jail is already registered.
[12-09-2026 05:09:34] [   error] [                ] Command unjail is already registered.
[12-09-2026 05:09:34] [    info] [                ] Started resource xt-prison
[12-09-2026 05:09:34] [    info] [                ] Starting resource mm_radio
[12-09-2026 05:09:34] [    info] [                ] Started resource mm_radio
[12-09-2026 05:09:34] [   error] [                ] No resources found for category [assets]
[12-09-2026 05:09:34] [    info] [                ] Starting resource npwd_qbx_garages
[12-09-2026 05:09:34] [    info] [                ] Started resource npwd_qbx_garages
[12-09-2026 05:09:34] [    info] [                ] Starting resource npwd_qbx_mail
[12-09-2026 05:09:34] [    info] [                ] Started resource npwd_qbx_mail
[12-09-2026 05:09:34] [    info] [                ] Starting resource qbx_npwd
[12-09-2026 05:09:34] [    info] [                ] Started resource qbx_npwd
[12-09-2026 05:09:34] [    info] [                ] Starting resource npwd
[12-09-2026 05:09:35] [    info] [                ] Started resource npwd
[12-09-2026 05:09:36] [ warning] [              js] Unhandled promise rejection in resource npwd
[12-09-2026 05:09:36] [ warning] [              js] Uncaught Error: Driver not found.
dist/game/server/server.js(5138,130): getDriver
dist/game/server/server.js(5199,28): 
node:internal/process/task_queues(104,5): processTicksAndRejections

[12-09-2026 05:09:36] [ warning] [              js] Unhandled promise rejection in resource npwd
[12-09-2026 05:09:36] [ warning] [              js] Uncaught Error: Driver not found.
dist/game/server/server.js(5138,130): getDriver
dist/game/server/server.js(5199,28): 
node:internal/process/task_queues(104,5): processTicksAndRejections

[12-09-2026 05:09:36] [ warning] [              js] Unhandled promise rejection in resource npwd
[12-09-2026 05:09:36] [ warning] [              js] Uncaught Error: No available storage method found.
dist/game/server/server.js(5207,27): 
node:internal/process/task_queues(104,5): processTicksAndRejections

[12-09-2026 05:09:36] [   error] [                ] Server list query returned an error: server request failed: server request failed for endpoint https://171.76.82.151:30120/players.json (Get "https://171.76.82.151:30120/players.json": context deadline exceeded (Client.Timeout exceeded while awaiting headers))
server request failed: server request failed for endpoint https://171.76.82.151:30120/info.json (Get "https://171.76.82.151:30120/info.json": context deadline exceeded (Client.Timeout exceeded while awaiting headers))
server request failed: server request failed for endpoint https://171.76.82.151:30120/dynamic.json (Get "https://171.76.82.151:30120/dynamic.json": context deadline exceeded (Client.Timeout exceeded while awaiting headers)).
[12-09-2026 05:09:37] [ warning] [                ] ScheduleResourceTick: This native is deprecated. Script resources in FiveM for GTAV Enhanced are running on the same tick rate as the server main tick.
[12-09-2026 05:09:37] [    info] [         oxmysql] ^5[12.3.3-MariaDB] ^2Database server connection established!^0
[12-09-2026 05:09:37] [    info] [       xt-prison] ^5[xt-prison] ^7[INFO] Initializing Table: ^5xt_prison^0^7
[12-09-2026 05:09:37] [    info] [       xt-prison] ^5[xt-prison] ^7[INFO] Initializing Table: ^5xt_prison_items^0^7
[12-09-2026 05:09:37] [    info] [        qbx_core] ^5[qbx_core] ^7[INFO] Removed invalid groups from player_groups table^7
[12-09-2026 05:09:37] [    info] [        qbx_core] ^7
^4Welcome to ^3Qbox^4!
To learn more, please check out the documentation at ^5https://docs.qbox.re/^4.
To turn this message off, set the ^3qbx:acknowledge^4 convar to true in your server.cfg file.^7
^7
[12-09-2026 05:09:37] [    info] [    ox_inventory] ^5[ox_inventory] ^7[INFO] Inventory has loaded 301 items^7
[12-09-2026 05:09:38] [    info] [scully_emotemenu] [38;2;46;164;247m[scully_emotemenu]^7 You are currently running the latest version.^7
[12-09-2026 05:10:07] [   error] [                ] Server list query returned an error: server request failed: server request failed for endpoint https://171.76.82.151:30120/players.json (Get "https://171.76.82.151:30120/players.json": context deadline exceeded (Client.Timeout exceeded while awaiting headers))
server request failed: server request failed for endpoint https://171.76.82.151:30120/dynamic.json (Get "https://171.76.82.151:30120/dynamic.json": context deadline exceeded (Client.Timeout exceeded while awaiting headers))
server request failed: server request failed for endpoint https://171.76.82.151:30120/info.json (Get "https://171.76.82.151:30120/info.json": context deadline exceeded (Client.Timeout exceeded while awaiting headers)).
[12-09-2026 05:10:37] [   error] [                ] Server list query returned an error: server request failed: server request failed for endpoint https://171.76.82.151:30120/players.json (Get "https://171.76.82.151:30120/players.json": context deadline exceeded (Client.Timeout exceeded while awaiting headers))
server request failed: server request failed for endpoint https://171.76.82.151:30120/dynamic.json (Get "https://171.76.82.151:30120/dynamic.json": context deadline exceeded (Client.Timeout exceeded while awaiting headers))
server request failed: server request failed for endpoint https://171.76.82.151:30120/info.json (Get "https://171.76.82.151:30120/info.json": context deadline exceeded (Client.Timeout exceeded while awaiting headers)).
[12-09-2026 05:11:08] [   error] [                ] Server list query returned an error: server request failed: server request failed for endpoint https://171.76.82.151:30120/players.json (Get "https://171.76.82.151:30120/players.json": context deadline exceeded (Client.Timeout exceeded while awaiting headers))
server request failed: server request failed for endpoint https://171.76.82.151:30120/dynamic.json (Get "https://171.76.82.151:30120/dynamic.json": context deadline exceeded (Client.Timeout exceeded while awaiting headers))
server request failed: server request failed for endpoint https://171.76.82.151:30120/info.json (Get "https://171.76.82.151:30120/info.json": context deadline exceeded (Client.Timeout exceeded while awaiting headers)).
[12-09-2026 05:11:26] [    info] [        qbx_core] ^5[qbx_core] ^7[INFO] NotAGirl (Citizen ID: N68429HO ID: 1) has successfully loaded!^7
[12-09-2026 05:13:10] [    info] [ qbx_vehicleshop] ^3[QBX VEHICLE DEBUG] vehicleId: 16^0
[12-09-2026 05:13:10] [    info] [ qbx_vehicleshop] ^3[QBX VEHICLE DEBUG] vehicle data: {"citizenid":"N68429HO","depotPrice":0,"props":{"bodyHealth":1000,"plate":"43YQ8350","fuelLevel":100,"model":-2096690334,"engineHealth":1000},"id":16,"modelName":"impaler","state":0}^0
[12-09-2026 05:13:10] [    info] [ qbx_vehicleshop] ^3[QBX VEHICLE DEBUG] modelName: impaler^0
[12-09-2026 05:13:10] [    info] [ qbx_vehicleshop] ^3[QBX VEHICLE DEBUG] model: nil^0
[12-09-2026 05:13:13] [critical] [ qbx_vehicleshop] @qbx_core/modules/lib.lua:383: unable to successfully spawn vehicle after 3 attempts
^3> error^5
^3> spawnVehicle^5 (qbx_core/modules/lib.lua:383)
^3> SpawnVehicle^5 (qbx_vehicleshop/server/utils.lua:129)
^3> [global chunk]^5 (qbx_vehicleshop/server/main.lua:147)

[12-09-2026 05:14:46] [    info] [         txadmin] ^5[txAdmin]^0 Server shutting down. Kicking all players.^0
