[08-09-2026 23:36:19] [    info] [                ] Scanning resources
[08-09-2026 23:36:19] [    info] [                ] Found 92 resources
[08-09-2026 23:36:19] [ warning] [                ] Resource 'bob74_ipl' uses the deprecated 'stream/' folder. Please rename it to 'stream_enhanced/' for future compatibility.
[08-09-2026 23:36:19] [ warning] [                ] Resource 'qbx_density' uses the deprecated 'stream/' folder. Please rename it to 'stream_enhanced/' for future compatibility.
[08-09-2026 23:36:19] [ warning] [                ] Resource 'qbx_hud' uses the deprecated 'stream/' folder. Please rename it to 'stream_enhanced/' for future compatibility.
[08-09-2026 23:36:19] [ warning] [                ] Resource 'qbx_properties' uses the deprecated 'stream/' folder. Please rename it to 'stream_enhanced/' for future compatibility.
[08-09-2026 23:36:19] [ warning] [                ] Resource 'qbx_customs' uses the deprecated 'stream/' folder. Please rename it to 'stream_enhanced/' for future compatibility.
[08-09-2026 23:36:19] [ warning] [                ] Resource 'ultra-voltlab' uses the deprecated 'stream/' folder. Please rename it to 'stream_enhanced/' for future compatibility.
[08-09-2026 23:36:19] [ warning] [                ] Resource 'scully_emotemenu' uses the deprecated 'stream/' folder. Please rename it to 'stream_enhanced/' for future compatibility.
[08-09-2026 23:36:20] [   error] [                ] sv_enforceGameBuild is used with an invalid value 3258. Only 1 is supported to remove any game dlcs.
[08-09-2026 23:36:20] [    info] [         txadmin] ^5[txAdmin]^0 Resource v9.0.0-beta-646aba9a threads and commands set up. All Ready.^0
[08-09-2026 23:36:20] [    info] [                ] Starting resource mapmanager
[08-09-2026 23:36:20] [    info] [                ] Started resource mapmanager
[08-09-2026 23:36:20] [    info] [                ] Starting resource spawnmanager
[08-09-2026 23:36:20] [    info] [                ] Started resource spawnmanager
[08-09-2026 23:36:20] [   error] [                ] Failed to ensure resource sessionmanager. Error: Resource "sessionmanager" not found
[08-09-2026 23:36:20] [    info] [                ] Stopped resource basic-gamemode
[08-09-2026 23:36:20] [   error] [                ] Failed to ensure resource hardcap. Error: Resource "hardcap" not found
[08-09-2026 23:36:20] [    info] [                ] Starting resource baseevents
[08-09-2026 23:36:20] [    info] [                ] Started resource baseevents
[08-09-2026 23:36:20] [    info] [                ] Starting resource ox_lib
[08-09-2026 23:36:20] [    info] [                ] Started resource ox_lib
[08-09-2026 23:36:20] [    info] [                ] Starting resource qbx_core
[08-09-2026 23:36:21] [    info] [                ] Started resource qbx_core
[08-09-2026 23:36:21] [    info] [                ] Starting resource ox_target
[08-09-2026 23:36:21] [    info] [                ] Started resource ox_target
[08-09-2026 23:36:21] [    info] [                ] Starting resource ox_doorlock
[08-09-2026 23:36:21] [    info] [                ] Started resource ox_doorlock
[08-09-2026 23:36:21] [    info] [                ] Starting resource ox_fuel
[08-09-2026 23:36:21] [    info] [                ] Started resource ox_fuel
[08-09-2026 23:36:21] [    info] [                ] Starting resource qbx_adminmenu
[08-09-2026 23:36:21] [    info] [                ] Started resource qbx_adminmenu
[08-09-2026 23:36:21] [    info] [                ] Starting resource qbx_ambulancejob
[08-09-2026 23:36:21] [    info] [                ] Started resource qbx_ambulancejob
[08-09-2026 23:36:21] [    info] [                ] Starting resource qbx_bankrobbery
[08-09-2026 23:36:21] [    info] [                ] Started resource qbx_bankrobbery
[08-09-2026 23:36:21] [    info] [                ] Starting resource qbx_binoculars
[08-09-2026 23:36:21] [    info] [                ] Started resource qbx_binoculars
[08-09-2026 23:36:21] [    info] [                ] Starting resource qbx_busjob
[08-09-2026 23:36:21] [    info] [                ] Started resource qbx_busjob
[08-09-2026 23:36:21] [    info] [                ] Starting resource qbx_carwash
[08-09-2026 23:36:21] [    info] [                ] Started resource qbx_carwash
[08-09-2026 23:36:21] [    info] [                ] Starting resource qbx_chat_theme
[08-09-2026 23:36:21] [    info] [                ] Started resource qbx_chat_theme
[08-09-2026 23:36:21] [    info] [                ] Starting resource qbx_cityhall
[08-09-2026 23:36:21] [    info] [                ] Started resource qbx_cityhall
[08-09-2026 23:36:21] [    info] [                ] Starting resource qbx_customs
[08-09-2026 23:36:21] [    info] [                ] Started resource qbx_customs
[08-09-2026 23:36:21] [    info] [                ] Starting resource qbx_density
[08-09-2026 23:36:21] [    info] [                ] Started resource qbx_density
[08-09-2026 23:36:21] [    info] [                ] Starting resource qbx_divegear
[08-09-2026 23:36:21] [    info] [                ] Started resource qbx_divegear
[08-09-2026 23:36:21] [    info] [                ] Starting resource qbx_diving
[08-09-2026 23:36:21] [    info] [                ] Started resource qbx_diving
[08-09-2026 23:36:21] [    info] [                ] Starting resource qbx_drugs
[08-09-2026 23:36:21] [    info] [                ] Started resource qbx_drugs
[08-09-2026 23:36:21] [    info] [                ] Starting resource qbx_fireworks
[08-09-2026 23:36:21] [    info] [                ] Started resource qbx_fireworks
[08-09-2026 23:36:21] [    info] [                ] Starting resource qbx_garages
[08-09-2026 23:36:21] [    info] [                ] Started resource qbx_garages
[08-09-2026 23:36:21] [    info] [                ] Starting resource qbx_garbagejob
[08-09-2026 23:36:21] [    info] [                ] Started resource qbx_garbagejob
[08-09-2026 23:36:21] [    info] [                ] Starting resource qbx_houserobbery
[08-09-2026 23:36:21] [    info] [                ] Started resource qbx_houserobbery
[08-09-2026 23:36:21] [    info] [                ] Starting resource qbx_hud
[08-09-2026 23:36:21] [    info] [                ] Started resource qbx_hud
[08-09-2026 23:36:21] [    info] [                ] Starting resource qbx_idcard
[08-09-2026 23:36:21] [    info] [                ] Started resource qbx_idcard
[08-09-2026 23:36:21] [    info] [                ] Starting resource qbx_jewelery
[08-09-2026 23:36:21] [    info] [                ] Started resource qbx_jewelery
[08-09-2026 23:36:21] [    info] [                ] Starting resource qbx_lapraces
[08-09-2026 23:36:21] [    info] [                ] Started resource qbx_lapraces
[08-09-2026 23:36:21] [    info] [                ] Starting resource qbx_management
[08-09-2026 23:36:21] [    info] [                ] Started resource qbx_management
[08-09-2026 23:36:21] [    info] [                ] Starting resource qbx_mechanicjob
[08-09-2026 23:36:21] [    info] [                ] Started resource qbx_mechanicjob
[08-09-2026 23:36:21] [    info] [                ] Starting resource qbx_newsjob
[08-09-2026 23:36:21] [    info] [                ] Started resource qbx_newsjob
[08-09-2026 23:36:21] [    info] [                ] Starting resource qbx_pawnshop
[08-09-2026 23:36:21] [    info] [                ] Started resource qbx_pawnshop
[08-09-2026 23:36:21] [    info] [                ] Starting resource qbx_police
[08-09-2026 23:36:21] [    info] [                ] Started resource qbx_police
[08-09-2026 23:36:21] [    info] [                ] Starting resource qbx_properties
[08-09-2026 23:36:21] [    info] [                ] Started resource qbx_properties
[08-09-2026 23:36:21] [    info] [                ] Starting resource qbx_radialmenu
[08-09-2026 23:36:21] [    info] [                ] Started resource qbx_radialmenu
[08-09-2026 23:36:21] [    info] [                ] Starting resource qbx_recyclejob
[08-09-2026 23:36:21] [    info] [                ] Started resource qbx_recyclejob
[08-09-2026 23:36:21] [    info] [                ] Starting resource qbx_scoreboard
[08-09-2026 23:36:21] [    info] [                ] Started resource qbx_scoreboard
[08-09-2026 23:36:21] [    info] [                ] Starting resource qbx_scrapyard
[08-09-2026 23:36:21] [    info] [                ] Started resource qbx_scrapyard
[08-09-2026 23:36:21] [    info] [                ] Starting resource qbx_seatbelt
[08-09-2026 23:36:21] [    info] [                ] Started resource qbx_seatbelt
[08-09-2026 23:36:21] [    info] [                ] Starting resource qbx_smallresources
[08-09-2026 23:36:21] [    info] [qbx_smallresources] ^5[qbx_smallresources] ^3[WARN] [qbx_entitiesblacklist] You have entity blacklist enabled, this means that any entity that is blacklisted in config.lua will not be able to spawn, you can change this in qbx_smallresource/qbx_entitiesblacklist/config.lua^7
[08-09-2026 23:36:21] [    info] [                ] Started resource qbx_smallresources
[08-09-2026 23:36:21] [    info] [                ] Starting resource qbx_spawn
[08-09-2026 23:36:21] [    info] [                ] Started resource qbx_spawn
[08-09-2026 23:36:21] [    info] [                ] Starting resource qbx_storerobbery
[08-09-2026 23:36:21] [    info] [                ] Started resource qbx_storerobbery
[08-09-2026 23:36:21] [    info] [                ] Starting resource qbx_streetraces
[08-09-2026 23:36:21] [    info] [                ] Started resource qbx_streetraces
[08-09-2026 23:36:21] [    info] [                ] Starting resource qbx_taxijob
[08-09-2026 23:36:21] [    info] [                ] Started resource qbx_taxijob
[08-09-2026 23:36:21] [    info] [                ] Starting resource qbx_towjob
[08-09-2026 23:36:21] [    info] [                ] Started resource qbx_towjob
[08-09-2026 23:36:21] [    info] [                ] Starting resource qbx_truckerjob
[08-09-2026 23:36:21] [    info] [                ] Started resource qbx_truckerjob
[08-09-2026 23:36:21] [    info] [                ] Starting resource qbx_truckrobbery
[08-09-2026 23:36:21] [    info] [                ] Started resource qbx_truckrobbery
[08-09-2026 23:36:21] [    info] [                ] Starting resource qbx_vehiclekeys
[08-09-2026 23:36:21] [    info] [                ] Started resource qbx_vehiclekeys
[08-09-2026 23:36:21] [    info] [                ] Starting resource qbx_vehicles
[08-09-2026 23:36:21] [    info] [                ] Started resource qbx_vehicles
[08-09-2026 23:36:21] [    info] [                ] Starting resource qbx_vehiclesales
[08-09-2026 23:36:21] [    info] [                ] Started resource qbx_vehiclesales
[08-09-2026 23:36:21] [    info] [                ] Starting resource qbx_vehicleshop
[08-09-2026 23:36:22] [    info] [                ] Started resource qbx_vehicleshop
[08-09-2026 23:36:22] [    info] [                ] Starting resource qbx_vineyard
[08-09-2026 23:36:22] [    info] [                ] Started resource qbx_vineyard
[08-09-2026 23:36:22] [    info] [                ] Starting resource qbx_weed
[08-09-2026 23:36:22] [    info] [                ] Started resource qbx_weed
[08-09-2026 23:36:22] [    info] [                ] Starting resource bob74_ipl
[08-09-2026 23:36:22] [    info] [                ] Started resource bob74_ipl
[08-09-2026 23:36:22] [    info] [                ] Starting resource illenium-appearance
[08-09-2026 23:36:22] [    info] [                ] Started resource illenium-appearance
[08-09-2026 23:36:22] [    info] [                ] Starting resource loadscreen
[08-09-2026 23:36:22] [    info] [                ] Started resource loadscreen
[08-09-2026 23:36:22] [    info] [                ] Starting resource mana_audio
[08-09-2026 23:36:22] [    info] [                ] Started resource mana_audio
[08-09-2026 23:36:22] [    info] [                ] Starting resource mhacking
[08-09-2026 23:36:22] [    info] [                ] Started resource mhacking
[08-09-2026 23:36:22] [    info] [                ] Starting resource Renewed-Banking
[08-09-2026 23:36:22] [    info] [                ] Started resource Renewed-Banking
[08-09-2026 23:36:22] [    info] [                ] Starting resource Renewed-Weathersync
[08-09-2026 23:36:22] [    info] [                ] Started resource Renewed-Weathersync
[08-09-2026 23:36:22] [    info] [                ] Starting resource safecracker
[08-09-2026 23:36:22] [    info] [                ] Started resource safecracker
[08-09-2026 23:36:22] [    info] [                ] Starting resource screencapture
[08-09-2026 23:36:22] [    info] [                ] Started resource screencapture
[08-09-2026 23:36:22] [    info] [                ] Starting resource scully_emotemenu
[08-09-2026 23:36:22] [    info] [                ] Started resource scully_emotemenu
[08-09-2026 23:36:22] [    info] [                ] Starting resource ultra-voltlab
[08-09-2026 23:36:22] [    info] [                ] Started resource ultra-voltlab
[08-09-2026 23:36:22] [    info] [                ] Starting resource vehiclehandler
[08-09-2026 23:36:22] [    info] [                ] Started resource vehiclehandler
[08-09-2026 23:36:22] [    info] [                ] Starting resource xt-prison
[08-09-2026 23:36:22] [   error] [                ] Command jail is already registered.
[08-09-2026 23:36:22] [   error] [                ] Command unjail is already registered.
[08-09-2026 23:36:22] [    info] [                ] Started resource xt-prison
[08-09-2026 23:36:22] [    info] [                ] Starting resource mm_radio
[08-09-2026 23:36:22] [    info] [                ] Started resource mm_radio
[08-09-2026 23:36:22] [   error] [                ] No resources found for category [assets]
[08-09-2026 23:36:22] [    info] [                ] Starting resource npwd_qbx_garages
[08-09-2026 23:36:22] [    info] [                ] Started resource npwd_qbx_garages
[08-09-2026 23:36:22] [    info] [                ] Starting resource npwd_qbx_mail
[08-09-2026 23:36:22] [    info] [                ] Started resource npwd_qbx_mail
[08-09-2026 23:36:22] [    info] [                ] Starting resource qbx_npwd
[08-09-2026 23:36:22] [    info] [                ] Started resource qbx_npwd
[08-09-2026 23:36:22] [    info] [                ] Starting resource npwd
[08-09-2026 23:36:23] [    info] [                ] Started resource npwd
[08-09-2026 23:36:23] [ warning] [              js] Unhandled promise rejection in resource npwd
[08-09-2026 23:36:23] [ warning] [              js] Uncaught Error: Driver not found.
dist/game/server/server.js(5138,130): getDriver
dist/game/server/server.js(5199,28): 
node:internal/process/task_queues(104,5): processTicksAndRejections

[08-09-2026 23:36:23] [ warning] [              js] Unhandled promise rejection in resource npwd
[08-09-2026 23:36:23] [ warning] [              js] Uncaught Error: Driver not found.
dist/game/server/server.js(5138,130): getDriver
dist/game/server/server.js(5199,28): 
node:internal/process/task_queues(104,5): processTicksAndRejections

[08-09-2026 23:36:23] [ warning] [              js] Unhandled promise rejection in resource npwd
[08-09-2026 23:36:23] [ warning] [              js] Uncaught Error: No available storage method found.
dist/game/server/server.js(5207,27): 
node:internal/process/task_queues(104,5): processTicksAndRejections

[08-09-2026 23:36:23] [   error] [                ] Server list query returned an error: server request failed: server request failed for endpoint https://171.76.87.229:30120/info.json (Get "https://171.76.87.229:30120/info.json": context deadline exceeded (Client.Timeout exceeded while awaiting headers))
server request failed: server request failed for endpoint https://171.76.87.229:30120/players.json (Get "https://171.76.87.229:30120/players.json": context deadline exceeded (Client.Timeout exceeded while awaiting headers))
server request failed: server request failed for endpoint https://171.76.87.229:30120/dynamic.json (Get "https://171.76.87.229:30120/dynamic.json": context deadline exceeded (Client.Timeout exceeded while awaiting headers)).
[08-09-2026 23:36:23] [ warning] [                ] ScheduleResourceTick: This native is deprecated. Script resources in FiveM for GTAV Enhanced are running on the same tick rate as the server main tick.
[08-09-2026 23:36:24] [    info] [         oxmysql] ^5[12.3.3-MariaDB] ^2Database server connection established!^0
[08-09-2026 23:36:24] [    info] [       xt-prison] ^5[xt-prison] ^7[INFO] Initializing Table: ^5xt_prison^0^7
[08-09-2026 23:36:24] [    info] [       xt-prison] ^5[xt-prison] ^7[INFO] Initializing Table: ^5xt_prison_items^0^7
[08-09-2026 23:36:24] [    info] [        qbx_core] ^5[qbx_core] ^7[INFO] Removed invalid groups from player_groups table^7
[08-09-2026 23:36:24] [    info] [        qbx_core] ^7
^4Welcome to ^3Qbox^4!
To learn more, please check out the documentation at ^5https://docs.qbox.re/^4.
To turn this message off, set the ^3qbx:acknowledge^4 convar to true in your server.cfg file.^7
^7
[08-09-2026 23:36:24] [    info] [    ox_inventory] ^5[ox_inventory] ^7[INFO] Inventory has loaded 301 items^7
[08-09-2026 23:36:24] [    info] [scully_emotemenu] [38;2;46;164;247m[scully_emotemenu]^7 You are currently running the latest version.^7
[08-09-2026 23:36:29] [    info] [         txadmin] ^5[txAdmin]^0 Server shutting down. Kicking all players.^0
