[08-09-2026 22:23:14] [    info] [                ] Scanning resources
[08-09-2026 22:23:14] [    info] [                ] Found 92 resources
[08-09-2026 22:23:14] [ warning] [                ] Resource 'bob74_ipl' uses the deprecated 'stream/' folder. Please rename it to 'stream_enhanced/' for future compatibility.
[08-09-2026 22:23:14] [ warning] [                ] Resource 'qbx_hud' uses the deprecated 'stream/' folder. Please rename it to 'stream_enhanced/' for future compatibility.
[08-09-2026 22:23:14] [ warning] [                ] Resource 'qbx_density' uses the deprecated 'stream/' folder. Please rename it to 'stream_enhanced/' for future compatibility.
[08-09-2026 22:23:14] [ warning] [                ] Resource 'qbx_customs' uses the deprecated 'stream/' folder. Please rename it to 'stream_enhanced/' for future compatibility.
[08-09-2026 22:23:14] [ warning] [                ] Resource 'qbx_properties' uses the deprecated 'stream/' folder. Please rename it to 'stream_enhanced/' for future compatibility.
[08-09-2026 22:23:14] [ warning] [                ] Resource 'ultra-voltlab' uses the deprecated 'stream/' folder. Please rename it to 'stream_enhanced/' for future compatibility.
[08-09-2026 22:23:14] [ warning] [                ] Resource 'scully_emotemenu' uses the deprecated 'stream/' folder. Please rename it to 'stream_enhanced/' for future compatibility.
[08-09-2026 22:23:14] [   error] [                ] sv_enforceGameBuild is used with an invalid value 3258. Only 1 is supported to remove any game dlcs.
[08-09-2026 22:23:15] [    info] [         txadmin] ^5[txAdmin]^0 Resource v9.0.0-beta-646aba9a threads and commands set up. All Ready.^0
[08-09-2026 22:23:15] [    info] [                ] Starting resource mapmanager
[08-09-2026 22:23:15] [    info] [                ] Started resource mapmanager
[08-09-2026 22:23:15] [    info] [                ] Starting resource spawnmanager
[08-09-2026 22:23:15] [    info] [                ] Started resource spawnmanager
[08-09-2026 22:23:15] [   error] [                ] Failed to ensure resource sessionmanager. Error: Resource "sessionmanager" not found
[08-09-2026 22:23:15] [    info] [                ] Stopped resource basic-gamemode
[08-09-2026 22:23:15] [   error] [                ] Failed to ensure resource hardcap. Error: Resource "hardcap" not found
[08-09-2026 22:23:15] [    info] [                ] Starting resource baseevents
[08-09-2026 22:23:16] [    info] [                ] Started resource baseevents
[08-09-2026 22:23:16] [    info] [                ] Starting resource ox_lib
[08-09-2026 22:23:16] [    info] [                ] Started resource ox_lib
[08-09-2026 22:23:16] [    info] [                ] Starting resource qbx_core
[08-09-2026 22:23:16] [    info] [                ] Started resource qbx_core
[08-09-2026 22:23:16] [    info] [                ] Starting resource ox_target
[08-09-2026 22:23:16] [    info] [                ] Started resource ox_target
[08-09-2026 22:23:16] [    info] [                ] Starting resource ox_doorlock
[08-09-2026 22:23:16] [    info] [                ] Started resource ox_doorlock
[08-09-2026 22:23:16] [    info] [                ] Starting resource ox_fuel
[08-09-2026 22:23:17] [    info] [                ] Started resource ox_fuel
[08-09-2026 22:23:17] [    info] [                ] Starting resource qbx_adminmenu
[08-09-2026 22:23:17] [    info] [                ] Started resource qbx_adminmenu
[08-09-2026 22:23:17] [    info] [                ] Starting resource qbx_ambulancejob
[08-09-2026 22:23:17] [    info] [                ] Started resource qbx_ambulancejob
[08-09-2026 22:23:17] [    info] [                ] Starting resource qbx_bankrobbery
[08-09-2026 22:23:17] [    info] [                ] Started resource qbx_bankrobbery
[08-09-2026 22:23:17] [    info] [                ] Starting resource qbx_binoculars
[08-09-2026 22:23:17] [    info] [                ] Started resource qbx_binoculars
[08-09-2026 22:23:17] [    info] [                ] Starting resource qbx_busjob
[08-09-2026 22:23:17] [    info] [                ] Started resource qbx_busjob
[08-09-2026 22:23:17] [    info] [                ] Starting resource qbx_carwash
[08-09-2026 22:23:17] [    info] [                ] Started resource qbx_carwash
[08-09-2026 22:23:17] [    info] [                ] Starting resource qbx_chat_theme
[08-09-2026 22:23:17] [    info] [                ] Started resource qbx_chat_theme
[08-09-2026 22:23:17] [    info] [                ] Starting resource qbx_cityhall
[08-09-2026 22:23:17] [    info] [                ] Started resource qbx_cityhall
[08-09-2026 22:23:17] [    info] [                ] Starting resource qbx_customs
[08-09-2026 22:23:17] [   error] [                ] Rsc7 file stream/vehicle_paint_ramps.ytd in resource qbx_customs has version 13, expected 5. Skipping cache generation for this file.
[08-09-2026 22:23:17] [    info] [                ] Started resource qbx_customs
[08-09-2026 22:23:17] [    info] [                ] Starting resource qbx_density
[08-09-2026 22:23:17] [    info] [                ] Started resource qbx_density
[08-09-2026 22:23:17] [    info] [                ] Starting resource qbx_divegear
[08-09-2026 22:23:17] [    info] [                ] Started resource qbx_divegear
[08-09-2026 22:23:17] [    info] [                ] Starting resource qbx_diving
[08-09-2026 22:23:17] [    info] [                ] Started resource qbx_diving
[08-09-2026 22:23:17] [    info] [                ] Starting resource qbx_drugs
[08-09-2026 22:23:17] [    info] [                ] Started resource qbx_drugs
[08-09-2026 22:23:17] [    info] [                ] Starting resource qbx_fireworks
[08-09-2026 22:23:17] [    info] [                ] Started resource qbx_fireworks
[08-09-2026 22:23:17] [    info] [                ] Starting resource qbx_garages
[08-09-2026 22:23:17] [    info] [                ] Started resource qbx_garages
[08-09-2026 22:23:17] [    info] [                ] Starting resource qbx_garbagejob
[08-09-2026 22:23:17] [    info] [                ] Started resource qbx_garbagejob
[08-09-2026 22:23:17] [    info] [                ] Starting resource qbx_houserobbery
[08-09-2026 22:23:17] [    info] [                ] Started resource qbx_houserobbery
[08-09-2026 22:23:17] [    info] [                ] Starting resource qbx_hud
[08-09-2026 22:23:17] [   error] [                ] Rsc7 file stream/circlemap.ytd in resource qbx_hud has version 13, expected 5. Skipping cache generation for this file.
[08-09-2026 22:23:17] [   error] [                ] Rsc7 file stream/minimap.ytd in resource qbx_hud has version 13, expected 5. Skipping cache generation for this file.
[08-09-2026 22:23:17] [   error] [                ] Rsc7 file stream/squaremap.ytd in resource qbx_hud has version 13, expected 5. Skipping cache generation for this file.
[08-09-2026 22:23:17] [    info] [                ] Started resource qbx_hud
[08-09-2026 22:23:17] [    info] [                ] Starting resource qbx_idcard
[08-09-2026 22:23:17] [    info] [                ] Started resource qbx_idcard
[08-09-2026 22:23:17] [    info] [                ] Starting resource qbx_jewelery
[08-09-2026 22:23:17] [    info] [                ] Started resource qbx_jewelery
[08-09-2026 22:23:17] [    info] [                ] Starting resource qbx_lapraces
[08-09-2026 22:23:17] [    info] [                ] Started resource qbx_lapraces
[08-09-2026 22:23:17] [    info] [                ] Starting resource qbx_management
[08-09-2026 22:23:17] [    info] [                ] Started resource qbx_management
[08-09-2026 22:23:17] [    info] [                ] Starting resource qbx_mechanicjob
[08-09-2026 22:23:17] [    info] [                ] Started resource qbx_mechanicjob
[08-09-2026 22:23:17] [    info] [                ] Starting resource qbx_newsjob
[08-09-2026 22:23:17] [    info] [                ] Started resource qbx_newsjob
[08-09-2026 22:23:17] [    info] [                ] Starting resource qbx_pawnshop
[08-09-2026 22:23:17] [    info] [                ] Started resource qbx_pawnshop
[08-09-2026 22:23:17] [    info] [                ] Starting resource qbx_police
[08-09-2026 22:23:18] [    info] [                ] Started resource qbx_police
[08-09-2026 22:23:18] [    info] [                ] Starting resource qbx_properties
[08-09-2026 22:23:18] [   error] [                ] Rsc7 file stream/auto_shop_board.ytd in resource qbx_properties has version 13, expected 5. Skipping cache generation for this file.
[08-09-2026 22:23:18] [   error] [                ] Rsc7 file stream/auto_shop_board_img.ytd in resource qbx_properties has version 13, expected 5. Skipping cache generation for this file.
[08-09-2026 22:23:18] [    info] [                ] Started resource qbx_properties
[08-09-2026 22:23:18] [    info] [                ] Starting resource qbx_radialmenu
[08-09-2026 22:23:18] [    info] [                ] Started resource qbx_radialmenu
[08-09-2026 22:23:18] [    info] [                ] Starting resource qbx_recyclejob
[08-09-2026 22:23:18] [    info] [                ] Started resource qbx_recyclejob
[08-09-2026 22:23:18] [    info] [                ] Starting resource qbx_scoreboard
[08-09-2026 22:23:18] [    info] [                ] Started resource qbx_scoreboard
[08-09-2026 22:23:18] [    info] [                ] Starting resource qbx_scrapyard
[08-09-2026 22:23:18] [    info] [                ] Started resource qbx_scrapyard
[08-09-2026 22:23:18] [    info] [                ] Starting resource qbx_seatbelt
[08-09-2026 22:23:18] [    info] [                ] Started resource qbx_seatbelt
[08-09-2026 22:23:18] [    info] [                ] Starting resource qbx_smallresources
[08-09-2026 22:23:18] [    info] [qbx_smallresources] ^5[qbx_smallresources] ^3[WARN] [qbx_entitiesblacklist] You have entity blacklist enabled, this means that any entity that is blacklisted in config.lua will not be able to spawn, you can change this in qbx_smallresource/qbx_entitiesblacklist/config.lua^7
[08-09-2026 22:23:18] [    info] [                ] Started resource qbx_smallresources
[08-09-2026 22:23:18] [    info] [                ] Starting resource qbx_spawn
[08-09-2026 22:23:18] [    info] [                ] Started resource qbx_spawn
[08-09-2026 22:23:18] [    info] [                ] Starting resource qbx_storerobbery
[08-09-2026 22:23:18] [    info] [                ] Started resource qbx_storerobbery
[08-09-2026 22:23:18] [    info] [                ] Starting resource qbx_streetraces
[08-09-2026 22:23:18] [    info] [                ] Started resource qbx_streetraces
[08-09-2026 22:23:18] [    info] [                ] Starting resource qbx_taxijob
[08-09-2026 22:23:18] [    info] [                ] Started resource qbx_taxijob
[08-09-2026 22:23:18] [    info] [                ] Starting resource qbx_towjob
[08-09-2026 22:23:18] [    info] [                ] Started resource qbx_towjob
[08-09-2026 22:23:18] [    info] [                ] Starting resource qbx_truckerjob
[08-09-2026 22:23:18] [    info] [                ] Started resource qbx_truckerjob
[08-09-2026 22:23:18] [    info] [                ] Starting resource qbx_truckrobbery
[08-09-2026 22:23:18] [    info] [                ] Started resource qbx_truckrobbery
[08-09-2026 22:23:18] [    info] [                ] Starting resource qbx_vehiclekeys
[08-09-2026 22:23:18] [    info] [                ] Started resource qbx_vehiclekeys
[08-09-2026 22:23:18] [    info] [                ] Starting resource qbx_vehicles
[08-09-2026 22:23:18] [    info] [                ] Started resource qbx_vehicles
[08-09-2026 22:23:18] [    info] [                ] Starting resource qbx_vehiclesales
[08-09-2026 22:23:18] [    info] [                ] Started resource qbx_vehiclesales
[08-09-2026 22:23:18] [    info] [                ] Starting resource qbx_vehicleshop
[08-09-2026 22:23:18] [    info] [                ] Started resource qbx_vehicleshop
[08-09-2026 22:23:18] [    info] [                ] Starting resource qbx_vineyard
[08-09-2026 22:23:18] [    info] [                ] Started resource qbx_vineyard
[08-09-2026 22:23:18] [    info] [                ] Starting resource qbx_weed
[08-09-2026 22:23:18] [    info] [                ] Started resource qbx_weed
[08-09-2026 22:23:18] [    info] [                ] Starting resource bob74_ipl
[08-09-2026 22:23:18] [   error] [                ] Rsc7 file stream/prop_palm_fan_04_d.ydr in resource bob74_ipl has version 165, expected 159. Skipping cache generation for this file.
[08-09-2026 22:23:18] [   error] [                ] Rsc7 file stream/v_24_lgb_mesh_sofa_old.ydr in resource bob74_ipl has version 165, expected 159. Skipping cache generation for this file.
[08-09-2026 22:23:18] [   error] [                ] Rsc7 file stream/v_24_llga_mesh_coffeetable_old.ydr in resource bob74_ipl has version 165, expected 159. Skipping cache generation for this file.
[08-09-2026 22:23:18] [    info] [                ] Started resource bob74_ipl
[08-09-2026 22:23:18] [    info] [                ] Starting resource illenium-appearance
[08-09-2026 22:23:18] [    info] [                ] Started resource illenium-appearance
[08-09-2026 22:23:18] [    info] [                ] Starting resource loadscreen
[08-09-2026 22:23:19] [    info] [                ] Started resource loadscreen
[08-09-2026 22:23:19] [    info] [                ] Starting resource mana_audio
[08-09-2026 22:23:19] [    info] [                ] Started resource mana_audio
[08-09-2026 22:23:19] [    info] [                ] Starting resource mhacking
[08-09-2026 22:23:19] [    info] [                ] Started resource mhacking
[08-09-2026 22:23:19] [    info] [                ] Starting resource Renewed-Banking
[08-09-2026 22:23:19] [    info] [                ] Started resource Renewed-Banking
[08-09-2026 22:23:19] [    info] [                ] Starting resource Renewed-Weathersync
[08-09-2026 22:23:19] [    info] [                ] Started resource Renewed-Weathersync
[08-09-2026 22:23:19] [    info] [                ] Starting resource safecracker
[08-09-2026 22:23:19] [    info] [                ] Started resource safecracker
[08-09-2026 22:23:19] [    info] [                ] Starting resource screencapture
[08-09-2026 22:23:19] [    info] [                ] Started resource screencapture
[08-09-2026 22:23:19] [    info] [                ] Starting resource scully_emotemenu
[08-09-2026 22:23:20] [   error] [                ] Rsc7 file stream/[Animations]/[Sharror]/fgunpose@sharror.ycd in resource scully_emotemenu has version 80, expected 46. Skipping cache generation for this file.
[08-09-2026 22:23:20] [   error] [                ] Rsc7 file stream/[Animations]/[Sharror]/fmodelpose1@sharror.ycd in resource scully_emotemenu has version 80, expected 46. Skipping cache generation for this file.
[08-09-2026 22:23:20] [   error] [                ] Rsc7 file stream/[Animations]/[Sharror]/fmodelpose2@sharror.ycd in resource scully_emotemenu has version 80, expected 46. Skipping cache generation for this file.
[08-09-2026 22:23:20] [   error] [                ] Rsc7 file stream/[Animations]/[Sharror]/fmodelpose3@sharror.ycd in resource scully_emotemenu has version 80, expected 46. Skipping cache generation for this file.
[08-09-2026 22:23:20] [   error] [                ] Rsc7 file stream/[Animations]/[Sharror]/handinpocket@sharror.ycd in resource scully_emotemenu has version 80, expected 46. Skipping cache generation for this file.
[08-09-2026 22:23:20] [   error] [                ] Rsc7 file stream/[Animations]/[Sharror]/lookdown@sharror.ycd in resource scully_emotemenu has version 80, expected 46. Skipping cache generation for this file.
[08-09-2026 22:23:20] [   error] [                ] Rsc7 file stream/[Animations]/[Sharror]/mmodelpose1@sharror.ycd in resource scully_emotemenu has version 80, expected 46. Skipping cache generation for this file.
[08-09-2026 22:23:20] [   error] [                ] Rsc7 file stream/[Animations]/[Sharror]/perspective1@sharror.ycd in resource scully_emotemenu has version 80, expected 46. Skipping cache generation for this file.
[08-09-2026 22:23:20] [   error] [                ] Rsc7 file stream/[Animations]/[Sharror]/perspective2@sharror.ycd in resource scully_emotemenu has version 80, expected 46. Skipping cache generation for this file.
[08-09-2026 22:23:20] [   error] [                ] Rsc7 file stream/[Animations]/[Sharror]/sitonground1@sharror.ycd in resource scully_emotemenu has version 80, expected 46. Skipping cache generation for this file.
[08-09-2026 22:23:20] [   error] [                ] Rsc7 file stream/[Animations]/[Sharror]/stairpose1@sharror.ycd in resource scully_emotemenu has version 80, expected 46. Skipping cache generation for this file.
[08-09-2026 22:23:20] [   error] [                ] Rsc7 file stream/[Animations]/[Sharror]/stairpose2@sharror.ycd in resource scully_emotemenu has version 80, expected 46. Skipping cache generation for this file.
[08-09-2026 22:23:20] [   error] [                ] Rsc7 file stream/[Props]/[BzZzi]/bzzz_animal_fish002.ydr in resource scully_emotemenu has version 165, expected 159. Skipping cache generation for this file.
[08-09-2026 22:23:20] [   error] [                ] Rsc7 file stream/[Props]/[BzZzi]/bzzz_cigarpack_cig001.ydr in resource scully_emotemenu has version 165, expected 159. Skipping cache generation for this file.
[08-09-2026 22:23:20] [   error] [                ] Rsc7 file stream/[Props]/[BzZzi]/bzzz_cigarpack_cig002.ydr in resource scully_emotemenu has version 165, expected 159. Skipping cache generation for this file.
[08-09-2026 22:23:20] [   error] [                ] Rsc7 file stream/[Props]/[BzZzi]/bzzz_cigarpack_cig003.ydr in resource scully_emotemenu has version 165, expected 159. Skipping cache generation for this file.
[08-09-2026 22:23:20] [   error] [                ] Rsc7 file stream/[Props]/[BzZzi]/bzzz_food_dessert_a.ydr in resource scully_emotemenu has version 165, expected 159. Skipping cache generation for this file.
[08-09-2026 22:23:20] [   error] [                ] Rsc7 file stream/[Props]/[BzZzi]/bzzz_food_xmas_gingerbread_a.ydr in resource scully_emotemenu has version 165, expected 159. Skipping cache generation for this file.
[08-09-2026 22:23:20] [   error] [                ] Rsc7 file stream/[Props]/[BzZzi]/bzzz_food_xmas_lollipop_a.ydr in resource scully_emotemenu has version 165, expected 159. Skipping cache generation for this file.
[08-09-2026 22:23:20] [   error] [                ] Rsc7 file stream/[Props]/[BzZzi]/bzzz_food_xmas_lollipop_b.ydr in resource scully_emotemenu has version 165, expected 159. Skipping cache generation for this file.
[08-09-2026 22:23:20] [   error] [                ] Rsc7 file stream/[Props]/[BzZzi]/bzzz_food_xmas_lollipop_c.ydr in resource scully_emotemenu has version 165, expected 159. Skipping cache generation for this file.
[08-09-2026 22:23:20] [   error] [                ] Rsc7 file stream/[Props]/[BzZzi]/bzzz_food_xmas_lollipop_d.ydr in resource scully_emotemenu has version 165, expected 159. Skipping cache generation for this file.
[08-09-2026 22:23:20] [   error] [                ] Rsc7 file stream/[Props]/[BzZzi]/bzzz_food_xmas_lollipop_e.ydr in resource scully_emotemenu has version 165, expected 159. Skipping cache generation for this file.
[08-09-2026 22:23:20] [   error] [                ] Rsc7 file stream/[Props]/[BzZzi]/bzzz_food_xmas_macaroon_a.ydr in resource scully_emotemenu has version 165, expected 159. Skipping cache generation for this file.
[08-09-2026 22:23:20] [   error] [                ] Rsc7 file stream/[Props]/[BzZzi]/bzzz_food_xmas_mug_a.ydr in resource scully_emotemenu has version 165, expected 159. Skipping cache generation for this file.
[08-09-2026 22:23:20] [   error] [                ] Rsc7 file stream/[Props]/[BzZzi]/bzzz_food_xmas_mug_b.ydr in resource scully_emotemenu has version 165, expected 159. Skipping cache generation for this file.
[08-09-2026 22:23:20] [   error] [                ] Rsc7 file stream/[Props]/[BzZzi]/bzzz_food_xmas_mulled_wine_a.ydr in resource scully_emotemenu has version 165, expected 159. Skipping cache generation for this file.
[08-09-2026 22:23:20] [   error] [                ] Rsc7 file stream/[Props]/[BzZzi]/bzzz_foodpack_croissant001.ydr in resource scully_emotemenu has version 165, expected 159. Skipping cache generation for this file.
[08-09-2026 22:23:20] [   error] [                ] Rsc7 file stream/[Props]/[BzZzi]/bzzz_foodpack_donut001.ydr in resource scully_emotemenu has version 165, expected 159. Skipping cache generation for this file.
[08-09-2026 22:23:20] [   error] [                ] Rsc7 file stream/[Props]/[BzZzi]/bzzz_foodpack_donut002.ydr in resource scully_emotemenu has version 165, expected 159. Skipping cache generation for this file.
[08-09-2026 22:23:20] [   error] [                ] Rsc7 file stream/[Props]/[BzZzi]/bzzz_icecream_cherry.ydr in resource scully_emotemenu has version 165, expected 159. Skipping cache generation for this file.
[08-09-2026 22:23:20] [   error] [                ] Rsc7 file stream/[Props]/[BzZzi]/bzzz_icecream_chocolate.ydr in resource scully_emotemenu has version 165, expected 159. Skipping cache generation for this file.
[08-09-2026 22:23:20] [   error] [                ] Rsc7 file stream/[Props]/[BzZzi]/bzzz_icecream_lemon.ydr in resource scully_emotemenu has version 165, expected 159. Skipping cache generation for this file.
[08-09-2026 22:23:20] [   error] [                ] Rsc7 file stream/[Props]/[BzZzi]/bzzz_icecream_pistachio.ydr in resource scully_emotemenu has version 165, expected 159. Skipping cache generation for this file.
[08-09-2026 22:23:20] [   error] [                ] Rsc7 file stream/[Props]/[BzZzi]/bzzz_icecream_raspberry.ydr in resource scully_emotemenu has version 165, expected 159. Skipping cache generation for this file.
[08-09-2026 22:23:20] [   error] [                ] Rsc7 file stream/[Props]/[BzZzi]/bzzz_icecream_stracciatella.ydr in resource scully_emotemenu has version 165, expected 159. Skipping cache generation for this file.
[08-09-2026 22:23:20] [   error] [                ] Rsc7 file stream/[Props]/[BzZzi]/bzzz_icecream_strawberry.ydr in resource scully_emotemenu has version 165, expected 159. Skipping cache generation for this file.
[08-09-2026 22:23:20] [   error] [                ] Rsc7 file stream/[Props]/[BzZzi]/bzzz_icecream_walnut.ydr in resource scully_emotemenu has version 165, expected 159. Skipping cache generation for this file.
[08-09-2026 22:23:20] [   error] [                ] Rsc7 file stream/[Props]/[BzZzi]/bzzz_murder_axe001.ydr in resource scully_emotemenu has version 165, expected 159. Skipping cache generation for this file.
[08-09-2026 22:23:20] [   error] [                ] Rsc7 file stream/[Props]/[BzZzi]/bzzz_murder_durex001.ydr in resource scully_emotemenu has version 165, expected 159. Skipping cache generation for this file.
[08-09-2026 22:23:20] [   error] [                ] Rsc7 file stream/[Props]/[BzZzi]/bzzz_murder_machete001.ydr in resource scully_emotemenu has version 165, expected 159. Skipping cache generation for this file.
[08-09-2026 22:23:20] [   error] [                ] Rsc7 file stream/[Props]/[BzZzi]/bzzz_pizzahut_box_a.ydr in resource scully_emotemenu has version 165, expected 159. Skipping cache generation for this file.
[08-09-2026 22:23:20] [   error] [                ] Rsc7 file stream/[Props]/[BzZzi]/bzzz_pizzahut_box_a.ytd in resource scully_emotemenu has version 13, expected 5. Skipping cache generation for this file.
[08-09-2026 22:23:20] [   error] [                ] Rsc7 file stream/[Props]/[BzZzi]/bzzz_pizzahut_cup_a.ydr in resource scully_emotemenu has version 165, expected 159. Skipping cache generation for this file.
[08-09-2026 22:23:20] [   error] [                ] Rsc7 file stream/[Props]/[BzZzi]/bzzz_pizzahut_cup_a.ytd in resource scully_emotemenu has version 13, expected 5. Skipping cache generation for this file.
[08-09-2026 22:23:20] [   error] [                ] Rsc7 file stream/[Props]/[BzZzi]/bzzz_pizzahut_menu_a.ydr in resource scully_emotemenu has version 165, expected 159. Skipping cache generation for this file.
[08-09-2026 22:23:20] [   error] [                ] Rsc7 file stream/[Props]/[BzZzi]/bzzz_pizzahut_menu_a.ytd in resource scully_emotemenu has version 13, expected 5. Skipping cache generation for this file.
[08-09-2026 22:23:20] [   error] [                ] Rsc7 file stream/[Props]/[BzZzi]/bzzz_prop_gift_bonbonier.ydr in resource scully_emotemenu has version 165, expected 159. Skipping cache generation for this file.
[08-09-2026 22:23:20] [   error] [                ] Rsc7 file stream/[Props]/[BzZzi]/bzzz_prop_gift_jewel.ydr in resource scully_emotemenu has version 165, expected 159. Skipping cache generation for this file.
[08-09-2026 22:23:20] [   error] [                ] Rsc7 file stream/[Props]/[BzZzi]/bzzz_prop_gift_orange.ydr in resource scully_emotemenu has version 165, expected 159. Skipping cache generation for this file.
[08-09-2026 22:23:20] [   error] [                ] Rsc7 file stream/[Props]/[BzZzi]/bzzz_prop_gift_purple.ydr in resource scully_emotemenu has version 165, expected 159. Skipping cache generation for this file.
[08-09-2026 22:23:20] [   error] [                ] Rsc7 file stream/[Props]/[BzZzi]/bzzz_prop_torch_fire001.ydr in resource scully_emotemenu has version 165, expected 159. Skipping cache generation for this file.
[08-09-2026 22:23:20] [   error] [                ] Rsc7 file stream/[Props]/[EP]/pprp_icefishing_augur.ydr in resource scully_emotemenu has version 165, expected 159. Skipping cache generation for this file.
[08-09-2026 22:23:20] [   error] [                ] Rsc7 file stream/[Props]/[EP]/pprp_icefishing_box_01.ydr in resource scully_emotemenu has version 165, expected 159. Skipping cache generation for this file.
[08-09-2026 22:23:20] [   error] [                ] Rsc7 file stream/[Props]/[EP]/pprp_icefishing_box_02.ydr in resource scully_emotemenu has version 165, expected 159. Skipping cache generation for this file.
[08-09-2026 22:23:20] [   error] [                ] Rsc7 file stream/[Props]/[Natty3d]/natty_lollipop01.ydr in resource scully_emotemenu has version 165, expected 159. Skipping cache generation for this file.
[08-09-2026 22:23:20] [   error] [                ] Rsc7 file stream/[Props]/[Natty3d]/natty_lollipop02.ydr in resource scully_emotemenu has version 165, expected 159. Skipping cache generation for this file.
[08-09-2026 22:23:20] [   error] [                ] Rsc7 file stream/[Props]/[Natty3d]/natty_lollipop03.ydr in resource scully_emotemenu has version 165, expected 159. Skipping cache generation for this file.
[08-09-2026 22:23:20] [   error] [                ] Rsc7 file stream/[Props]/[Natty3d]/natty_lollipop04.ydr in resource scully_emotemenu has version 165, expected 159. Skipping cache generation for this file.
[08-09-2026 22:23:20] [   error] [                ] Rsc7 file stream/[Props]/[Natty3d]/natty_lollipop05.ydr in resource scully_emotemenu has version 165, expected 159. Skipping cache generation for this file.
[08-09-2026 22:23:20] [   error] [                ] Rsc7 file stream/[Props]/[Natty3d]/natty_lollipop_spin01.ydr in resource scully_emotemenu has version 165, expected 159. Skipping cache generation for this file.
[08-09-2026 22:23:20] [   error] [                ] Rsc7 file stream/[Props]/[Natty3d]/natty_lollipop_spin02.ydr in resource scully_emotemenu has version 165, expected 159. Skipping cache generation for this file.
[08-09-2026 22:23:20] [   error] [                ] Rsc7 file stream/[Props]/[Natty3d]/natty_lollipop_spin03.ydr in resource scully_emotemenu has version 165, expected 159. Skipping cache generation for this file.
[08-09-2026 22:23:20] [   error] [                ] Rsc7 file stream/[Props]/[Natty3d]/natty_lollipop_spin04.ydr in resource scully_emotemenu has version 165, expected 159. Skipping cache generation for this file.
[08-09-2026 22:23:20] [   error] [                ] Rsc7 file stream/[Props]/[Natty3d]/natty_lollipop_spin05.ydr in resource scully_emotemenu has version 165, expected 159. Skipping cache generation for this file.
[08-09-2026 22:23:20] [   error] [                ] Rsc7 file stream/[Props]/[Natty3d]/natty_lollipop_spiral01.ydr in resource scully_emotemenu has version 165, expected 159. Skipping cache generation for this file.
[08-09-2026 22:23:20] [   error] [                ] Rsc7 file stream/[Props]/[Natty3d]/natty_lollipop_spiral02.ydr in resource scully_emotemenu has version 165, expected 159. Skipping cache generation for this file.
[08-09-2026 22:23:20] [   error] [                ] Rsc7 file stream/[Props]/[Natty3d]/natty_lollipop_spiral03.ydr in resource scully_emotemenu has version 165, expected 159. Skipping cache generation for this file.
[08-09-2026 22:23:20] [   error] [                ] Rsc7 file stream/[Props]/[Natty3d]/natty_lollipop_spiral04.ydr in resource scully_emotemenu has version 165, expected 159. Skipping cache generation for this file.
[08-09-2026 22:23:20] [   error] [                ] Rsc7 file stream/[Props]/[Natty3d]/natty_lollipop_spiral05.ydr in resource scully_emotemenu has version 165, expected 159. Skipping cache generation for this file.
[08-09-2026 22:23:20] [   error] [                ] Rsc7 file stream/[Props]/[Natty3d]/natty_lollipop_spiral06.ydr in resource scully_emotemenu has version 165, expected 159. Skipping cache generation for this file.
[08-09-2026 22:23:20] [   error] [                ] Rsc7 file stream/[Props]/[Natty3d]/natty_props_lollipops.ytd in resource scully_emotemenu has version 13, expected 5. Skipping cache generation for this file.
[08-09-2026 22:23:20] [   error] [                ] Rsc7 file stream/[Props]/[Rockstar]/p_amb_brolly_01.ydr in resource scully_emotemenu has version 165, expected 159. Skipping cache generation for this file.
[08-09-2026 22:23:20] [   error] [                ] Rsc7 file stream/[Props]/[Rockstar]/p_cs_clipboard.ydr in resource scully_emotemenu has version 165, expected 159. Skipping cache generation for this file.
[08-09-2026 22:23:20] [   error] [                ] Rsc7 file stream/[Props]/[SMGMissy]/lilprideflag1.ydr in resource scully_emotemenu has version 165, expected 159. Skipping cache generation for this file.
[08-09-2026 22:23:20] [   error] [                ] Rsc7 file stream/[Props]/[SMGMissy]/lilprideflag2.ydr in resource scully_emotemenu has version 165, expected 159. Skipping cache generation for this file.
[08-09-2026 22:23:20] [   error] [                ] Rsc7 file stream/[Props]/[SMGMissy]/lilprideflag3.ydr in resource scully_emotemenu has version 165, expected 159. Skipping cache generation for this file.
[08-09-2026 22:23:20] [   error] [                ] Rsc7 file stream/[Props]/[SMGMissy]/lilprideflag4.ydr in resource scully_emotemenu has version 165, expected 159. Skipping cache generation for this file.
[08-09-2026 22:23:20] [   error] [                ] Rsc7 file stream/[Props]/[SMGMissy]/lilprideflag5.ydr in resource scully_emotemenu has version 165, expected 159. Skipping cache generation for this file.
[08-09-2026 22:23:20] [   error] [                ] Rsc7 file stream/[Props]/[SMGMissy]/lilprideflag6.ydr in resource scully_emotemenu has version 165, expected 159. Skipping cache generation for this file.
[08-09-2026 22:23:20] [   error] [                ] Rsc7 file stream/[Props]/[SMGMissy]/lilprideflag7.ydr in resource scully_emotemenu has version 165, expected 159. Skipping cache generation for this file.
[08-09-2026 22:23:20] [   error] [                ] Rsc7 file stream/[Props]/[SMGMissy]/lilprideflag8.ydr in resource scully_emotemenu has version 165, expected 159. Skipping cache generation for this file.
[08-09-2026 22:23:20] [   error] [                ] Rsc7 file stream/[Props]/[SMGMissy]/lilprideflag9.ydr in resource scully_emotemenu has version 165, expected 159. Skipping cache generation for this file.
[08-09-2026 22:23:20] [   error] [                ] Rsc7 file stream/[Props]/[SMGMissy]/pride_sign_01.ydr in resource scully_emotemenu has version 165, expected 159. Skipping cache generation for this file.
[08-09-2026 22:23:20] [   error] [                ] Rsc7 file stream/[Props]/[SMGMissy]/prideflag1.ydr in resource scully_emotemenu has version 165, expected 159. Skipping cache generation for this file.
[08-09-2026 22:23:20] [   error] [                ] Rsc7 file stream/[Props]/[SMGMissy]/prideflag2.ydr in resource scully_emotemenu has version 165, expected 159. Skipping cache generation for this file.
[08-09-2026 22:23:20] [   error] [                ] Rsc7 file stream/[Props]/[SMGMissy]/prideflag3.ydr in resource scully_emotemenu has version 165, expected 159. Skipping cache generation for this file.
[08-09-2026 22:23:20] [   error] [                ] Rsc7 file stream/[Props]/[SMGMissy]/prideflag4.ydr in resource scully_emotemenu has version 165, expected 159. Skipping cache generation for this file.
[08-09-2026 22:23:20] [   error] [                ] Rsc7 file stream/[Props]/[SMGMissy]/prideflag5.ydr in resource scully_emotemenu has version 165, expected 159. Skipping cache generation for this file.
[08-09-2026 22:23:20] [   error] [                ] Rsc7 file stream/[Props]/[SMGMissy]/prideflag6.ydr in resource scully_emotemenu has version 165, expected 159. Skipping cache generation for this file.
[08-09-2026 22:23:20] [   error] [                ] Rsc7 file stream/[Props]/[SMGMissy]/prideflag7.ydr in resource scully_emotemenu has version 165, expected 159. Skipping cache generation for this file.
[08-09-2026 22:23:20] [   error] [                ] Rsc7 file stream/[Props]/[SMGMissy]/prideflag8.ydr in resource scully_emotemenu has version 165, expected 159. Skipping cache generation for this file.
[08-09-2026 22:23:20] [   error] [                ] Rsc7 file stream/[Props]/[SMGMissy]/prideflag9.ydr in resource scully_emotemenu has version 165, expected 159. Skipping cache generation for this file.
[08-09-2026 22:23:20] [   error] [                ] Rsc7 file stream/[Props]/[Sam]/prop_lspd_badge+hidr.ytd in resource scully_emotemenu has version 13, expected 5. Skipping cache generation for this file.
[08-09-2026 22:23:20] [   error] [                ] Rsc7 file stream/[Props]/[Sam]/prop_lspd_badge.ydr in resource scully_emotemenu has version 165, expected 159. Skipping cache generation for this file.
[08-09-2026 22:23:20] [   error] [                ] Rsc7 file stream/[Props]/[Scully]/scully_blm.ydr in resource scully_emotemenu has version 165, expected 159. Skipping cache generation for this file.
[08-09-2026 22:23:20] [   error] [                ] Rsc7 file stream/[Props]/[Scully]/scully_boba.ydr in resource scully_emotemenu has version 165, expected 159. Skipping cache generation for this file.
[08-09-2026 22:23:20] [   error] [                ] Rsc7 file stream/[Props]/[Scully]/scully_boba2.ydr in resource scully_emotemenu has version 165, expected 159. Skipping cache generation for this file.
[08-09-2026 22:23:20] [   error] [                ] Rsc7 file stream/[Props]/[Scully]/scully_boba3.ydr in resource scully_emotemenu has version 165, expected 159. Skipping cache generation for this file.
[08-09-2026 22:23:20] [   error] [                ] Rsc7 file stream/[Props]/[Scully]/scully_pho.ydr in resource scully_emotemenu has version 165, expected 159. Skipping cache generation for this file.
[08-09-2026 22:23:20] [   error] [                ] Rsc7 file stream/[Props]/[Scully]/scully_spoon_pho.ydr in resource scully_emotemenu has version 165, expected 159. Skipping cache generation for this file.
[08-09-2026 22:23:20] [   error] [                ] Rsc7 file stream/[Props]/[Ultrahacx]/ultra_ringcase.ydr in resource scully_emotemenu has version 165, expected 159. Skipping cache generation for this file.
[08-09-2026 22:23:20] [    info] [                ] Started resource scully_emotemenu
[08-09-2026 22:23:20] [    info] [                ] Starting resource ultra-voltlab
[08-09-2026 22:23:20] [   error] [                ] Rsc7 file stream/mpisland_voltage.ytd in resource ultra-voltlab has version 13, expected 5. Skipping cache generation for this file.
[08-09-2026 22:23:20] [   error] [                ] Rsc7 file stream/mpisland_voltage_bg.ytd in resource ultra-voltlab has version 13, expected 5. Skipping cache generation for this file.
[08-09-2026 22:23:20] [    info] [                ] Started resource ultra-voltlab
[08-09-2026 22:23:20] [    info] [                ] Starting resource vehiclehandler
[08-09-2026 22:23:20] [    info] [                ] Started resource vehiclehandler
[08-09-2026 22:23:20] [    info] [                ] Starting resource xt-prison
[08-09-2026 22:23:20] [   error] [                ] Command jail is already registered.
[08-09-2026 22:23:20] [   error] [                ] Command unjail is already registered.
[08-09-2026 22:23:20] [    info] [                ] Started resource xt-prison
[08-09-2026 22:23:20] [    info] [                ] Starting resource mm_radio
[08-09-2026 22:23:20] [    info] [                ] Started resource mm_radio
[08-09-2026 22:23:20] [   error] [                ] No resources found for category [assets]
[08-09-2026 22:23:20] [    info] [                ] Starting resource npwd_qbx_garages
[08-09-2026 22:23:20] [    info] [                ] Started resource npwd_qbx_garages
[08-09-2026 22:23:20] [    info] [                ] Starting resource npwd_qbx_mail
[08-09-2026 22:23:20] [    info] [                ] Started resource npwd_qbx_mail
[08-09-2026 22:23:20] [    info] [                ] Starting resource qbx_npwd
[08-09-2026 22:23:20] [    info] [                ] Started resource qbx_npwd
[08-09-2026 22:23:20] [    info] [                ] Starting resource npwd
[08-09-2026 22:23:21] [    info] [                ] Started resource npwd
[08-09-2026 22:23:21] [ warning] [              js] Unhandled promise rejection in resource npwd
[08-09-2026 22:23:21] [ warning] [              js] Uncaught Error: Driver not found.
dist/game/server/server.js(5138,130): getDriver
dist/game/server/server.js(5199,28): 
node:internal/process/task_queues(104,5): processTicksAndRejections

[08-09-2026 22:23:21] [ warning] [              js] Unhandled promise rejection in resource npwd
[08-09-2026 22:23:21] [ warning] [              js] Uncaught Error: Driver not found.
dist/game/server/server.js(5138,130): getDriver
dist/game/server/server.js(5199,28): 
node:internal/process/task_queues(104,5): processTicksAndRejections

[08-09-2026 22:23:21] [ warning] [              js] Unhandled promise rejection in resource npwd
[08-09-2026 22:23:21] [ warning] [              js] Uncaught Error: No available storage method found.
dist/game/server/server.js(5207,27): 
node:internal/process/task_queues(104,5): processTicksAndRejections

[08-09-2026 22:23:21] [   error] [                ] Server list query returned an error: server request failed: server request failed for endpoint https://171.76.87.229:30120/dynamic.json (Get "https://171.76.87.229:30120/dynamic.json": context deadline exceeded (Client.Timeout exceeded while awaiting headers))
server request failed: server request failed for endpoint https://171.76.87.229:30120/players.json (Get "https://171.76.87.229:30120/players.json": context deadline exceeded (Client.Timeout exceeded while awaiting headers))
server request failed: server request failed for endpoint https://171.76.87.229:30120/info.json (Get "https://171.76.87.229:30120/info.json": context deadline exceeded (Client.Timeout exceeded while awaiting headers)).
[08-09-2026 22:23:22] [ warning] [                ] ScheduleResourceTick: This native is deprecated. Script resources in FiveM for GTAV Enhanced are running on the same tick rate as the server main tick.
[08-09-2026 22:23:22] [    info] [         oxmysql] ^5[12.3.3-MariaDB] ^2Database server connection established!^0
[08-09-2026 22:23:22] [    info] [       xt-prison] ^5[xt-prison] ^7[INFO] Initializing Table: ^5xt_prison^0^7
[08-09-2026 22:23:22] [    info] [       xt-prison] ^5[xt-prison] ^7[INFO] Initializing Table: ^5xt_prison_items^0^7
[08-09-2026 22:23:22] [    info] [        qbx_core] ^7
^4Welcome to ^3Qbox^4!
To learn more, please check out the documentation at ^5https://docs.qbox.re/^4.
To turn this message off, set the ^3qbx:acknowledge^4 convar to true in your server.cfg file.^7
^7
[08-09-2026 22:23:22] [    info] [    ox_inventory] ^5[ox_inventory] ^7[INFO] Inventory has loaded 301 items^7
[08-09-2026 22:23:22] [    info] [        qbx_core] ^5[qbx_core] ^7[INFO] Removed invalid groups from player_groups table^7
[08-09-2026 22:23:22] [    info] [         oxmysql] ^5[12.3.3-MariaDB] ^3qbx_core took 314.1471ms to execute a query!
CREATE INDEX IF NOT EXISTS `idx_users_license` ON `users` (`license`) []^0
[08-09-2026 22:23:22] [    info] [         oxmysql] ^5[12.3.3-MariaDB] ^3qbx_core took 328.8855ms to execute a query!
CREATE INDEX IF NOT EXISTS `idx_users_discord` ON `users` (`discord`) []^0
[08-09-2026 22:23:22] [    info] [scully_emotemenu] [38;2;46;164;247m[scully_emotemenu]^7 You are currently running the latest version.^7
[08-09-2026 22:23:52] [   error] [                ] Server list query returned an error: server request failed: server request failed for endpoint https://171.76.87.229:30120/players.json (Get "https://171.76.87.229:30120/players.json": context deadline exceeded (Client.Timeout exceeded while awaiting headers))
server request failed: server request failed for endpoint https://171.76.87.229:30120/info.json (Get "https://171.76.87.229:30120/info.json": context deadline exceeded (Client.Timeout exceeded while awaiting headers))
server request failed: server request failed for endpoint https://171.76.87.229:30120/dynamic.json (Get "https://171.76.87.229:30120/dynamic.json": context deadline exceeded (Client.Timeout exceeded while awaiting headers)).
[08-09-2026 22:24:22] [   error] [                ] Server list query returned an error: server request failed: server request failed for endpoint https://171.76.87.229:30120/players.json (Get "https://171.76.87.229:30120/players.json": context deadline exceeded (Client.Timeout exceeded while awaiting headers))
server request failed: server request failed for endpoint https://171.76.87.229:30120/info.json (Get "https://171.76.87.229:30120/info.json": context deadline exceeded (Client.Timeout exceeded while awaiting headers))
server request failed: server request failed for endpoint https://171.76.87.229:30120/dynamic.json (Get "https://171.76.87.229:30120/dynamic.json": context deadline exceeded (Client.Timeout exceeded while awaiting headers)).
[08-09-2026 22:24:52] [   error] [                ] Server list query returned an error: server request failed: server request failed for endpoint https://171.76.87.229:30120/players.json (Get "https://171.76.87.229:30120/players.json": context deadline exceeded (Client.Timeout exceeded while awaiting headers))
server request failed: server request failed for endpoint https://171.76.87.229:30120/info.json (Get "https://171.76.87.229:30120/info.json": context deadline exceeded (Client.Timeout exceeded while awaiting headers))
server request failed: server request failed for endpoint https://171.76.87.229:30120/dynamic.json (Get "https://171.76.87.229:30120/dynamic.json": context deadline exceeded (Client.Timeout exceeded while awaiting headers)).
[08-09-2026 22:25:23] [   error] [                ] Server list query returned an error: server request failed: server request failed for endpoint https://171.76.87.229:30120/players.json (Get "https://171.76.87.229:30120/players.json": context deadline exceeded (Client.Timeout exceeded while awaiting headers))
server request failed: server request failed for endpoint https://171.76.87.229:30120/info.json (Get "https://171.76.87.229:30120/info.json": context deadline exceeded (Client.Timeout exceeded while awaiting headers))
server request failed: server request failed for endpoint https://171.76.87.229:30120/dynamic.json (Get "https://171.76.87.229:30120/dynamic.json": context deadline exceeded (Client.Timeout exceeded while awaiting headers)).
[08-09-2026 22:25:31] [    info] [        qbx_core] ^5[qbx_core] ^7[INFO] NotAGirl has created a character^7
[08-09-2026 22:25:53] [   error] [                ] Server list query returned an error: server request failed: server request failed for endpoint https://171.76.87.229:30120/info.json (Get "https://171.76.87.229:30120/info.json": context deadline exceeded (Client.Timeout exceeded while awaiting headers))
server request failed: server request failed for endpoint https://171.76.87.229:30120/dynamic.json (Get "https://171.76.87.229:30120/dynamic.json": context deadline exceeded (Client.Timeout exceeded while awaiting headers))
server request failed: server request failed for endpoint https://171.76.87.229:30120/players.json (Get "https://171.76.87.229:30120/players.json": context deadline exceeded (Client.Timeout exceeded while awaiting headers)).
[08-09-2026 22:26:23] [   error] [                ] Server list query returned an error: server request failed: server request failed for endpoint https://171.76.87.229:30120/info.json (Get "https://171.76.87.229:30120/info.json": context deadline exceeded (Client.Timeout exceeded while awaiting headers))
server request failed: server request failed for endpoint https://171.76.87.229:30120/dynamic.json (Get "https://171.76.87.229:30120/dynamic.json": context deadline exceeded (Client.Timeout exceeded while awaiting headers))
server request failed: server request failed for endpoint https://171.76.87.229:30120/players.json (Get "https://171.76.87.229:30120/players.json": context deadline exceeded (Client.Timeout exceeded while awaiting headers)).
[08-09-2026 22:26:54] [   error] [                ] Server list query returned an error: server request failed: server request failed for endpoint https://171.76.87.229:30120/info.json (Get "https://171.76.87.229:30120/info.json": context deadline exceeded (Client.Timeout exceeded while awaiting headers))
server request failed: server request failed for endpoint https://171.76.87.229:30120/dynamic.json (Get "https://171.76.87.229:30120/dynamic.json": context deadline exceeded (Client.Timeout exceeded while awaiting headers))
server request failed: server request failed for endpoint https://171.76.87.229:30120/players.json (Get "https://171.76.87.229:30120/players.json": context deadline exceeded (Client.Timeout exceeded while awaiting headers)).
[08-09-2026 22:27:24] [   error] [                ] Server list query returned an error: server request failed: server request failed for endpoint https://171.76.87.229:30120/info.json (Get "https://171.76.87.229:30120/info.json": context deadline exceeded (Client.Timeout exceeded while awaiting headers))
server request failed: server request failed for endpoint https://171.76.87.229:30120/dynamic.json (Get "https://171.76.87.229:30120/dynamic.json": context deadline exceeded (Client.Timeout exceeded while awaiting headers))
server request failed: server request failed for endpoint https://171.76.87.229:30120/players.json (Get "https://171.76.87.229:30120/players.json": context deadline exceeded (Client.Timeout exceeded while awaiting headers)).
[08-09-2026 22:27:55] [   error] [                ] Server list query returned an error: server request failed: server request failed for endpoint https://171.76.87.229:30120/dynamic.json (Get "https://171.76.87.229:30120/dynamic.json": context deadline exceeded (Client.Timeout exceeded while awaiting headers))
server request failed: server request failed for endpoint https://171.76.87.229:30120/info.json (Get "https://171.76.87.229:30120/info.json": context deadline exceeded (Client.Timeout exceeded while awaiting headers))
server request failed: server request failed for endpoint https://171.76.87.229:30120/players.json (Get "https://171.76.87.229:30120/players.json": context deadline exceeded (Client.Timeout exceeded while awaiting headers)).
[08-09-2026 22:28:25] [   error] [                ] Server list query returned an error: server request failed: server request failed for endpoint https://171.76.87.229:30120/dynamic.json (Get "https://171.76.87.229:30120/dynamic.json": context deadline exceeded (Client.Timeout exceeded while awaiting headers))
server request failed: server request failed for endpoint https://171.76.87.229:30120/info.json (Get "https://171.76.87.229:30120/info.json": context deadline exceeded (Client.Timeout exceeded while awaiting headers))
server request failed: server request failed for endpoint https://171.76.87.229:30120/players.json (Get "https://171.76.87.229:30120/players.json": context deadline exceeded (Client.Timeout exceeded while awaiting headers)).
[08-09-2026 22:28:36] [critical] [ qbx_vehicleshop] @qbx_core/modules/lib.lua:383: unable to successfully spawn vehicle after 3 attempts
^3> error^5
^3> spawnVehicle^5 (qbx_core/modules/lib.lua:383)
^3> SpawnVehicle^5 (qbx_vehicleshop/server/utils.lua:106)
^3> [global chunk]^5 (qbx_vehicleshop/server/main.lua:147)

[08-09-2026 22:28:55] [   error] [                ] Server list query returned an error: server request failed: server request failed for endpoint https://171.76.87.229:30120/dynamic.json (Get "https://171.76.87.229:30120/dynamic.json": context deadline exceeded (Client.Timeout exceeded while awaiting headers))
server request failed: server request failed for endpoint https://171.76.87.229:30120/info.json (Get "https://171.76.87.229:30120/info.json": context deadline exceeded (Client.Timeout exceeded while awaiting headers))
server request failed: server request failed for endpoint https://171.76.87.229:30120/players.json (Get "https://171.76.87.229:30120/players.json": context deadline exceeded (Client.Timeout exceeded while awaiting headers)).
[08-09-2026 22:29:26] [   error] [                ] Server list query returned an error: server request failed: server request failed for endpoint https://171.76.87.229:30120/dynamic.json (Get "https://171.76.87.229:30120/dynamic.json": context deadline exceeded (Client.Timeout exceeded while awaiting headers))
server request failed: server request failed for endpoint https://171.76.87.229:30120/info.json (Get "https://171.76.87.229:30120/info.json": context deadline exceeded (Client.Timeout exceeded while awaiting headers))
server request failed: server request failed for endpoint https://171.76.87.229:30120/players.json (Get "https://171.76.87.229:30120/players.json": context deadline exceeded (Client.Timeout exceeded while awaiting headers)).
[08-09-2026 22:29:56] [   error] [                ] Server list query returned an error: server request failed: server request failed for endpoint https://171.76.87.229:30120/players.json (Get "https://171.76.87.229:30120/players.json": context deadline exceeded (Client.Timeout exceeded while awaiting headers))
server request failed: server request failed for endpoint https://171.76.87.229:30120/dynamic.json (Get "https://171.76.87.229:30120/dynamic.json": context deadline exceeded (Client.Timeout exceeded while awaiting headers))
server request failed: server request failed for endpoint https://171.76.87.229:30120/info.json (Get "https://171.76.87.229:30120/info.json": context deadline exceeded (Client.Timeout exceeded while awaiting headers)).
[08-09-2026 22:30:00] [    info] [    ox_inventory] ^5[ox_inventory] ^7[INFO] Saving 1 inventories to the database^7
[08-09-2026 22:30:00] [    info] [    ox_inventory] ^5[ox_inventory] ^7[INFO] Saved 1/1 players (30.5467 ms)^7
[08-09-2026 22:30:26] [   error] [                ] Server list query returned an error: server request failed: server request failed for endpoint https://171.76.87.229:30120/players.json (Get "https://171.76.87.229:30120/players.json": context deadline exceeded (Client.Timeout exceeded while awaiting headers))
server request failed: server request failed for endpoint https://171.76.87.229:30120/dynamic.json (Get "https://171.76.87.229:30120/dynamic.json": context deadline exceeded (Client.Timeout exceeded while awaiting headers))
server request failed: server request failed for endpoint https://171.76.87.229:30120/info.json (Get "https://171.76.87.229:30120/info.json": context deadline exceeded (Client.Timeout exceeded while awaiting headers)).
[08-09-2026 22:30:57] [   error] [                ] Server list query returned an error: server request failed: server request failed for endpoint https://171.76.87.229:30120/players.json (Get "https://171.76.87.229:30120/players.json": context deadline exceeded (Client.Timeout exceeded while awaiting headers))
server request failed: server request failed for endpoint https://171.76.87.229:30120/dynamic.json (Get "https://171.76.87.229:30120/dynamic.json": context deadline exceeded (Client.Timeout exceeded while awaiting headers))
server request failed: server request failed for endpoint https://171.76.87.229:30120/info.json (Get "https://171.76.87.229:30120/info.json": context deadline exceeded (Client.Timeout exceeded while awaiting headers)).
[08-09-2026 22:31:27] [   error] [                ] Server list query returned an error: server request failed: server request failed for endpoint https://171.76.87.229:30120/players.json (Get "https://171.76.87.229:30120/players.json": context deadline exceeded (Client.Timeout exceeded while awaiting headers))
server request failed: server request failed for endpoint https://171.76.87.229:30120/dynamic.json (Get "https://171.76.87.229:30120/dynamic.json": context deadline exceeded (Client.Timeout exceeded while awaiting headers))
server request failed: server request failed for endpoint https://171.76.87.229:30120/info.json (Get "https://171.76.87.229:30120/info.json": context deadline exceeded (Client.Timeout exceeded while awaiting headers)).
[08-09-2026 22:31:57] [   error] [                ] Server list query returned an error: server request failed: server request failed for endpoint https://171.76.87.229:30120/players.json (Get "https://171.76.87.229:30120/players.json": context deadline exceeded (Client.Timeout exceeded while awaiting headers))
server request failed: server request failed for endpoint https://171.76.87.229:30120/dynamic.json (Get "https://171.76.87.229:30120/dynamic.json": context deadline exceeded (Client.Timeout exceeded while awaiting headers))
server request failed: server request failed for endpoint https://171.76.87.229:30120/info.json (Get "https://171.76.87.229:30120/info.json": context deadline exceeded (Client.Timeout exceeded while awaiting headers)).
[08-09-2026 22:32:28] [   error] [                ] Server list query returned an error: server request failed: server request failed for endpoint https://171.76.87.229:30120/players.json (Get "https://171.76.87.229:30120/players.json": context deadline exceeded (Client.Timeout exceeded while awaiting headers))
server request failed: server request failed for endpoint https://171.76.87.229:30120/dynamic.json (Get "https://171.76.87.229:30120/dynamic.json": context deadline exceeded (Client.Timeout exceeded while awaiting headers))
server request failed: server request failed for endpoint https://171.76.87.229:30120/info.json (Get "https://171.76.87.229:30120/info.json": context deadline exceeded (Client.Timeout exceeded while awaiting headers)).
[08-09-2026 22:32:58] [   error] [                ] Server list query returned an error: server request failed: server request failed for endpoint https://171.76.87.229:30120/players.json (Get "https://171.76.87.229:30120/players.json": context deadline exceeded (Client.Timeout exceeded while awaiting headers))
server request failed: server request failed for endpoint https://171.76.87.229:30120/dynamic.json (Get "https://171.76.87.229:30120/dynamic.json": context deadline exceeded (Client.Timeout exceeded while awaiting headers))
server request failed: server request failed for endpoint https://171.76.87.229:30120/info.json (Get "https://171.76.87.229:30120/info.json": context deadline exceeded (Client.Timeout exceeded while awaiting headers)).
[08-09-2026 22:33:28] [   error] [                ] Server list query returned an error: server request failed: server request failed for endpoint https://171.76.87.229:30120/players.json (Get "https://171.76.87.229:30120/players.json": context deadline exceeded (Client.Timeout exceeded while awaiting headers))
server request failed: server request failed for endpoint https://171.76.87.229:30120/dynamic.json (Get "https://171.76.87.229:30120/dynamic.json": context deadline exceeded (Client.Timeout exceeded while awaiting headers))
server request failed: server request failed for endpoint https://171.76.87.229:30120/info.json (Get "https://171.76.87.229:30120/info.json": context deadline exceeded (Client.Timeout exceeded while awaiting headers)).
[08-09-2026 22:33:59] [   error] [                ] Server list query returned an error: server request failed: server request failed for endpoint https://171.76.87.229:30120/info.json (Get "https://171.76.87.229:30120/info.json": context deadline exceeded (Client.Timeout exceeded while awaiting headers))
server request failed: server request failed for endpoint https://171.76.87.229:30120/dynamic.json (Get "https://171.76.87.229:30120/dynamic.json": context deadline exceeded (Client.Timeout exceeded while awaiting headers))
server request failed: server request failed for endpoint https://171.76.87.229:30120/players.json (Get "https://171.76.87.229:30120/players.json": context deadline exceeded (Client.Timeout exceeded while awaiting headers)).
[08-09-2026 22:34:29] [   error] [                ] Server list query returned an error: server request failed: server request failed for endpoint https://171.76.87.229:30120/info.json (Get "https://171.76.87.229:30120/info.json": context deadline exceeded (Client.Timeout exceeded while awaiting headers))
server request failed: server request failed for endpoint https://171.76.87.229:30120/dynamic.json (Get "https://171.76.87.229:30120/dynamic.json": context deadline exceeded (Client.Timeout exceeded while awaiting headers))
server request failed: server request failed for endpoint https://171.76.87.229:30120/players.json (Get "https://171.76.87.229:30120/players.json": context deadline exceeded (Client.Timeout exceeded while awaiting headers)).
[08-09-2026 22:34:59] [   error] [                ] Server list query returned an error: server request failed: server request failed for endpoint https://171.76.87.229:30120/info.json (Get "https://171.76.87.229:30120/info.json": context deadline exceeded (Client.Timeout exceeded while awaiting headers))
server request failed: server request failed for endpoint https://171.76.87.229:30120/dynamic.json (Get "https://171.76.87.229:30120/dynamic.json": context deadline exceeded (Client.Timeout exceeded while awaiting headers))
server request failed: server request failed for endpoint https://171.76.87.229:30120/players.json (Get "https://171.76.87.229:30120/players.json": context deadline exceeded (Client.Timeout exceeded while awaiting headers)).
[08-09-2026 22:35:30] [   error] [                ] Server list query returned an error: server request failed: server request failed for endpoint https://171.76.87.229:30120/info.json (Get "https://171.76.87.229:30120/info.json": context deadline exceeded (Client.Timeout exceeded while awaiting headers))
server request failed: server request failed for endpoint https://171.76.87.229:30120/dynamic.json (Get "https://171.76.87.229:30120/dynamic.json": context deadline exceeded (Client.Timeout exceeded while awaiting headers))
server request failed: server request failed for endpoint https://171.76.87.229:30120/players.json (Get "https://171.76.87.229:30120/players.json": context deadline exceeded (Client.Timeout exceeded while awaiting headers)).
[08-09-2026 22:36:00] [   error] [                ] Server list query returned an error: server request failed: server request failed for endpoint https://171.76.87.229:30120/info.json (Get "https://171.76.87.229:30120/info.json": context deadline exceeded (Client.Timeout exceeded while awaiting headers))
server request failed: server request failed for endpoint https://171.76.87.229:30120/dynamic.json (Get "https://171.76.87.229:30120/dynamic.json": context deadline exceeded (Client.Timeout exceeded while awaiting headers))
server request failed: server request failed for endpoint https://171.76.87.229:30120/players.json (Get "https://171.76.87.229:30120/players.json": context deadline exceeded (Client.Timeout exceeded while awaiting headers)).
[08-09-2026 22:36:30] [   error] [                ] Server list query returned an error: server request failed: server request failed for endpoint https://171.76.87.229:30120/info.json (Get "https://171.76.87.229:30120/info.json": context deadline exceeded (Client.Timeout exceeded while awaiting headers))
server request failed: server request failed for endpoint https://171.76.87.229:30120/dynamic.json (Get "https://171.76.87.229:30120/dynamic.json": context deadline exceeded (Client.Timeout exceeded while awaiting headers))
server request failed: server request failed for endpoint https://171.76.87.229:30120/players.json (Get "https://171.76.87.229:30120/players.json": context deadline exceeded (Client.Timeout exceeded while awaiting headers)).
[08-09-2026 22:37:01] [   error] [                ] Server list query returned an error: server request failed: server request failed for endpoint https://171.76.87.229:30120/info.json (Get "https://171.76.87.229:30120/info.json": context deadline exceeded (Client.Timeout exceeded while awaiting headers))
server request failed: server request failed for endpoint https://171.76.87.229:30120/dynamic.json (Get "https://171.76.87.229:30120/dynamic.json": context deadline exceeded (Client.Timeout exceeded while awaiting headers))
server request failed: server request failed for endpoint https://171.76.87.229:30120/players.json (Get "https://171.76.87.229:30120/players.json": context deadline exceeded (Client.Timeout exceeded while awaiting headers)).
[08-09-2026 22:37:31] [   error] [                ] Server list query returned an error: server request failed: server request failed for endpoint https://171.76.87.229:30120/info.json (Get "https://171.76.87.229:30120/info.json": context deadline exceeded (Client.Timeout exceeded while awaiting headers))
server request failed: server request failed for endpoint https://171.76.87.229:30120/dynamic.json (Get "https://171.76.87.229:30120/dynamic.json": context deadline exceeded (Client.Timeout exceeded while awaiting headers))
server request failed: server request failed for endpoint https://171.76.87.229:30120/players.json (Get "https://171.76.87.229:30120/players.json": context deadline exceeded (Client.Timeout exceeded while awaiting headers)).
[08-09-2026 22:38:02] [   error] [                ] Server list query returned an error: server request failed: server request failed for endpoint https://171.76.87.229:30120/info.json (Get "https://171.76.87.229:30120/info.json": context deadline exceeded (Client.Timeout exceeded while awaiting headers))
server request failed: server request failed for endpoint https://171.76.87.229:30120/dynamic.json (Get "https://171.76.87.229:30120/dynamic.json": context deadline exceeded (Client.Timeout exceeded while awaiting headers))
server request failed: server request failed for endpoint https://171.76.87.229:30120/players.json (Get "https://171.76.87.229:30120/players.json": context deadline exceeded (Client.Timeout exceeded while awaiting headers)).
[08-09-2026 22:38:32] [   error] [                ] Server list query returned an error: server request failed: server request failed for endpoint https://171.76.87.229:30120/info.json (Get "https://171.76.87.229:30120/info.json": context deadline exceeded (Client.Timeout exceeded while awaiting headers))
server request failed: server request failed for endpoint https://171.76.87.229:30120/dynamic.json (Get "https://171.76.87.229:30120/dynamic.json": context deadline exceeded (Client.Timeout exceeded while awaiting headers))
server request failed: server request failed for endpoint https://171.76.87.229:30120/players.json (Get "https://171.76.87.229:30120/players.json": context deadline exceeded (Client.Timeout exceeded while awaiting headers)).
[08-09-2026 22:39:02] [   error] [                ] Server list query returned an error: server request failed: server request failed for endpoint https://171.76.87.229:30120/info.json (Get "https://171.76.87.229:30120/info.json": context deadline exceeded (Client.Timeout exceeded while awaiting headers))
server request failed: server request failed for endpoint https://171.76.87.229:30120/dynamic.json (Get "https://171.76.87.229:30120/dynamic.json": context deadline exceeded (Client.Timeout exceeded while awaiting headers))
server request failed: server request failed for endpoint https://171.76.87.229:30120/players.json (Get "https://171.76.87.229:30120/players.json": context deadline exceeded (Client.Timeout exceeded while awaiting headers)).
[08-09-2026 22:39:33] [   error] [                ] Server list query returned an error: server request failed: server request failed for endpoint https://171.76.87.229:30120/info.json (Get "https://171.76.87.229:30120/info.json": context deadline exceeded (Client.Timeout exceeded while awaiting headers))
server request failed: server request failed for endpoint https://171.76.87.229:30120/dynamic.json (Get "https://171.76.87.229:30120/dynamic.json": context deadline exceeded (Client.Timeout exceeded while awaiting headers))
server request failed: server request failed for endpoint https://171.76.87.229:30120/players.json (Get "https://171.76.87.229:30120/players.json": context deadline exceeded (Client.Timeout exceeded while awaiting headers)).
[08-09-2026 22:40:03] [   error] [                ] Server list query returned an error: server request failed: server request failed for endpoint https://171.76.87.229:30120/players.json (Get "https://171.76.87.229:30120/players.json": read tcp 10.0.4.121:51192->171.76.87.229:30120: read: connection reset by peer)
server request failed: server request failed for endpoint https://171.76.87.229:30120/info.json (Get "https://171.76.87.229:30120/info.json": read tcp 10.0.4.121:51206->171.76.87.229:30120: read: connection reset by peer)
server request failed: server request failed for endpoint https://171.76.87.229:30120/dynamic.json (Get "https://171.76.87.229:30120/dynamic.json": read tcp 10.0.4.121:51182->171.76.87.229:30120: read: connection reset by peer).
[08-09-2026 22:40:33] [   error] [                ] Server list query returned an error: server request failed: server request failed for endpoint https://171.76.87.229:30120/players.json (Get "https://171.76.87.229:30120/players.json": read tcp 10.0.4.121:51192->171.76.87.229:30120: read: connection reset by peer)
server request failed: server request failed for endpoint https://171.76.87.229:30120/info.json (Get "https://171.76.87.229:30120/info.json": read tcp 10.0.4.121:51206->171.76.87.229:30120: read: connection reset by peer)
server request failed: server request failed for endpoint https://171.76.87.229:30120/dynamic.json (Get "https://171.76.87.229:30120/dynamic.json": read tcp 10.0.4.121:51182->171.76.87.229:30120: read: connection reset by peer).
[08-09-2026 22:41:04] [   error] [                ] Server list query returned an error: server request failed: server request failed for endpoint https://171.76.87.229:30120/players.json (Get "https://171.76.87.229:30120/players.json": read tcp 10.0.4.121:51192->171.76.87.229:30120: read: connection reset by peer)
server request failed: server request failed for endpoint https://171.76.87.229:30120/info.json (Get "https://171.76.87.229:30120/info.json": read tcp 10.0.4.121:51206->171.76.87.229:30120: read: connection reset by peer)
server request failed: server request failed for endpoint https://171.76.87.229:30120/dynamic.json (Get "https://171.76.87.229:30120/dynamic.json": read tcp 10.0.4.121:51182->171.76.87.229:30120: read: connection reset by peer).
[08-09-2026 22:41:34] [   error] [                ] Server list query returned an error: server request failed: server request failed for endpoint https://171.76.87.229:30120/players.json (Get "https://171.76.87.229:30120/players.json": read tcp 10.0.4.121:51192->171.76.87.229:30120: read: connection reset by peer)
server request failed: server request failed for endpoint https://171.76.87.229:30120/info.json (Get "https://171.76.87.229:30120/info.json": read tcp 10.0.4.121:51206->171.76.87.229:30120: read: connection reset by peer)
server request failed: server request failed for endpoint https://171.76.87.229:30120/dynamic.json (Get "https://171.76.87.229:30120/dynamic.json": read tcp 10.0.4.121:51182->171.76.87.229:30120: read: connection reset by peer).
[08-09-2026 22:42:04] [   error] [                ] Server list query returned an error: server request failed: server request failed for endpoint https://171.76.87.229:30120/players.json (Get "https://171.76.87.229:30120/players.json": context deadline exceeded (Client.Timeout exceeded while awaiting headers))
server request failed: server request failed for endpoint https://171.76.87.229:30120/dynamic.json (Get "https://171.76.87.229:30120/dynamic.json": context deadline exceeded (Client.Timeout exceeded while awaiting headers))
server request failed: server request failed for endpoint https://171.76.87.229:30120/info.json (Get "https://171.76.87.229:30120/info.json": context deadline exceeded (Client.Timeout exceeded while awaiting headers)).
[08-09-2026 22:42:10] [    info] [         txadmin] ^5[txAdmin]^0 Server shutting down. Kicking all players.^0
