[14-09-2026 17:25:11] [    info] [                ] Scanning resources
[14-09-2026 17:25:11] [    info] [                ] Found 96 resources
[14-09-2026 17:25:12] [    info] [         txadmin] ^5[txAdmin]^0 Resource v9.0.0-beta-646aba9a threads and commands set up. All Ready.^0
[14-09-2026 17:25:12] [    info] [                ] Starting resource mapmanager
[14-09-2026 17:25:12] [    info] [                ] Started resource mapmanager
[14-09-2026 17:25:12] [    info] [                ] Starting resource spawnmanager
[14-09-2026 17:25:12] [    info] [                ] Started resource spawnmanager
[14-09-2026 17:25:12] [    info] [                ] Stopped resource basic-gamemode
[14-09-2026 17:25:12] [    info] [                ] Starting resource baseevents
[14-09-2026 17:25:12] [    info] [                ] Started resource baseevents
[14-09-2026 17:25:12] [    info] [                ] Starting resource ox_lib
[14-09-2026 17:25:12] [    info] [                ] Started resource ox_lib
[14-09-2026 17:25:12] [    info] [                ] Starting resource qbx_core
[14-09-2026 17:25:12] [    info] [                ] Started resource qbx_core
[14-09-2026 17:25:12] [    info] [                ] Starting resource ox_target
[14-09-2026 17:25:12] [    info] [                ] Started resource ox_target
[14-09-2026 17:25:12] [    info] [                ] Starting resource ox_doorlock
[14-09-2026 17:25:12] [    info] [                ] Started resource ox_doorlock
[14-09-2026 17:25:12] [    info] [                ] Starting resource ox_fuel
[14-09-2026 17:25:12] [    info] [                ] Started resource ox_fuel
[14-09-2026 17:25:12] [    info] [                ] Starting resource qbx_adminmenu
[14-09-2026 17:25:12] [    info] [                ] Started resource qbx_adminmenu
[14-09-2026 17:25:12] [    info] [                ] Starting resource qbx_ambulancejob
[14-09-2026 17:25:12] [    info] [                ] Started resource qbx_ambulancejob
[14-09-2026 17:25:12] [    info] [                ] Starting resource qbx_bankrobbery
[14-09-2026 17:25:12] [    info] [                ] Started resource qbx_bankrobbery
[14-09-2026 17:25:12] [    info] [                ] Starting resource qbx_binoculars
[14-09-2026 17:25:12] [    info] [                ] Started resource qbx_binoculars
[14-09-2026 17:25:12] [    info] [                ] Starting resource qbx_busjob
[14-09-2026 17:25:12] [    info] [                ] Started resource qbx_busjob
[14-09-2026 17:25:12] [    info] [                ] Starting resource qbx_carwash
[14-09-2026 17:25:12] [    info] [                ] Started resource qbx_carwash
[14-09-2026 17:25:12] [    info] [                ] Starting resource qbx_chat_theme
[14-09-2026 17:25:12] [    info] [                ] Started resource qbx_chat_theme
[14-09-2026 17:25:12] [    info] [                ] Starting resource qbx_cityhall
[14-09-2026 17:25:12] [    info] [                ] Started resource qbx_cityhall
[14-09-2026 17:25:12] [    info] [                ] Starting resource qbx_customs
[14-09-2026 17:25:12] [    info] [                ] Started resource qbx_customs
[14-09-2026 17:25:12] [    info] [                ] Starting resource qbx_density
[14-09-2026 17:25:12] [    info] [                ] Started resource qbx_density
[14-09-2026 17:25:12] [    info] [                ] Starting resource qbx_divegear
[14-09-2026 17:25:12] [    info] [                ] Started resource qbx_divegear
[14-09-2026 17:25:12] [    info] [                ] Starting resource qbx_diving
[14-09-2026 17:25:12] [    info] [                ] Started resource qbx_diving
[14-09-2026 17:25:12] [    info] [                ] Starting resource qbx_drugs
[14-09-2026 17:25:12] [    info] [                ] Started resource qbx_drugs
[14-09-2026 17:25:12] [    info] [                ] Starting resource qbx_fireworks
[14-09-2026 17:25:12] [    info] [                ] Started resource qbx_fireworks
[14-09-2026 17:25:12] [    info] [                ] Starting resource qbx_garages
[14-09-2026 17:25:12] [    info] [                ] Started resource qbx_garages
[14-09-2026 17:25:12] [    info] [                ] Starting resource qbx_garbagejob
[14-09-2026 17:25:12] [    info] [                ] Started resource qbx_garbagejob
[14-09-2026 17:25:12] [    info] [                ] Starting resource qbx_houserobbery
[14-09-2026 17:25:12] [    info] [                ] Started resource qbx_houserobbery
[14-09-2026 17:25:12] [    info] [                ] Starting resource qbx_hud
[14-09-2026 17:25:12] [    info] [                ] Started resource qbx_hud
[14-09-2026 17:25:12] [    info] [                ] Starting resource qbx_idcard
[14-09-2026 17:25:12] [    info] [                ] Started resource qbx_idcard
[14-09-2026 17:25:12] [    info] [                ] Starting resource qbx_jewelery
[14-09-2026 17:25:12] [    info] [                ] Started resource qbx_jewelery
[14-09-2026 17:25:12] [    info] [                ] Starting resource qbx_lapraces
[14-09-2026 17:25:12] [    info] [                ] Started resource qbx_lapraces
[14-09-2026 17:25:12] [    info] [                ] Starting resource qbx_management
[14-09-2026 17:25:12] [    info] [                ] Started resource qbx_management
[14-09-2026 17:25:12] [    info] [                ] Starting resource qbx_mechanicjob
[14-09-2026 17:25:12] [    info] [                ] Started resource qbx_mechanicjob
[14-09-2026 17:25:12] [    info] [                ] Starting resource qbx_newsjob
[14-09-2026 17:25:12] [    info] [                ] Started resource qbx_newsjob
[14-09-2026 17:25:12] [    info] [                ] Starting resource qbx_pawnshop
[14-09-2026 17:25:12] [    info] [                ] Started resource qbx_pawnshop
[14-09-2026 17:25:12] [    info] [                ] Starting resource qbx_police
[14-09-2026 17:25:12] [    info] [                ] Started resource qbx_police
[14-09-2026 17:25:12] [    info] [                ] Starting resource qbx_properties
[14-09-2026 17:25:12] [    info] [                ] Started resource qbx_properties
[14-09-2026 17:25:12] [    info] [                ] Starting resource qbx_radialmenu
[14-09-2026 17:25:12] [    info] [                ] Started resource qbx_radialmenu
[14-09-2026 17:25:12] [    info] [                ] Starting resource qbx_recyclejob
[14-09-2026 17:25:12] [    info] [                ] Started resource qbx_recyclejob
[14-09-2026 17:25:12] [    info] [                ] Starting resource qbx_scoreboard
[14-09-2026 17:25:12] [    info] [                ] Started resource qbx_scoreboard
[14-09-2026 17:25:12] [    info] [                ] Starting resource qbx_scrapyard
[14-09-2026 17:25:12] [    info] [                ] Started resource qbx_scrapyard
[14-09-2026 17:25:12] [    info] [                ] Starting resource qbx_seatbelt
[14-09-2026 17:25:12] [    info] [                ] Started resource qbx_seatbelt
[14-09-2026 17:25:12] [    info] [                ] Starting resource qbx_smallresources
[14-09-2026 17:25:12] [    info] [qbx_smallresources] ^5[qbx_smallresources] ^3[WARN] [qbx_entitiesblacklist] You have entity blacklist enabled, this means that any entity that is blacklisted in config.lua will not be able to spawn, you can change this in qbx_smallresource/qbx_entitiesblacklist/config.lua^7
[14-09-2026 17:25:12] [    info] [                ] Started resource qbx_smallresources
[14-09-2026 17:25:12] [    info] [                ] Starting resource qbx_spawn
[14-09-2026 17:25:12] [    info] [                ] Started resource qbx_spawn
[14-09-2026 17:25:12] [    info] [                ] Starting resource qbx_storerobbery
[14-09-2026 17:25:12] [    info] [                ] Started resource qbx_storerobbery
[14-09-2026 17:25:12] [    info] [                ] Starting resource qbx_streetraces
[14-09-2026 17:25:12] [    info] [                ] Started resource qbx_streetraces
[14-09-2026 17:25:12] [    info] [                ] Starting resource qbx_taxijob
[14-09-2026 17:25:12] [    info] [                ] Started resource qbx_taxijob
[14-09-2026 17:25:12] [    info] [                ] Starting resource qbx_towjob
[14-09-2026 17:25:12] [    info] [                ] Started resource qbx_towjob
[14-09-2026 17:25:12] [    info] [                ] Starting resource qbx_truckerjob
[14-09-2026 17:25:12] [    info] [                ] Started resource qbx_truckerjob
[14-09-2026 17:25:12] [    info] [                ] Starting resource qbx_truckrobbery
[14-09-2026 17:25:12] [    info] [                ] Started resource qbx_truckrobbery
[14-09-2026 17:25:12] [    info] [                ] Starting resource qbx_vehiclekeys
[14-09-2026 17:25:12] [    info] [                ] Started resource qbx_vehiclekeys
[14-09-2026 17:25:12] [    info] [                ] Starting resource qbx_vehicles
[14-09-2026 17:25:12] [    info] [                ] Started resource qbx_vehicles
[14-09-2026 17:25:12] [    info] [                ] Starting resource qbx_vehiclesales
[14-09-2026 17:25:12] [    info] [                ] Started resource qbx_vehiclesales
[14-09-2026 17:25:12] [    info] [                ] Starting resource qbx_vehicleshop
[14-09-2026 17:25:12] [    info] [                ] Started resource qbx_vehicleshop
[14-09-2026 17:25:12] [    info] [                ] Starting resource qbx_vineyard
[14-09-2026 17:25:12] [    info] [                ] Started resource qbx_vineyard
[14-09-2026 17:25:12] [    info] [                ] Starting resource qbx_weed
[14-09-2026 17:25:12] [    info] [                ] Started resource qbx_weed
[14-09-2026 17:25:12] [    info] [                ] Starting resource bob74_ipl
[14-09-2026 17:25:12] [    info] [                ] Started resource bob74_ipl
[14-09-2026 17:25:12] [    info] [                ] Starting resource illenium-appearance
[14-09-2026 17:25:12] [    info] [                ] Started resource illenium-appearance
[14-09-2026 17:25:12] [    info] [                ] Starting resource loadscreen
[14-09-2026 17:25:13] [    info] [                ] Started resource loadscreen
[14-09-2026 17:25:13] [    info] [                ] Starting resource mana_audio
[14-09-2026 17:25:13] [    info] [                ] Started resource mana_audio
[14-09-2026 17:25:13] [    info] [                ] Starting resource mhacking
[14-09-2026 17:25:13] [    info] [                ] Started resource mhacking
[14-09-2026 17:25:13] [    info] [                ] Starting resource Renewed-Banking
[14-09-2026 17:25:13] [    info] [                ] Started resource Renewed-Banking
[14-09-2026 17:25:13] [    info] [                ] Starting resource Renewed-Weathersync
[14-09-2026 17:25:13] [    info] [                ] Started resource Renewed-Weathersync
[14-09-2026 17:25:13] [    info] [                ] Starting resource safecracker
[14-09-2026 17:25:13] [    info] [                ] Started resource safecracker
[14-09-2026 17:25:13] [    info] [                ] Starting resource screencapture
[14-09-2026 17:25:13] [    info] [                ] Started resource screencapture
[14-09-2026 17:25:13] [    info] [                ] Starting resource scully_emotemenu
[14-09-2026 17:25:13] [    info] [                ] Started resource scully_emotemenu
[14-09-2026 17:25:13] [    info] [                ] Starting resource ultra-voltlab
[14-09-2026 17:25:13] [    info] [                ] Started resource ultra-voltlab
[14-09-2026 17:25:13] [    info] [                ] Starting resource vehiclehandler
[14-09-2026 17:25:13] [    info] [                ] Started resource vehiclehandler
[14-09-2026 17:25:13] [    info] [                ] Starting resource xt-prison
[14-09-2026 17:25:13] [    info] [                ] Started resource xt-prison
[14-09-2026 17:25:13] [    info] [                ] Starting resource mm_radio
[14-09-2026 17:25:13] [    info] [                ] Started resource mm_radio
[14-09-2026 17:25:13] [    info] [                ] Starting resource botrp_core
[14-09-2026 17:25:13] [    info] [      botrp_core] [BotRP] core v0.1.0 started
[14-09-2026 17:25:13] [    info] [                ] Started resource botrp_core
[14-09-2026 17:25:13] [    info] [                ] Starting resource botrp_loading
[14-09-2026 17:25:13] [    info] [                ] Started resource botrp_loading
[14-09-2026 17:25:13] [    info] [                ] Starting resource botrp_character
[14-09-2026 17:25:13] [    info] [                ] Started resource botrp_character
[14-09-2026 17:25:13] [    info] [                ] Starting resource botrp_identity
[14-09-2026 17:25:13] [    info] [  botrp_identity] [BotRP] identity v0.4.0 started
[14-09-2026 17:25:13] [    info] [                ] Started resource botrp_identity
[14-09-2026 17:25:13] [    info] [                ] Starting resource botrp_audit
[14-09-2026 17:25:13] [    info] [     botrp_audit] [BotRP Audit] botrp_audit started
[14-09-2026 17:25:13] [    info] [     botrp_audit] [BotRP Audit] {"id":"20260914115513-6913-2379","metadata":[],"action":"started","category":"resource","timestamp":"2026-09-14T11:55:13Z","resource":"botrp_audit"}
[14-09-2026 17:25:13] [    info] [                ] Started resource botrp_audit
[14-09-2026 17:25:13] [    info] [                ] Starting resource botrp_playerstate
[14-09-2026 17:25:13] [    info] [     botrp_audit] [BotRP Audit] {"id":"20260914115513-6913-7027","metadata":[],"action":"started","category":"resource","timestamp":"2026-09-14T11:55:13Z","resource":"botrp_playerstate"}
[14-09-2026 17:25:13] [    info] [botrp_playerstate] [BotRP] playerstate v0.1.0 started
[14-09-2026 17:25:13] [    info] [                ] Started resource botrp_playerstate
[14-09-2026 17:25:13] [    info] [                ] Starting resource qbx_npwd
[14-09-2026 17:25:13] [    info] [     botrp_audit] [BotRP Audit] {"id":"20260914115513-6913-7461","metadata":[],"action":"started","category":"resource","timestamp":"2026-09-14T11:55:13Z","resource":"qbx_npwd"}
[14-09-2026 17:25:13] [    info] [                ] Started resource qbx_npwd
[14-09-2026 17:25:13] [    info] [                ] Starting resource npwd
[14-09-2026 17:25:13] [    info] [     botrp_audit] [BotRP Audit] {"id":"20260914115513-6913-3054","metadata":[],"action":"started","category":"resource","timestamp":"2026-09-14T11:55:13Z","resource":"npwd"}
[14-09-2026 17:25:13] [    info] [                ] Started resource npwd
[14-09-2026 17:25:13] [ warning] [              js] Unhandled promise rejection in resource npwd
[14-09-2026 17:25:13] [ warning] [              js] Uncaught Error: Driver not found.
dist/game/server/server.js(5138,130): getDriver
dist/game/server/server.js(5199,28): 
node:internal/process/task_queues(104,5): processTicksAndRejections

[14-09-2026 17:25:13] [ warning] [              js] Unhandled promise rejection in resource npwd
[14-09-2026 17:25:13] [ warning] [              js] Uncaught Error: Driver not found.
dist/game/server/server.js(5138,130): getDriver
dist/game/server/server.js(5199,28): 
node:internal/process/task_queues(104,5): processTicksAndRejections

[14-09-2026 17:25:13] [ warning] [              js] Unhandled promise rejection in resource npwd
[14-09-2026 17:25:13] [ warning] [              js] Uncaught Error: No available storage method found.
dist/game/server/server.js(5207,27): 
node:internal/process/task_queues(104,5): processTicksAndRejections

[14-09-2026 17:25:14] [   error] [                ] Server list query returned an error: server request failed: server request failed for endpoint https://171.76.80.86:30120/dynamic.json (Get "https://171.76.80.86:30120/dynamic.json": context deadline exceeded (Client.Timeout exceeded while awaiting headers))
server request failed: server request failed for endpoint https://171.76.80.86:30120/players.json (Get "https://171.76.80.86:30120/players.json": context deadline exceeded (Client.Timeout exceeded while awaiting headers))
server request failed: server request failed for endpoint https://171.76.80.86:30120/info.json (Get "https://171.76.80.86:30120/info.json": context deadline exceeded (Client.Timeout exceeded while awaiting headers)).
[14-09-2026 17:25:14] [ warning] [                ] ScheduleResourceTick: This native is deprecated. Script resources in FiveM for GTAV Enhanced are running on the same tick rate as the server main tick.
[14-09-2026 17:25:14] [    info] [         oxmysql] ^5[12.3.3-MariaDB] ^2Database server connection established!^0
[14-09-2026 17:25:14] [    info] [       xt-prison] ^5[xt-prison] ^7[INFO] Initializing Table: ^5xt_prison^0^7
[14-09-2026 17:25:14] [    info] [       xt-prison] ^5[xt-prison] ^7[INFO] Initializing Table: ^5xt_prison_items^0^7
[14-09-2026 17:25:14] [    info] [        qbx_core] ^5[qbx_core] ^7[INFO] Removed invalid groups from player_groups table^7
[14-09-2026 17:25:14] [    info] [        qbx_core] ^7
^4Welcome to ^3Qbox^4!
To learn more, please check out the documentation at ^5https://docs.qbox.re/^4.
To turn this message off, set the ^3qbx:acknowledge^4 convar to true in your server.cfg file.^7
^7
[14-09-2026 17:25:14] [    info] [    ox_inventory] ^5[ox_inventory] ^7[INFO] Inventory has loaded 221 items^7
[14-09-2026 17:25:15] [    info] [scully_emotemenu] [38;2;46;164;247m[scully_emotemenu]^7 You are currently running the latest version.^7
[14-09-2026 17:25:44] [   error] [                ] Server list query returned an error: server request failed: server request failed for endpoint https://171.76.80.86:30120/dynamic.json (Get "https://171.76.80.86:30120/dynamic.json": context deadline exceeded (Client.Timeout exceeded while awaiting headers))
server request failed: server request failed for endpoint https://171.76.80.86:30120/players.json (Get "https://171.76.80.86:30120/players.json": context deadline exceeded (Client.Timeout exceeded while awaiting headers))
server request failed: server request failed for endpoint https://171.76.80.86:30120/info.json (Get "https://171.76.80.86:30120/info.json": context deadline exceeded (Client.Timeout exceeded while awaiting headers)).
[14-09-2026 17:26:14] [   error] [                ] Server list query returned an error: server request failed: server request failed for endpoint https://171.76.80.86:30120/dynamic.json (Get "https://171.76.80.86:30120/dynamic.json": context deadline exceeded (Client.Timeout exceeded while awaiting headers))
server request failed: server request failed for endpoint https://171.76.80.86:30120/players.json (Get "https://171.76.80.86:30120/players.json": context deadline exceeded (Client.Timeout exceeded while awaiting headers))
server request failed: server request failed for endpoint https://171.76.80.86:30120/info.json (Get "https://171.76.80.86:30120/info.json": context deadline exceeded (Client.Timeout exceeded while awaiting headers)).
[14-09-2026 17:26:45] [   error] [                ] Server list query returned an error: server request failed: server request failed for endpoint https://171.76.80.86:30120/dynamic.json (Get "https://171.76.80.86:30120/dynamic.json": context deadline exceeded (Client.Timeout exceeded while awaiting headers))
server request failed: server request failed for endpoint https://171.76.80.86:30120/players.json (Get "https://171.76.80.86:30120/players.json": context deadline exceeded (Client.Timeout exceeded while awaiting headers))
server request failed: server request failed for endpoint https://171.76.80.86:30120/info.json (Get "https://171.76.80.86:30120/info.json": context deadline exceeded (Client.Timeout exceeded while awaiting headers)).
[14-09-2026 17:27:15] [   error] [                ] Server list query returned an error: server request failed: server request failed for endpoint https://171.76.80.86:30120/dynamic.json (Get "https://171.76.80.86:30120/dynamic.json": context deadline exceeded (Client.Timeout exceeded while awaiting headers))
server request failed: server request failed for endpoint https://171.76.80.86:30120/info.json (Get "https://171.76.80.86:30120/info.json": context deadline exceeded (Client.Timeout exceeded while awaiting headers))
server request failed: server request failed for endpoint https://171.76.80.86:30120/players.json (Get "https://171.76.80.86:30120/players.json": context deadline exceeded (Client.Timeout exceeded while awaiting headers)).
[14-09-2026 17:27:46] [   error] [                ] Server list query returned an error: server request failed: server request failed for endpoint https://171.76.80.86:30120/dynamic.json (Get "https://171.76.80.86:30120/dynamic.json": context deadline exceeded (Client.Timeout exceeded while awaiting headers))
server request failed: server request failed for endpoint https://171.76.80.86:30120/info.json (Get "https://171.76.80.86:30120/info.json": context deadline exceeded (Client.Timeout exceeded while awaiting headers))
server request failed: server request failed for endpoint https://171.76.80.86:30120/players.json (Get "https://171.76.80.86:30120/players.json": context deadline exceeded (Client.Timeout exceeded while awaiting headers)).
[14-09-2026 17:28:15] [    info] [         txadmin] ^5[txAdmin]^0 Server shutting down. Kicking all players.^0
[14-09-2026 17:28:16] [   error] [                ] Server list query returned an error: server request failed: server request failed for endpoint https://171.76.80.86:30120/dynamic.json (Get "https://171.76.80.86:30120/dynamic.json": context deadline exceeded (Client.Timeout exceeded while awaiting headers))
server request failed: server request failed for endpoint https://171.76.80.86:30120/info.json (Get "https://171.76.80.86:30120/info.json": context deadline exceeded (Client.Timeout exceeded while awaiting headers))
server request failed: server request failed for endpoint https://171.76.80.86:30120/players.json (Get "https://171.76.80.86:30120/players.json": context deadline exceeded (Client.Timeout exceeded while awaiting headers)).
