[12-09-2026 07:31:29] [    info] [                ] Scanning resources
[12-09-2026 07:31:29] [    info] [                ] Found 93 resources
[12-09-2026 07:31:29] [ warning] [                ] Resource 'pillbox' uses the deprecated 'stream/' folder. Please rename it to 'stream_enhanced/' for future compatibility.
[12-09-2026 07:31:29] [ warning] [                ] Resource 'bob74_ipl' uses the deprecated 'stream/' folder. Please rename it to 'stream_enhanced/' for future compatibility.
[12-09-2026 07:31:29] [ warning] [                ] Resource 'qbx_density' uses the deprecated 'stream/' folder. Please rename it to 'stream_enhanced/' for future compatibility.
[12-09-2026 07:31:29] [ warning] [                ] Resource 'qbx_customs' uses the deprecated 'stream/' folder. Please rename it to 'stream_enhanced/' for future compatibility.
[12-09-2026 07:31:29] [ warning] [                ] Resource 'qbx_hud' uses the deprecated 'stream/' folder. Please rename it to 'stream_enhanced/' for future compatibility.
[12-09-2026 07:31:29] [ warning] [                ] Resource 'qbx_properties' uses the deprecated 'stream/' folder. Please rename it to 'stream_enhanced/' for future compatibility.
[12-09-2026 07:31:29] [ warning] [                ] Resource 'ultra-voltlab' uses the deprecated 'stream/' folder. Please rename it to 'stream_enhanced/' for future compatibility.
[12-09-2026 07:31:29] [ warning] [                ] Resource 'scully_emotemenu' uses the deprecated 'stream/' folder. Please rename it to 'stream_enhanced/' for future compatibility.
[12-09-2026 07:31:29] [   error] [                ] sv_enforceGameBuild is used with an invalid value 3258. Only 1 is supported to remove any game dlcs.
[12-09-2026 07:31:29] [    info] [         txadmin] ^5[txAdmin]^0 Resource v9.0.0-beta-646aba9a threads and commands set up. All Ready.^0
[12-09-2026 07:31:29] [    info] [                ] Starting resource mapmanager
[12-09-2026 07:31:29] [    info] [                ] Started resource mapmanager
[12-09-2026 07:31:29] [    info] [                ] Starting resource spawnmanager
[12-09-2026 07:31:29] [    info] [                ] Started resource spawnmanager
[12-09-2026 07:31:29] [   error] [                ] Failed to ensure resource sessionmanager. Error: Resource "sessionmanager" not found
[12-09-2026 07:31:29] [    info] [                ] Stopped resource basic-gamemode
[12-09-2026 07:31:29] [   error] [                ] Failed to ensure resource hardcap. Error: Resource "hardcap" not found
[12-09-2026 07:31:29] [    info] [                ] Starting resource baseevents
[12-09-2026 07:31:29] [    info] [                ] Started resource baseevents
[12-09-2026 07:31:29] [    info] [                ] Starting resource ox_lib
[12-09-2026 07:31:29] [    info] [                ] Started resource ox_lib
[12-09-2026 07:31:29] [    info] [                ] Starting resource qbx_core
[12-09-2026 07:31:30] [    info] [                ] Started resource qbx_core
[12-09-2026 07:31:30] [    info] [                ] Starting resource ox_target
[12-09-2026 07:31:30] [    info] [                ] Started resource ox_target
[12-09-2026 07:31:30] [    info] [                ] Starting resource ox_doorlock
[12-09-2026 07:31:30] [    info] [                ] Started resource ox_doorlock
[12-09-2026 07:31:30] [    info] [                ] Starting resource ox_fuel
[12-09-2026 07:31:30] [    info] [                ] Started resource ox_fuel
[12-09-2026 07:31:30] [    info] [                ] Starting resource qbx_adminmenu
[12-09-2026 07:31:30] [    info] [                ] Started resource qbx_adminmenu
[12-09-2026 07:31:30] [    info] [                ] Starting resource qbx_ambulancejob
[12-09-2026 07:31:30] [    info] [                ] Started resource qbx_ambulancejob
[12-09-2026 07:31:30] [    info] [                ] Starting resource qbx_bankrobbery
[12-09-2026 07:31:30] [    info] [                ] Started resource qbx_bankrobbery
[12-09-2026 07:31:30] [    info] [                ] Starting resource qbx_binoculars
[12-09-2026 07:31:30] [    info] [                ] Started resource qbx_binoculars
[12-09-2026 07:31:30] [    info] [                ] Starting resource qbx_busjob
[12-09-2026 07:31:30] [    info] [                ] Started resource qbx_busjob
[12-09-2026 07:31:30] [    info] [                ] Starting resource qbx_carwash
[12-09-2026 07:31:30] [    info] [                ] Started resource qbx_carwash
[12-09-2026 07:31:30] [    info] [                ] Starting resource qbx_chat_theme
[12-09-2026 07:31:30] [    info] [                ] Started resource qbx_chat_theme
[12-09-2026 07:31:30] [    info] [                ] Starting resource qbx_cityhall
[12-09-2026 07:31:30] [    info] [                ] Started resource qbx_cityhall
[12-09-2026 07:31:30] [    info] [                ] Starting resource qbx_customs
[12-09-2026 07:31:30] [    info] [                ] Started resource qbx_customs
[12-09-2026 07:31:30] [    info] [                ] Starting resource qbx_density
[12-09-2026 07:31:30] [    info] [                ] Started resource qbx_density
[12-09-2026 07:31:30] [    info] [                ] Starting resource qbx_divegear
[12-09-2026 07:31:30] [    info] [                ] Started resource qbx_divegear
[12-09-2026 07:31:30] [    info] [                ] Starting resource qbx_diving
[12-09-2026 07:31:30] [    info] [                ] Started resource qbx_diving
[12-09-2026 07:31:30] [    info] [                ] Starting resource qbx_drugs
[12-09-2026 07:31:30] [    info] [                ] Started resource qbx_drugs
[12-09-2026 07:31:30] [    info] [                ] Starting resource qbx_fireworks
[12-09-2026 07:31:30] [    info] [                ] Started resource qbx_fireworks
[12-09-2026 07:31:30] [    info] [                ] Starting resource qbx_garages
[12-09-2026 07:31:30] [    info] [                ] Started resource qbx_garages
[12-09-2026 07:31:30] [    info] [                ] Starting resource qbx_garbagejob
[12-09-2026 07:31:30] [    info] [                ] Started resource qbx_garbagejob
[12-09-2026 07:31:30] [    info] [                ] Starting resource qbx_houserobbery
[12-09-2026 07:31:30] [    info] [                ] Started resource qbx_houserobbery
[12-09-2026 07:31:30] [    info] [                ] Starting resource qbx_hud
[12-09-2026 07:31:30] [    info] [                ] Started resource qbx_hud
[12-09-2026 07:31:30] [    info] [                ] Starting resource qbx_idcard
[12-09-2026 07:31:30] [    info] [                ] Started resource qbx_idcard
[12-09-2026 07:31:30] [    info] [                ] Starting resource qbx_jewelery
[12-09-2026 07:31:30] [    info] [                ] Started resource qbx_jewelery
[12-09-2026 07:31:30] [    info] [                ] Starting resource qbx_lapraces
[12-09-2026 07:31:30] [    info] [                ] Started resource qbx_lapraces
[12-09-2026 07:31:30] [    info] [                ] Starting resource qbx_management
[12-09-2026 07:31:30] [    info] [                ] Started resource qbx_management
[12-09-2026 07:31:30] [    info] [                ] Starting resource qbx_mechanicjob
[12-09-2026 07:31:30] [    info] [                ] Started resource qbx_mechanicjob
[12-09-2026 07:31:30] [    info] [                ] Starting resource qbx_newsjob
[12-09-2026 07:31:30] [    info] [                ] Started resource qbx_newsjob
[12-09-2026 07:31:30] [    info] [                ] Starting resource qbx_pawnshop
[12-09-2026 07:31:30] [    info] [                ] Started resource qbx_pawnshop
[12-09-2026 07:31:30] [    info] [                ] Starting resource qbx_police
[12-09-2026 07:31:30] [    info] [                ] Started resource qbx_police
[12-09-2026 07:31:30] [    info] [                ] Starting resource qbx_properties
[12-09-2026 07:31:30] [    info] [                ] Started resource qbx_properties
[12-09-2026 07:31:30] [    info] [                ] Starting resource qbx_radialmenu
[12-09-2026 07:31:30] [    info] [                ] Started resource qbx_radialmenu
[12-09-2026 07:31:30] [    info] [                ] Starting resource qbx_recyclejob
[12-09-2026 07:31:30] [    info] [                ] Started resource qbx_recyclejob
[12-09-2026 07:31:30] [    info] [                ] Starting resource qbx_scoreboard
[12-09-2026 07:31:30] [    info] [                ] Started resource qbx_scoreboard
[12-09-2026 07:31:30] [    info] [                ] Starting resource qbx_scrapyard
[12-09-2026 07:31:30] [    info] [                ] Started resource qbx_scrapyard
[12-09-2026 07:31:30] [    info] [                ] Starting resource qbx_seatbelt
[12-09-2026 07:31:30] [    info] [                ] Started resource qbx_seatbelt
[12-09-2026 07:31:30] [    info] [                ] Starting resource qbx_smallresources
[12-09-2026 07:31:30] [    info] [qbx_smallresources] ^5[qbx_smallresources] ^3[WARN] [qbx_entitiesblacklist] You have entity blacklist enabled, this means that any entity that is blacklisted in config.lua will not be able to spawn, you can change this in qbx_smallresource/qbx_entitiesblacklist/config.lua^7
[12-09-2026 07:31:30] [    info] [                ] Started resource qbx_smallresources
[12-09-2026 07:31:30] [    info] [                ] Starting resource qbx_spawn
[12-09-2026 07:31:30] [    info] [                ] Started resource qbx_spawn
[12-09-2026 07:31:30] [    info] [                ] Starting resource qbx_storerobbery
[12-09-2026 07:31:30] [    info] [                ] Started resource qbx_storerobbery
[12-09-2026 07:31:30] [    info] [                ] Starting resource qbx_streetraces
[12-09-2026 07:31:30] [    info] [                ] Started resource qbx_streetraces
[12-09-2026 07:31:30] [    info] [                ] Starting resource qbx_taxijob
[12-09-2026 07:31:30] [    info] [                ] Started resource qbx_taxijob
[12-09-2026 07:31:30] [    info] [                ] Starting resource qbx_towjob
[12-09-2026 07:31:30] [    info] [                ] Started resource qbx_towjob
[12-09-2026 07:31:30] [    info] [                ] Starting resource qbx_truckerjob
[12-09-2026 07:31:30] [    info] [                ] Started resource qbx_truckerjob
[12-09-2026 07:31:30] [    info] [                ] Starting resource qbx_truckrobbery
[12-09-2026 07:31:30] [    info] [                ] Started resource qbx_truckrobbery
[12-09-2026 07:31:30] [    info] [                ] Starting resource qbx_vehiclekeys
[12-09-2026 07:31:30] [    info] [                ] Started resource qbx_vehiclekeys
[12-09-2026 07:31:30] [    info] [                ] Starting resource qbx_vehicles
[12-09-2026 07:31:30] [    info] [                ] Started resource qbx_vehicles
[12-09-2026 07:31:30] [    info] [                ] Starting resource qbx_vehiclesales
[12-09-2026 07:31:30] [    info] [                ] Started resource qbx_vehiclesales
[12-09-2026 07:31:30] [    info] [                ] Starting resource qbx_vehicleshop
[12-09-2026 07:31:30] [    info] [                ] Started resource qbx_vehicleshop
[12-09-2026 07:31:30] [    info] [                ] Starting resource qbx_vineyard
[12-09-2026 07:31:30] [    info] [                ] Started resource qbx_vineyard
[12-09-2026 07:31:30] [    info] [                ] Starting resource qbx_weed
[12-09-2026 07:31:30] [    info] [                ] Started resource qbx_weed
[12-09-2026 07:31:30] [    info] [                ] Starting resource bob74_ipl
[12-09-2026 07:31:30] [   error] [                ] Failed to start resource bob74_ipl. Error: Failed to generate cache for set: resource.rpf
[12-09-2026 07:31:30] [    info] [                ] Starting resource illenium-appearance
[12-09-2026 07:31:30] [    info] [                ] Started resource illenium-appearance
[12-09-2026 07:31:30] [    info] [                ] Starting resource loadscreen
[12-09-2026 07:31:30] [    info] [                ] Started resource loadscreen
[12-09-2026 07:31:30] [    info] [                ] Starting resource mana_audio
[12-09-2026 07:31:30] [    info] [                ] Started resource mana_audio
[12-09-2026 07:31:30] [    info] [                ] Starting resource mhacking
[12-09-2026 07:31:30] [    info] [                ] Started resource mhacking
[12-09-2026 07:31:30] [    info] [                ] Starting resource Renewed-Banking
[12-09-2026 07:31:30] [    info] [                ] Started resource Renewed-Banking
[12-09-2026 07:31:30] [    info] [                ] Starting resource Renewed-Weathersync
[12-09-2026 07:31:30] [    info] [                ] Started resource Renewed-Weathersync
[12-09-2026 07:31:30] [    info] [                ] Starting resource safecracker
[12-09-2026 07:31:30] [    info] [                ] Started resource safecracker
[12-09-2026 07:31:30] [    info] [                ] Starting resource screencapture
[12-09-2026 07:31:30] [    info] [                ] Started resource screencapture
[12-09-2026 07:31:30] [    info] [                ] Starting resource scully_emotemenu
[12-09-2026 07:31:31] [    info] [                ] Started resource scully_emotemenu
[12-09-2026 07:31:31] [    info] [                ] Starting resource ultra-voltlab
[12-09-2026 07:31:31] [    info] [                ] Started resource ultra-voltlab
[12-09-2026 07:31:31] [    info] [                ] Starting resource vehiclehandler
[12-09-2026 07:31:31] [    info] [                ] Started resource vehiclehandler
[12-09-2026 07:31:31] [    info] [                ] Starting resource xt-prison
[12-09-2026 07:31:31] [   error] [                ] Command jail is already registered.
[12-09-2026 07:31:31] [   error] [                ] Command unjail is already registered.
[12-09-2026 07:31:31] [    info] [                ] Started resource xt-prison
[12-09-2026 07:31:31] [    info] [                ] Starting resource mm_radio
[12-09-2026 07:31:31] [    info] [                ] Started resource mm_radio
[12-09-2026 07:31:31] [    info] [                ] Starting resource pillbox
[12-09-2026 07:31:31] [critical] [                ] The application has crashed!
