================================================================
======== txAdmin v9.0.0-beta-646aba9a atop fxserver 139 Starting - 12/9/2026, 7:19:47 am
================================================================
================================================================
======== txAdmin v9.0.0-beta-646aba9a atop fxserver 139 Starting - 12/9/2026, 1:41:08 pm
================================================================
[1:41:50 pm] txAdmin: Logger started
[2:18:43 pm] txAdmin: Logger started
[2:32:40 pm] txAdmin: Logger started
[2:36:39 pm] txAdmin: Logger started
[2:39:21 pm] txAdmin: Logger started
[2:41:30 pm] [JpLwH#1] NotAGirl: joined with identifiers [license:e12a…9cba, discord:1063…0600, fivem:8084825, license2:e12a…9cba]
[2:43:26 pm] [JpLwH#1] NotAGirl: disconnected (Game triggered: Shutdown)
================================================================
======== txAdmin v9.0.0-beta-646aba9a atop fxserver 139 Starting - 12/9/2026, 11:52:23 pm
================================================================
[11:53:00 pm] txAdmin: Logger started
[11:56:07 pm] [jFX8i#1] NotAGirl: joined with identifiers [license:e12a…9cba, fivem:8084825, license2:e12a…9cba]
[11:57:13 pm] [jFX8i#1] NotAGirl: said "/botrp_loading"
[11:58:38 pm] [jFX8i#1] NotAGirl: disconnected (Game triggered: Shutdown)
