================================================================
======== txAdmin v9.0.0-beta-646aba9a atop fxserver 139 Starting - 8/9/2026, 10:18:52 pm
================================================================
[10:23:22 pm] txAdmin: Logger started
[10:25:09 pm] [7wW3H#1] NotAGirl: joined with identifiers [license:e12a…9cba, fivem:8084825, license2:e12a…9cba]
[10:33:40 pm] [7wW3H#1] NotAGirl: disconnected (Client closed application.)
[10:42:22 pm] txAdmin: Logger started
[10:44:07 pm] [jpq4N#1] NotAGirl: joined with identifiers [license:e12a…9cba, fivem:8084825, license2:e12a…9cba]
[10:48:37 pm] txAdmin: Logger started
[10:50:24 pm] [TVY4n#1] NotAGirl: joined with identifiers [license:e12a…9cba, fivem:8084825, license2:e12a…9cba]
[10:53:40 pm] [TVY4n#1] NotAGirl: disconnected (Game triggered: Shutdown)
[11:11:27 pm] txAdmin: Logger started
[11:14:10 pm] txAdmin: Logger started
[11:16:08 pm] [rzHwW#1] NotAGirl: joined with identifiers [license:e12a…9cba, fivem:8084825, license2:e12a…9cba]
[11:18:07 pm] [rzHwW#1] NotAGirl: disconnected (Game triggered: Shutdown)
[11:36:24 pm] txAdmin: Logger started
[11:36:39 pm] txAdmin: Logger started
[11:39:25 pm] [zxHkz#1] NotAGirl: joined with identifiers [license:e12a…9cba, fivem:8084825, license2:e12a…9cba]
[11:49:13 pm] txAdmin: Logger started
[11:56:54 pm] [mkn3M#1] NotAGirl: joined with identifiers [license:e12a…9cba, fivem:8084825, license2:e12a…9cba]
